Component: ARM Compiler 5.06 update 6 (build 750) Tool: armlink [4d35ed]

==============================================================================

Section Cross References

    app.o(.text) refers to iwdg_driver.o(.text) for IWDG_Feed
    app.o(.text) refers to timer.o(.text) for TimerProc
    app.o(.text) refers to sys_time.o(.text) for sys_time_proc
    app.o(.text) refers to serial.o(.text) for Serial_CheckRcvIdleTime
    app.o(.text) refers to beep.o(.text) for RunToggle
    app.o(.text) refers to display.o(.text) for Disp_SecondTask
    app.o(.text) refers to cancmd.o(.text) for CanCcbSecondTask
    app.o(.text) refers to zb.o(.text) for zbSecondTask
    app.o(.text) refers to sapp.o(.text) for SHZNAPP_SerialUnknowProc
    app.o(.text) refers to keyboard.o(.text) for RegisterKey
    app.o(.text) refers to voslog.o(.text) for VOS_SetLogLevel
    app.o(.text) refers to uartcmd.o(.text) for UartCmdSetLogLevel
    app.o(.text) refers to gpio.o(.text) for stm32_gpio_init
    app.o(.text) refers to dica.o(.text) for Ioctrl_input_init
    app.o(.text) refers to relay.o(.text) for InitRelays
    app.o(.text) refers to osal_snv.o(.text) for osal_snv_init
    app.o(.text) refers to config.o(.text) for Config_Init
    app.o(.text) refers to lcd.o(.text) for LCD_Init
    app.o(.text) refers to cytma.o(.text) for CYTMA_Init
    app.o(.text) refers to msg.o(.text) for MessageAlloc
    app.o(.text) refers to bsp.o(.text) for BSP_Init
    app.o(.text) refers to task.o(.text) for VOS_CreateTask
    app.o(.text) refers to os_task.o(.text) for OSTaskNameSet
    app.o(.text) refers to os_time.o(.text) for OSTimeDlyHMSM
    app.o(.text) refers to cpu_a.o(.text) for CPU_IntDis
    app.o(.text) refers to misc.o(.text) for NVIC_SetVectorTable
    app.o(.text) refers to os_core.o(.text) for OSInit
    app.o(.text) refers to app.o(.data) for .data
    app.o(.text) refers to sapp.o(.data) for sappItfType
    app.o(.text) refers to sapp.o(.constdata) for sbRxBuf
    app.o(.text) refers to app.o(.bss) for .bss
    stm32f10x_it.o(.text) refers to os_cpu_a.o(.text) for OS_CPU_SR_Save
    stm32f10x_it.o(.text) refers to os_core.o(.text) for OSTimeTick
    stm32f10x_it.o(.text) refers to stm32f10x_can.o(.text) for CAN_GetITStatus
    stm32f10x_it.o(.text) refers to cancmd.o(.text) for SndCanData
    stm32f10x_it.o(.text) refers to msg.o(.text) for MessageAlloc
    stm32f10x_it.o(.text) refers to stm32f10x_usart.o(.text) for USART_GetITStatus
    stm32f10x_it.o(.text) refers to serial.o(.text) for Serial_FillRcvBuf
    stm32f10x_it.o(.text) refers to uartcmd.o(.text) for UartCmdPutData
    stm32f10x_it.o(.text) refers to stm32f10x_tim.o(.text) for TIM_GetITStatus
    stm32f10x_it.o(.text) refers to timer_driver.o(.text) for TIM_event_handler
    stm32f10x_it.o(.text) refers to stm32f10x_exti.o(.text) for EXTI_GetITStatus
    stm32f10x_it.o(.text) refers to gpio.o(.text) for sensor_event_handler
    stm32f10x_it.o(.text) refers to os_core.o(.data) for OSRunning
    stm32f10x_it.o(.text) refers to serial.o(.bss) for Serial
    stm32f10x_it.o(.text) refers to printf8.o(i.__0printf$8) for __2printf
    config.o(.text) refers to osal_snv.o(.text) for osal_snv_write
    config.o(.text) refers to memseta.o(.text) for __aeabi_memclr4
    config.o(.text) refers to memcmp.o(.text) for memcmp
    config.o(.text) refers to strcpy.o(.text) for strcpy
    config.o(.text) refers to memcpya.o(.text) for __aeabi_memcpy4
    config.o(.text) refers to sapp.o(.text) for SHZNAPP_SerialResp
    config.o(.text) refers to os_cpu_a.o(.text) for OS_CPU_SR_Save
    config.o(.text) refers to stm32f10x_flash.o(.text) for FLASH_Unlock
    config.o(.text) refers to iwdg_driver.o(.text) for IWDG_Feed
    config.o(.text) refers to serial.o(.text) for SerialInit
    config.o(.text) refers to rtc_driver.o(.text) for RTC_Set
    config.o(.text) refers to config.o(.constdata) for .constdata
    config.o(.text) refers to config.o(.data) for .data
    config.o(.text) refers to config.o(.bss) for .bss
    config.o(.text) refers to sapp.o(.constdata) for sbTxBuf
    config.o(.text) refers to sapp.o(.data) for sappItfPort
    config.o(.text) refers to rtc_driver.o(.bss) for timer
    config.o(.text) refers to beep.o(.text) for MainBeepWithDuration
    relay.o(.text) refers to gpio.o(.text) for stm32_gpio_cfgpin
    relay.o(.text) refers to memseta.o(.text) for __aeabi_memclr4
    relay.o(.text) refers to sys_time.o(.text) for sys_timeout
    relay.o(.text) refers to relay.o(.constdata) for .constdata
    relay.o(.text) refers to relay.o(.bss) for .bss
    dica.o(.text) refers to stm32f10x_gpio.o(.text) for GPIO_PinRemapConfig
    dica.o(.text) refers to stm32f10x_rcc.o(.text) for RCC_APB1PeriphClockCmd
    dica.o(.text) refers to stm32f10x_pwr.o(.text) for PWR_BackupAccessCmd
    dica.o(.text) refers to gpio.o(.text) for stm32_gpio_cfgpin
    dica.o(.text) refers to dica.o(.constdata) for .constdata
    beep.o(.text) refers to gpio.o(.text) for stm32_gpio_cfgpin
[...]
    RTC_GetFlagStatus                        0x080074d9   Thumb Code    18  stm32f10x_rtc.o(.text)
    RTC_ClearFlag                            0x080074eb   Thumb Code    12  stm32f10x_rtc.o(.text)
    RTC_GetITStatus                          0x080074f7   Thumb Code    28  stm32f10x_rtc.o(.text)
    RTC_ClearITPendingBit                    0x08007513   Thumb Code    12  stm32f10x_rtc.o(.text)
    FLASH_SetLatency                         0x08007525   Thumb Code    14  stm32f10x_flash.o(.text)
    FLASH_HalfCycleAccessCmd                 0x08007533   Thumb Code    18  stm32f10x_flash.o(.text)
    FLASH_PrefetchBufferCmd                  0x08007545   Thumb Code    18  stm32f10x_flash.o(.text)
    FLASH_Unlock                             0x08007557   Thumb Code    12  stm32f10x_flash.o(.text)
    FLASH_UnlockBank1                        0x08007563   Thumb Code    12  stm32f10x_flash.o(.text)
    FLASH_Lock                               0x0800756f   Thumb Code    12  stm32f10x_flash.o(.text)
    FLASH_LockBank1                          0x0800757b   Thumb Code    12  stm32f10x_flash.o(.text)
    FLASH_GetBank1Status                     0x08007587   Thumb Code    34  stm32f10x_flash.o(.text)
    FLASH_WaitForLastOperation               0x080075a9   Thumb Code    34  stm32f10x_flash.o(.text)
    FLASH_ErasePage                          0x080075cb   Thumb Code    60  stm32f10x_flash.o(.text)
    FLASH_EraseAllPages                      0x08007607   Thumb Code    56  stm32f10x_flash.o(.text)
    FLASH_WaitForLastBank1Operation          0x0800763f   Thumb Code    34  stm32f10x_flash.o(.text)
    FLASH_EraseAllBank1Pages                 0x08007661   Thumb Code    56  stm32f10x_flash.o(.text)
    FLASH_GetReadOutProtectionStatus         0x08007699   Thumb Code    14  stm32f10x_flash.o(.text)
    FLASH_EraseOptionBytes                   0x080076a7   Thumb Code   108  stm32f10x_flash.o(.text)
    FLASH_ProgramWord                        0x08007713   Thumb Code    76  stm32f10x_flash.o(.text)
    FLASH_ProgramHalfWord                    0x0800775f   Thumb Code    52  stm32f10x_flash.o(.text)
    FLASH_ProgramOptionByteData              0x08007793   Thumb Code    62  stm32f10x_flash.o(.text)
    FLASH_EnableWriteProtection              0x080077d1   Thumb Code   158  stm32f10x_flash.o(.text)
    FLASH_ReadOutProtection                  0x0800786f   Thumb Code   118  stm32f10x_flash.o(.text)
    FLASH_UserOptionByteConfig               0x080078e5   Thumb Code    96  stm32f10x_flash.o(.text)
    FLASH_GetUserOptionByte                  0x08007945   Thumb Code     8  stm32f10x_flash.o(.text)
    FLASH_GetWriteProtectionOptionByte       0x0800794d   Thumb Code     6  stm32f10x_flash.o(.text)
    FLASH_GetPrefetchBufferStatus            0x08007953   Thumb Code    14  stm32f10x_flash.o(.text)
    FLASH_ITConfig                           0x08007961   Thumb Code    18  stm32f10x_flash.o(.text)
    FLASH_GetFlagStatus                      0x08007973   Thumb Code    28  stm32f10x_flash.o(.text)
    FLASH_ClearFlag                          0x0800798f   Thumb Code     6  stm32f10x_flash.o(.text)
    FLASH_GetStatus                          0x08007995   Thumb Code    34  stm32f10x_flash.o(.text)
    CAN_DeInit                               0x080079bd   Thumb Code    38  stm32f10x_can.o(.text)
    CAN_Init                                 0x080079e3   Thumb Code   232  stm32f10x_can.o(.text)
    CAN_FilterInit                           0x08007acb   Thumb Code   194  stm32f10x_can.o(.text)
    CAN_StructInit                           0x08007b8d   Thumb Code    32  stm32f10x_can.o(.text)
    CAN_SlaveStartBank                       0x08007bad   Thumb Code    38  stm32f10x_can.o(.text)
    CAN_ITConfig                             0x08007bd3   Thumb Code    16  stm32f10x_can.o(.text)
    CAN_Transmit                             0x08007be3   Thumb Code   166  stm32f10x_can.o(.text)
    CAN_TransmitStatus                       0x08007c89   Thumb Code   118  stm32f10x_can.o(.text)
    CAN_CancelTransmit                       0x08007cff   Thumb Code    36  stm32f10x_can.o(.text)
    CAN_FIFORelease                          0x08007d23   Thumb Code    12  stm32f10x_can.o(.text)
    CAN_MessagePending                       0x08007d2f   Thumb Code    22  stm32f10x_can.o(.text)
    CAN_Receive                              0x08007d45   Thumb Code   138  stm32f10x_can.o(.text)
    CAN_DBGFreeze                            0x08007dcf   Thumb Code    20  stm32f10x_can.o(.text)
    CAN_Sleep                                0x08007de3   Thumb Code    30  stm32f10x_can.o(.text)
    CAN_WakeUp                               0x08007e01   Thumb Code    40  stm32f10x_can.o(.text)
    CAN_GetFlagStatus                        0x08007e29   Thumb Code    14  stm32f10x_can.o(.text)
    CAN_ClearFlag                            0x08007e37   Thumb Code     8  stm32f10x_can.o(.text)
    CAN_GetITStatus                          0x08007e3f   Thumb Code   142  stm32f10x_can.o(.text)
    CAN_ClearITPendingBit                    0x08007ecd   Thumb Code   136  stm32f10x_can.o(.text)
    IWDG_WriteAccessCmd                      0x08007f61   Thumb Code     6  stm32f10x_iwdg.o(.text)
    IWDG_SetPrescaler                        0x08007f67   Thumb Code     6  stm32f10x_iwdg.o(.text)
    IWDG_SetReload                           0x08007f6d   Thumb Code     6  stm32f10x_iwdg.o(.text)
    IWDG_ReloadCounter                       0x08007f73   Thumb Code    10  stm32f10x_iwdg.o(.text)
    IWDG_Enable                              0x08007f7d   Thumb Code    10  stm32f10x_iwdg.o(.text)
    IWDG_GetFlagStatus                       0x08007f87   Thumb Code    16  stm32f10x_iwdg.o(.text)
    USART_DeInit                             0x08007f9d   Thumb Code    96  stm32f10x_usart.o(.text)
    USART_Init                               0x08007ffd   Thumb Code   166  stm32f10x_usart.o(.text)
    USART_StructInit                         0x080080a3   Thumb Code    22  stm32f10x_usart.o(.text)
    USART_ClockInit                          0x080080b9   Thumb Code    30  stm32f10x_usart.o(.text)
    USART_ClockStructInit                    0x080080d7   Thumb Code    12  stm32f10x_usart.o(.text)
    USART_Cmd                                0x080080e3   Thumb Code    20  stm32f10x_usart.o(.text)
    USART_ITConfig                           0x080080f7   Thumb Code    48  stm32f10x_usart.o(.text)
    USART_DMACmd                             0x08008127   Thumb Code    16  stm32f10x_usart.o(.text)
    USART_SetAddress                         0x08008137   Thumb Code    16  stm32f10x_usart.o(.text)
    USART_WakeUpConfig                       0x08008147   Thumb Code    16  stm32f10x_usart.o(.text)
    USART_ReceiverWakeUpCmd                  0x08008157   Thumb Code    20  stm32f10x_usart.o(.text)
    USART_LINBreakDetectLengthConfig         0x0800816b   Thumb Code    16  stm32f10x_usart.o(.text)
    USART_LINCmd                             0x0800817b   Thumb Code    20  stm32f10x_usart.o(.text)
    USART_SendData                           0x0800818f   Thumb Code     8  stm32f10x_usart.o(.text)
    USART_ReceiveData                        0x08008197   Thumb Code     8  stm32f10x_usart.o(.text)
    USART_SendBreak                          0x0800819f   Thumb Code    10  stm32f10x_usart.o(.text)
    USART_SetGuardTime                       0x080081a9   Thumb Code    16  stm32f10x_usart.o(.text)
    USART_SetPrescaler                       0x080081b9   Thumb Code    16  stm32f10x_usart.o(.text)
    USART_SmartCardCmd                       0x080081c9   Thumb Code    20  stm32f10x_usart.o(.text)
    USART_SmartCardNACKCmd                   0x080081dd   Thumb Code    20  stm32f10x_usart.o(.text)
    USART_HalfDuplexCmd                      0x080081f1   Thumb Code    20  stm32f10x_usart.o(.text)
    USART_OverSampling8Cmd                   0x08008205   Thumb Code    20  stm32f10x_usart.o(.text)
    USART_OneBitMethodCmd                    0x08008219   Thumb Code    20  stm32f10x_usart.o(.text)
    USART_IrDAConfig                         0x0800822d   Thumb Code    16  stm32f10x_usart.o(.text)
    USART_IrDACmd                            0x0800823d   Thumb Code    20  stm32f10x_usart.o(.text)
    USART_GetFlagStatus                      0x08008251   Thumb Code    14  stm32f10x_usart.o(.text)
    USART_ClearFlag                          0x0800825f   Thumb Code     6  stm32f10x_usart.o(.text)
    USART_GetITStatus                        0x08008265   Thumb Code    62  stm32f10x_usart.o(.text)
    USART_ClearITPendingBit                  0x080082a3   Thumb Code    12  stm32f10x_usart.o(.text)
    NVIC_PriorityGroupConfig                 0x080082c5   Thumb Code    10  misc.o(.text)
    NVIC_Init                                0x080082cf   Thumb Code    94  misc.o(.text)
    NVIC_SetVectorTable                      0x0800832d   Thumb Code    14  misc.o(.text)
    NVIC_SystemLPConfig                      0x0800833b   Thumb Code    20  misc.o(.text)
    SysTick_CLKSourceConfig                  0x0800834f   Thumb Code    24  misc.o(.text)
    Reset_Handler                            0x08008375   Thumb Code     8  startup_stm32f10x_md.o(.text)
    ADC1_2_IRQHandler                        0x0800839f   Thumb Code     0  startup_stm32f10x_md.o(.text)
    DMA1_Channel1_IRQHandler                 0x0800839f   Thumb Code     0  startup_stm32f10x_md.o(.text)
    DMA1_Channel2_IRQHandler                 0x0800839f   Thumb Code     0  startup_stm32f10x_md.o(.text)
    DMA1_Channel3_IRQHandler                 0x0800839f   Thumb Code     0  startup_stm32f10x_md.o(.text)
    DMA1_Channel4_IRQHandler                 0x0800839f   Thumb Code     0  startup_stm32f10x_md.o(.text)
    DMA1_Channel5_IRQHandler                 0x0800839f   Thumb Code     0  startup_stm32f10x_md.o(.text)
    DMA1_Channel6_IRQHandler                 0x0800839f   Thumb Code     0  startup_stm32f10x_md.o(.text)
    DMA1_Channel7_IRQHandler                 0x0800839f   Thumb Code     0  startup_stm32f10x_md.o(.text)
    FLASH_IRQHandler                         0x0800839f   Thumb Code     0  startup_stm32f10x_md.o(.text)
    I2C1_ER_IRQHandler                       0x0800839f   Thumb Code     0  startup_stm32f10x_md.o(.text)
    I2C2_ER_IRQHandler                       0x0800839f   Thumb Code     0  startup_stm32f10x_md.o(.text)
    I2C2_EV_IRQHandler                       0x0800839f   Thumb Code     0  startup_stm32f10x_md.o(.text)
    PVD_IRQHandler                           0x0800839f   Thumb Code     0  startup_stm32f10x_md.o(.text)
    RCC_IRQHandler                           0x0800839f   Thumb Code     0  startup_stm32f10x_md.o(.text)
    RTCAlarm_IRQHandler                      0x0800839f   Thumb Code     0  startup_stm32f10x_md.o(.text)
    RTC_IRQHandler                           0x0800839f   Thumb Code     0  startup_stm32f10x_md.o(.text)
    TAMPER_IRQHandler                        0x0800839f   Thumb Code     0  startup_stm32f10x_md.o(.text)
    TIM1_BRK_IRQHandler                      0x0800839f   Thumb Code     0  startup_stm32f10x_md.o(.text)
    TIM1_TRG_COM_IRQHandler                  0x0800839f   Thumb Code     0  startup_stm32f10x_md.o(.text)
    USBWakeUp_IRQHandler                     0x0800839f   Thumb Code     0  startup_stm32f10x_md.o(.text)
    WWDG_IRQHandler                          0x0800839f   Thumb Code     0  startup_stm32f10x_md.o(.text)
    SystemInit                               0x08008451   Thumb Code    50  system_stm32f10x.o(.text)
    SystemCoreClockUpdate                    0x08008483   Thumb Code    86  system_stm32f10x.o(.text)
    GetcodeGB_24_LENGTH                      0x080084f5   Thumb Code     4  font.o(.text)
    GetcodeGB_16_LENGTH                      0x080084f9   Thumb Code     4  font.o(.text)
    GetcodeGB_48_LENGTH                      0x080084fd   Thumb Code     4  font.o(.text)
    InitMem                                  0x08008501   Thumb Code   150  memory.o(.text)
    AllocMem                                 0x08008597   Thumb Code   100  memory.o(.text)
    FreeMem                                  0x080085fb   Thumb Code    48  memory.o(.text)
    MemCheck                                 0x0800862b   Thumb Code     2  memory.o(.text)
    InitTimer                                0x08008639   Thumb Code    18  timer.o(.text)
    FreeTimerSlot                            0x0800864b   Thumb Code    10  timer.o(.text)
    RmvTimer                                 0x08008655   Thumb Code    26  timer.o(.text)
    CheckTimer                               0x0800866f   Thumb Code    20  timer.o(.text)
    ModTimer                                 0x08008683   Thumb Code    60  timer.o(.text)
    AddTimer                                 0x080086bf   Thumb Code    98  timer.o(.text)
    TimerProc                                0x08008721   Thumb Code   102  timer.o(.text)
    MessageQueueFull                         0x08008791   Thumb Code    32  msg.o(.text)
    MessageQueueEmpty                        0x080087b1   Thumb Code    16  msg.o(.text)
    MessageQueueInit                         0x080087c1   Thumb Code    42  msg.o(.text)
    createMessageQueue                       0x080087eb   Thumb Code    74  msg.o(.text)
    queueMessage                             0x08008835   Thumb Code    70  msg.o(.text)
    waitMessage                              0x0800887b   Thumb Code    80  msg.o(.text)
    MessageQueueDestroy                      0x080088cb   Thumb Code    52  msg.o(.text)
    MessageAlloc                             0x080088ff   Thumb Code    36  msg.o(.text)
    MessageFree                              0x08008923   Thumb Code    10  msg.o(.text)
    MessageSend                              0x0800892d   Thumb Code    60  msg.o(.text)
    VOS_TaskInit                             0x08008971   Thumb Code    14  task.o(.text)
    VOS_TaskEntry                            0x0800897f   Thumb Code    24  task.o(.text)
    VOS_CreateTask                           0x08008997   Thumb Code   152  task.o(.text)
    VOS_DestroyTask                          0x08008a2f   Thumb Code    40  task.o(.text)
    VOS_GetTaskByPid                         0x08008a57   Thumb Code    20  task.o(.text)
    VOS_GetTaskQueueByPid                    0x08008a6b   Thumb Code    24  task.o(.text)
    VOS_logger                               0x08008a8d   Thumb Code    46  voslog.o(.text)
    VOS_SetLogLevel                          0x08008abb   Thumb Code    10  voslog.o(.text)
    keyboard_get_keystate                    0x08008af5   Thumb Code    30  keyboard.o(.text)
    keyboard_get_linestate                   0x08008b13   Thumb Code     6  keyboard.o(.text)
    KeyboardInit                             0x08008b19   Thumb Code    18  keyboard.o(.text)
    keyboard_report                          0x08008b2b   Thumb Code    34  keyboard.o(.text)
    keyboard_to                              0x08008b4d   Thumb Code    56  keyboard.o(.text)
    keyboard_sh                              0x08008b85   Thumb Code    74  keyboard.o(.text)
    RegisterKey                              0x08008bcf   Thumb Code   156  keyboard.o(.text)
    UnregisterKey                            0x08008c6b   Thumb Code    94  keyboard.o(.text)
    stm32_gpio_cfgpin                        0x08008db1   Thumb Code    34  gpio.o(.text)
    stm32_gpio_getcfg                        0x08008dd3   Thumb Code    28  gpio.o(.text)
    stm32_gpio_get_value                     0x08008def   Thumb Code    26  gpio.o(.text)
    stm32_gpio_set_value                     0x08008e09   Thumb Code    30  gpio.o(.text)
    stm32_gpio_toggle_value                  0x08008e27   Thumb Code    26  gpio.o(.text)
    stm32_gpio_cfg_irq                       0x08008e41   Thumb Code   130  gpio.o(.text)
    stm32_gpio_disable_irq                   0x08008ec3   Thumb Code    34  gpio.o(.text)
    stm32_gpio_enable_irq                    0x08008ee5   Thumb Code    60  gpio.o(.text)
    stm32_gpio_get_ext_state                 0x08008f21   Thumb Code    26  gpio.o(.text)
    stm32_gpio_get_ext_line                  0x08008f3b   Thumb Code    14  gpio.o(.text)
    CheckSensor                              0x08008f49   Thumb Code    20  gpio.o(.text)
    InstallSensorHandler                     0x08008f5d   Thumb Code   118  gpio.o(.text)
    UninstallSensorHandler                   0x08008fd3   Thumb Code    48  gpio.o(.text)
    UninstallSingleSensorHandler             0x08009003   Thumb Code    68  gpio.o(.text)
    sensor_event_handler                     0x08009047   Thumb Code   106  gpio.o(.text)
    stm32_gpio_init                          0x080090b1   Thumb Code    26  gpio.o(.text)
    SysTick_Configuration                    0x080090e9   Thumb Code    80  bsp.o(.text)
    BSP_Init                                 0x08009139   Thumb Code    48  bsp.o(.text)
    BSP_IntDisAll                            0x08009169   Thumb Code     2  bsp.o(.text)
    SysTick_DelayUs                          0x0800916b   Thumb Code    62  bsp.o(.text)
    SysTick_DelayMs                          0x080091a9   Thumb Code    44  bsp.o(.text)
    STM_EVAL_CANInit                         0x08009201   Thumb Code   178  can_driver.o(.text)
    CANSendMsgNoWait                         0x080092b3   Thumb Code    96  can_driver.o(.text)
    STM32_CANSendMsgNoWait                   0x08009313   Thumb Code   112  can_driver.o(.text)
    IWDG_Init                                0x08009391   Thumb Code    50  iwdg_driver.o(.text)
    IWDG_Feed                                0x080093c3   Thumb Code     4  iwdg_driver.o(.text)
    IWDG_Stop                                0x080093c7   Thumb Code     6  iwdg_driver.o(.text)
    IWDG_Start                               0x080093cd   Thumb Code    20  iwdg_driver.o(.text)
    RTC_InitBackupRegister                   0x080093e1   Thumb Code    26  rtc_driver.o(.text)
    RTC_ReadBackup                           0x080093fb   Thumb Code    70  rtc_driver.o(.text)
    RTC_WriteBackup                          0x08009441   Thumb Code    90  rtc_driver.o(.text)
    Is_Leap_Year                             0x0800949b   Thumb Code    38  rtc_driver.o(.text)
    RTC_Set                                  0x080094c1   Thumb Code   190  rtc_driver.o(.text)
    RTC_Config                               0x0800957f   Thumb Code   224  rtc_driver.o(.text)
    RTC_Calc_Second                          0x0800965f   Thumb Code   160  rtc_driver.o(.text)
    RTC_Get_Week                             0x080096ff   Thumb Code    78  rtc_driver.o(.text)
    RTC_Get_Helper                           0x0800974d   Thumb Code   234  rtc_driver.o(.text)
    RTC_Get                                  0x08009837   Thumb Code    16  rtc_driver.o(.text)
    RTC_Get_Second                           0x08009847   Thumb Code     4  rtc_driver.o(.text)
    RTC_Calibrate                            0x0800984b   Thumb Code     4  rtc_driver.o(.text)
    TIM_Init_CMP                             0x08009855   Thumb Code   232  timer_driver.o(.text)
    TIM_Init_PWM                             0x0800993d   Thumb Code   528  timer_driver.o(.text)
    TIM_PwmStart                             0x08009b4d   Thumb Code    26  timer_driver.o(.text)
    TIM_PwmStop                              0x08009b67   Thumb Code    32  timer_driver.o(.text)
    TIM_Init_General                         0x08009b87   Thumb Code   246  timer_driver.o(.text)
    TIM_Init_ETR                             0x08009c7d   Thumb Code   386  timer_driver.o(.text)
    TIM_SwitchOuputMode                      0x08009dff   Thumb Code    36  timer_driver.o(.text)
    TIM_InstallHandler                       0x08009e23   Thumb Code    50  timer_driver.o(.text)
    TIM_UninstallHandler                     0x08009e55   Thumb Code    38  timer_driver.o(.text)
    TIM_event_handler                        0x08009e7b   Thumb Code    30  timer_driver.o(.text)
    sys_arch_timeouts                        0x08009eb5   Thumb Code     4  sys_time.o(.text)
    __sys_untimeout                          0x08009eb9   Thumb Code    50  sys_time.o(.text)
    sys_untimeout                            0x08009eeb   Thumb Code    30  sys_time.o(.text)
    __sys_timeout                            0x08009f09   Thumb Code    66  sys_time.o(.text)
    sys_timeout                              0x08009f4b   Thumb Code    58  sys_time.o(.text)
    sys_time_match                           0x08009f85   Thumb Code    24  sys_time.o(.text)
    sys_time_ticking                         0x08009f9d   Thumb Code    28  sys_time.o(.text)
    sys_time_proc                            0x08009fb9   Thumb Code    68  sys_time.o(.text)
    sys_inittime                             0x08009ffd   Thumb Code     8  sys_time.o(.text)
    STM_EVAL_COMInit                         0x0800a009   Thumb Code   154  serial_driver.o(.text)
    FLASH_PagesMask                          0x0800a0a9   Thumb Code    20  common.o(.text)
    HAL_SYSTEM_RESET                         0x0800a0bd   Thumb Code    20  common.o(.text)
    FLASH_DisableWriteProtectionPages        0x0800a0d1   Thumb Code   108  common.o(.text)
    FLASH_Prepare                            0x0800a13d   Thumb Code    36  common.o(.text)
    checkRC                                  0x0800a161   Thumb Code    22  common.o(.text)
    GetDeviceElecId                          0x0800a177   Thumb Code    24  common.o(.text)
    CmpDeviceElecId                          0x0800a18f   Thumb Code    36  common.o(.text)
    HashDeviceElecId                         0x0800a1b3   Thumb Code    24  common.o(.text)
    Flash_IsProtected                        0x0800a1cb   Thumb Code    12  common.o(.text)
    osal_snv_reset                           0x0800a44f   Thumb Code    40  osal_snv.o(.text)
    osal_snv_init                            0x0800a477   Thumb Code    20  osal_snv.o(.text)
    osal_snv_write                           0x0800a48b   Thumb Code   220  osal_snv.o(.text)
    osal_snv_read                            0x0800a567   Thumb Code    40  osal_snv.o(.text)
    osal_snv_compact                         0x0800a58f   Thumb Code    46  osal_snv.o(.text)
    OS_CPU_SR_Save                           0x0800a659   Thumb Code     0  os_cpu_a.o(.text)
    OS_CPU_SR_Restore                        0x0800a661   Thumb Code     0  os_cpu_a.o(.text)
    OSStartHighRdy                           0x0800a667   Thumb Code     0  os_cpu_a.o(.text)
    OSCtxSw                                  0x0800a687   Thumb Code     0  os_cpu_a.o(.text)
    OSIntCtxSw                               0x0800a691   Thumb Code     0  os_cpu_a.o(.text)
    PendSV_Handler                           0x0800a69b   Thumb Code     0  os_cpu_a.o(.text)
    CPU_IntDis                               0x0800a701   Thumb Code     0  cpu_a.o(.text)
    CPU_IntEn                                0x0800a705   Thumb Code     0  cpu_a.o(.text)
    CPU_SR_Save                              0x0800a709   Thumb Code     0  cpu_a.o(.text)
    CPU_SR_Restore                           0x0800a711   Thumb Code     0  cpu_a.o(.text)
    OS_StrCopy                               0x0800a719   Thumb Code    28  os_core.o(.text)
    OSEventNameGet                           0x0800a735   Thumb Code    96  os_core.o(.text)
    OS_StrLen                                0x0800a795   Thumb Code    20  os_core.o(.text)
    OSEventNameSet                           0x0800a7a9   Thumb Code   106  os_core.o(.text)
    OS_TaskIdle                              0x0800a813   Thumb Code    22  os_core.o(.text)
    OS_MemClr                                0x0800a829   Thumb Code    18  os_core.o(.text)
    OSInit                                   0x0800a83b   Thumb Code   240  os_core.o(.text)
    OSIntEnter                               0x0800a92b   Thumb Code    20  os_core.o(.text)
    OSIntExit                                0x0800a961   Thumb Code    76  os_core.o(.text)
    OSSchedLock                              0x0800a9ad   Thumb Code    38  os_core.o(.text)
    OS_Sched                                 0x0800a9d3   Thumb Code    58  os_core.o(.text)
    OSSchedUnlock                            0x0800aa0d   Thumb Code    52  os_core.o(.text)
    OSStart                                  0x0800aa41   Thumb Code    38  os_core.o(.text)
    OSTimeTick                               0x0800aa67   Thumb Code   130  os_core.o(.text)
    OSVersion                                0x0800aae9   Thumb Code     6  os_core.o(.text)
    OS_Dummy                                 0x0800aaef   Thumb Code     2  os_core.o(.text)
    OS_EventTaskRdy                          0x0800aaf1   Thumb Code   148  os_core.o(.text)
    OS_EventTaskWait                         0x0800ab85   Thumb Code    68  os_core.o(.text)
    OS_EventTOAbort                          0x0800abc9   Thumb Code    50  os_core.o(.text)
    OS_EventWaitListInit                     0x0800abfb   Thumb Code    22  os_core.o(.text)
    OS_MemCopy                               0x0800ac11   Thumb Code    20  os_core.o(.text)
    OS_TaskStatStkChk                        0x0800ac25   Thumb Code    50  os_core.o(.text)
    OS_TCBInit                               0x0800ac57   Thumb Code   210  os_core.o(.text)
    OSMboxAccept                             0x0800ad31   Thumb Code    34  os_mbox.o(.text)
    OSMboxCreate                             0x0800ad53   Thumb Code    60  os_mbox.o(.text)
    OSMboxDel                                0x0800ad8f   Thumb Code   210  os_mbox.o(.text)
    OSMboxPend                               0x0800ae61   Thumb Code   196  os_mbox.o(.text)
    OSMboxPendAbort                          0x0800af25   Thumb Code   118  os_mbox.o(.text)
    OSMboxPost                               0x0800af9b   Thumb Code    88  os_mbox.o(.text)
    OSMboxPostOpt                            0x0800aff3   Thumb Code   120  os_mbox.o(.text)
    OSMboxQuery                              0x0800b06b   Thumb Code    78  os_mbox.o(.text)
    OSTaskChangePrio                         0x0800b0c9   Thumb Code   304  os_task.o(.text)
    OSTaskCreate                             0x0800b1f9   Thumb Code   132  os_task.o(.text)
    OS_TaskStkClr                            0x0800b27d   Thumb Code    22  os_task.o(.text)
    OSTaskCreateExt                          0x0800b293   Thumb Code   152  os_task.o(.text)
    OSTaskDel                                0x0800b32b   Thumb Code   292  os_task.o(.text)
    OSTaskDelReq                             0x0800b44f   Thumb Code    88  os_task.o(.text)
    OSTaskNameGet                            0x0800b4a7   Thumb Code   156  os_task.o(.text)
    OSTaskNameSet                            0x0800b543   Thumb Code   130  os_task.o(.text)
    OSTaskResume                             0x0800b5c5   Thumb Code   128  os_task.o(.text)
    OSTaskStkChk                             0x0800b645   Thumb Code   126  os_task.o(.text)
    OSTaskSuspend                            0x0800b6c3   Thumb Code   146  os_task.o(.text)
    OSTaskQuery                              0x0800b755   Thumb Code    94  os_task.o(.text)
    OSTimeDly                                0x0800b7cd   Thumb Code    74  os_time.o(.text)
    OSTimeDlyHMSM                            0x0800b817   Thumb Code   128  os_time.o(.text)
    OSTimeDlyResume                          0x0800b897   Thumb Code   134  os_time.o(.text)
    OSTimeGet                                0x0800b91d   Thumb Code    18  os_time.o(.text)
    OSTimeSet                                0x0800b92f   Thumb Code    20  os_time.o(.text)
    Config_GetAddress                        0x0800b96f   Thumb Code    30  sapp.o(.text)
    Config_SetAddress                        0x0800b995   Thumb Code    56  sapp.o(.text)
    SHZNAPP_SerialAppProc                    0x0800b9cd   Thumb Code   166  sapp.o(.text)
    SHZNAPP_SerialBootProc                   0x0800ba73   Thumb Code   198  sapp.o(.text)
    SHZNAPP_SerialUnknowProc                 0x0800bb39   Thumb Code    30  sapp.o(.text)
    SHZNAPP_SerialResp                       0x0800bb57   Thumb Code    68  sapp.o(.text)
    SHZNAPP_SerialParse                      0x0800bb9b   Thumb Code   150  sapp.o(.text)
    SHZNAPP_CanParse                         0x0800bc31   Thumb Code   114  sapp.o(.text)
    SHZNAPP_SetTgtType                       0x0800bca3   Thumb Code     6  sapp.o(.text)
    SHZNAPP_SerialInit                       0x0800bca9   Thumb Code    18  sapp.o(.text)
    DrawBitmap                               0x0800bd05   Thumb Code   242  bmp.o(.text)
    BtnCreateButton                          0x0800bdfb   Thumb Code    70  button.o(.text)
    BtnDestoryButton                         0x0800be41   Thumb Code    40  button.o(.text)
    BtnHitTest                               0x0800be69   Thumb Code    38  button.o(.text)
    BtnShow                                  0x0800bf73   Thumb Code    28  button.o(.text)
    BtnTouchEventEntry                       0x0800bf8f   Thumb Code    50  button.o(.text)
    BtnInit                                  0x0800bfc1   Thumb Code    38  button.o(.text)
    VOS_CreateSem                            0x0800c019   Thumb Code    24  vos.o(.text)
    VOS_SemP                                 0x0800c031   Thumb Code    16  vos.o(.text)
    VOS_SemV                                 0x0800c041   Thumb Code    24  vos.o(.text)
    VOS_DestroySem                           0x0800c059   Thumb Code    20  vos.o(.text)
    Version_CopyrightPins                    0x0800c06d   Thumb Code    58  version.o(.text)
    Version_CopyrightPIdMustSet              0x0800c0a7   Thumb Code    30  version.o(.text)
    Version_CopyrightPIdMustCheck            0x0800c0c5   Thumb Code    78  version.o(.text)
    Version_Copyright                        0x0800c113   Thumb Code    24  version.o(.text)
    CopyRight_Init                           0x0800c139   Thumb Code    22  copyright.o(.text)
    CopyRight_return_type                    0x0800c14f   Thumb Code    84  copyright.o(.text)
    CopyRight_VersionCheck                   0x0800c1a3   Thumb Code    14  copyright.o(.text)
    halAssertHandler                         0x0800c1b9   Thumb Code     2  hal_assert.o(.text)
    halAssertHazardLights                    0x0800c1bb   Thumb Code     2  hal_assert.o(.text)
    HalFlashRead                             0x0800c1bd   Thumb Code    26  hal_flash.o(.text)
    HalFlashWrite                            0x0800c1d7   Thumb Code    66  hal_flash.o(.text)
    HalFlashErase                            0x0800c219   Thumb Code    38  hal_flash.o(.text)
    OSInitHookBegin                          0x0800c23f   Thumb Code     2  os_cpu_c.o(.text)
    OSInitHookEnd                            0x0800c241   Thumb Code     2  os_cpu_c.o(.text)
    OSTaskCreateHook                         0x0800c243   Thumb Code     4  os_cpu_c.o(.text)
    OSTaskDelHook                            0x0800c247   Thumb Code     4  os_cpu_c.o(.text)
    OSTaskIdleHook                           0x0800c24b   Thumb Code     4  os_cpu_c.o(.text)
    OSTaskStatHook                           0x0800c24f   Thumb Code     4  os_cpu_c.o(.text)
    OSTaskStkInit                            0x0800c253   Thumb Code   114  os_cpu_c.o(.text)
    OSTaskSwHook                             0x0800c2c5   Thumb Code     4  os_cpu_c.o(.text)
    OSTCBInitHook                            0x0800c2c9   Thumb Code     4  os_cpu_c.o(.text)
    OSTimeTickHook                           0x0800c2cd   Thumb Code     4  os_cpu_c.o(.text)
    OSFlagAccept                             0x0800c2d1   Thumb Code   162  os_flag.o(.text)
    OSFlagCreate                             0x0800c373   Thumb Code    72  os_flag.o(.text)
    OS_FlagUnlink                            0x0800c3bb   Thumb Code    32  os_flag.o(.text)
    OSFlagDel                                0x0800c423   Thumb Code   196  os_flag.o(.text)
    OSFlagNameGet                            0x0800c4e7   Thumb Code    88  os_flag.o(.text)
    OSFlagNameSet                            0x0800c53f   Thumb Code   100  os_flag.o(.text)
    OSFlagPend                               0x0800c5f9   Thumb Code   380  os_flag.o(.text)
    OSFlagPendGetFlagsRdy                    0x0800c775   Thumb Code    20  os_flag.o(.text)
    OSFlagPost                               0x0800c789   Thumb Code   188  os_flag.o(.text)
    OSFlagQuery                              0x0800c845   Thumb Code    46  os_flag.o(.text)
    OS_FlagInit                              0x0800c873   Thumb Code    64  os_flag.o(.text)
    OSSemAccept                              0x0800c8c1   Thumb Code    36  os_sem.o(.text)
    OSSemCreate                              0x0800c8e5   Thumb Code    60  os_sem.o(.text)
    OSSemDel                                 0x0800c921   Thumb Code   210  os_sem.o(.text)
    OSSemPend                                0x0800c9f3   Thumb Code   168  os_sem.o(.text)
    OSSemPendAbort                           0x0800ca9b   Thumb Code   118  os_sem.o(.text)
    OSSemPost                                0x0800cb11   Thumb Code    88  os_sem.o(.text)
    OSSemQuery                               0x0800cb69   Thumb Code    78  os_sem.o(.text)
    OSSemSet                                 0x0800cbb7   Thumb Code    60  os_sem.o(.text)
    __rt_ctype_table                         0x0800cc05   Thumb Code     4  ctype_o.o(.text)
    rand                                     0x0800cc0d   Thumb Code    20  rand.o(.text)
    srand                                    0x0800cc21   Thumb Code     6  rand.o(.text)
    __aeabi_memcpy                           0x0800cc31   Thumb Code    36  memcpya.o(.text)
    __aeabi_memcpy4                          0x0800cc31   Thumb Code     0  memcpya.o(.text)
    __aeabi_memcpy8                          0x0800cc31   Thumb Code     0  memcpya.o(.text)
    __aeabi_memset                           0x0800cc55   Thumb Code    14  memseta.o(.text)
    __aeabi_memset4                          0x0800cc55   Thumb Code     0  memseta.o(.text)
    __aeabi_memset8                          0x0800cc55   Thumb Code     0  memseta.o(.text)
    __aeabi_memclr                           0x0800cc63   Thumb Code     4  memseta.o(.text)
    __aeabi_memclr4                          0x0800cc63   Thumb Code     0  memseta.o(.text)
    __aeabi_memclr8                          0x0800cc63   Thumb Code     0  memseta.o(.text)
    _memset$wrapper                          0x0800cc67   Thumb Code    18  memseta.o(.text)
    strchr                                   0x0800cc79   Thumb Code    20  strchr.o(.text)
    strlen                                   0x0800cc8d   Thumb Code    14  strlen.o(.text)
    strcmp                                   0x0800cc9b   Thumb Code    28  strcmp.o(.text)
    memcmp                                   0x0800ccb7   Thumb Code    26  memcmp.o(.text)
    strcpy                                   0x0800ccd1   Thumb Code    18  strcpy.o(.text)
    strncmp                                  0x0800cce3   Thumb Code    30  strncmp.o(.text)
    atoi                                     0x0800cd01   Thumb Code    26  atoi.o(.text)
    __aeabi_fmul                             0x0800cd1b   Thumb Code   100  fmul.o(.text)
    __aeabi_fdiv                             0x0800cd7f   Thumb Code   124  fdiv.o(.text)
    __aeabi_dadd                             0x0800cdfb   Thumb Code   322  dadd.o(.text)
    __aeabi_dsub                             0x0800cf3d   Thumb Code     6  dadd.o(.text)
    __aeabi_drsub                            0x0800cf43   Thumb Code     6  dadd.o(.text)
    __aeabi_dmul                             0x0800cf49   Thumb Code   228  dmul.o(.text)
    __aeabi_i2d                              0x0800d02d   Thumb Code    34  dflti.o(.text)
    __aeabi_ui2d                             0x0800d04f   Thumb Code    26  dfltui.o(.text)
    __aeabi_f2iz                             0x0800d069   Thumb Code    50  ffixi.o(.text)
    __aeabi_d2iz                             0x0800d09b   Thumb Code    62  dfixi.o(.text)
    __aeabi_f2d                              0x0800d0d9   Thumb Code    38  f2d.o(.text)
    __aeabi_cdcmpeq                          0x0800d101   Thumb Code     0  cdcmple.o(.text)
    __aeabi_cdcmple                          0x0800d101   Thumb Code    48  cdcmple.o(.text)
    __aeabi_cdrcmple                         0x0800d131   Thumb Code    48  cdrcmple.o(.text)
    __aeabi_uidiv                            0x0800d161   Thumb Code     0  uidiv.o(.text)
    __aeabi_uidivmod                         0x0800d161   Thumb Code    44  uidiv.o(.text)
    __aeabi_uldivmod                         0x0800d18d   Thumb Code    98  uldiv.o(.text)
    __aeabi_llsl                             0x0800d1ef   Thumb Code    30  llshl.o(.text)
    _ll_shift_l                              0x0800d1ef   Thumb Code     0  llshl.o(.text)
    __aeabi_llsr                             0x0800d20d   Thumb Code    32  llushr.o(.text)
    _ll_ushift_r                             0x0800d20d   Thumb Code     0  llushr.o(.text)
    __aeabi_lasr                             0x0800d22d   Thumb Code    36  llsshr.o(.text)
    _ll_sshift_r                             0x0800d22d   Thumb Code     0  llsshr.o(.text)
    strtol                                   0x0800d251   Thumb Code   112  strtol.o(.text)
    __I$use$fp                               0x0800d2c1   Thumb Code     0  iusefp.o(.text)
    _float_round                             0x0800d2c1   Thumb Code    18  fepilogue.o(.text)
    _float_epilogue                          0x0800d2d3   Thumb Code    92  fepilogue.o(.text)
    _double_round                            0x0800d32f   Thumb Code    30  depilogue.o(.text)
    _double_epilogue                         0x0800d34d   Thumb Code   156  depilogue.o(.text)
    __aeabi_ddiv                             0x0800d3e9   Thumb Code   222  ddiv.o(.text)
    __aeabi_d2ulz                            0x0800d4c7   Thumb Code    48  dfixul.o(.text)
    __scatterload                            0x0800d4f9   Thumb Code    28  init.o(.text)
    __scatterload_rt2                        0x0800d4f9   Thumb Code     0  init.o(.text)
    _strtoul                                 0x0800d51d   Thumb Code   158  _strtoul.o(.text)
    __ARM_scalbn                             0x0800d5bb   Thumb Code    46  dscalb.o(.text)
    scalbn                                   0x0800d5bb   Thumb Code     0  dscalb.o(.text)
    _chval                                   0x0800d5e9   Thumb Code    28  _chval.o(.text)
    __decompress                             0x0800d605   Thumb Code     0  __dczerorl2.o(.text)
    __decompress1                            0x0800d605   Thumb Code    86  __dczerorl2.o(.text)
    __0printf$8                              0x0800d65d   Thumb Code    22  printf8.o(i.__0printf$8)
    __1printf$8                              0x0800d65d   Thumb Code     0  printf8.o(i.__0printf$8)
    __2printf                                0x0800d65d   Thumb Code     0  printf8.o(i.__0printf$8)
    __0sprintf$8                             0x0800d67d   Thumb Code    34  printf8.o(i.__0sprintf$8)
    __1sprintf$8                             0x0800d67d   Thumb Code     0  printf8.o(i.__0sprintf$8)
    __2sprintf                               0x0800d67d   Thumb Code     0  printf8.o(i.__0sprintf$8)
    __0vprintf                               0x0800d6a5   Thumb Code     8  printfa.o(i.__0vprintf)
    __1vprintf                               0x0800d6a5   Thumb Code     0  printfa.o(i.__0vprintf)
    __2vprintf                               0x0800d6a5   Thumb Code     0  printfa.o(i.__0vprintf)
    __c89vprintf                             0x0800d6a5   Thumb Code     0  printfa.o(i.__0vprintf)
    vprintf                                  0x0800d6a5   Thumb Code     0  printfa.o(i.__0vprintf)
    __0vsprintf                              0x0800d6b5   Thumb Code    30  printfa.o(i.__0vsprintf)
    __1vsprintf                              0x0800d6b5   Thumb Code     0  printfa.o(i.__0vsprintf)
    __2vsprintf                              0x0800d6b5   Thumb Code     0  printfa.o(i.__0vsprintf)
    __c89vsprintf                            0x0800d6b5   Thumb Code     0  printfa.o(i.__0vsprintf)
    vsprintf                                 0x0800d6b5   Thumb Code     0  printfa.o(i.__0vsprintf)
    __ARM_fpclassify                         0x0800d6d9   Thumb Code    40  fpclassify.o(i.__ARM_fpclassify)
    __aeabi_errno_addr                       0x0800d701   Thumb Code     4  errno.o(i.__aeabi_errno_addr)
    __rt_errno_addr                          0x0800d701   Thumb Code     0  errno.o(i.__aeabi_errno_addr)
    __ieee754_rem_pio2                       0x0800d709   Thumb Code   828  rred.o(i.__ieee754_rem_pio2)
    __kernel_cos                             0x0800da91   Thumb Code   230  cos_i.o(i.__kernel_cos)
    __kernel_poly                            0x0800db8d   Thumb Code   170  poly.o(i.__kernel_poly)
    __kernel_sin                             0x0800dc39   Thumb Code   224  sin_i.o(i.__kernel_sin)
    __mathlib_dbl_infnan                     0x0800dd25   Thumb Code     6  dunder.o(i.__mathlib_dbl_infnan)
    __mathlib_dbl_invalid                    0x0800dd2b   Thumb Code    12  dunder.o(i.__mathlib_dbl_invalid)
    __mathlib_dbl_underflow                  0x0800dd39   Thumb Code    10  dunder.o(i.__mathlib_dbl_underflow)
    __scatterload_copy                       0x0800dd49   Thumb Code    14  handlers.o(i.__scatterload_copy)
    __scatterload_null                       0x0800dd57   Thumb Code     2  handlers.o(i.__scatterload_null)
    __scatterload_zeroinit                   0x0800dd59   Thumb Code    14  handlers.o(i.__scatterload_zeroinit)
    __set_errno                              0x0800dd69   Thumb Code     6  errno.o(i.__set_errno)
    cos                                      0x0800ea9d   Thumb Code   148  cos.o(i.cos)
    sin                                      0x0800eb39   Thumb Code   150  sin.o(i.sin)
    LocalCfgOffset                           0x0800ebd8   Data           1  config.o(.constdata)
    LocalCfgSize                             0x0800ebd9   Data           1  config.o(.constdata)
    version                                  0x0800ebda   Data          19  config.o(.constdata)
    dtype                                    0x0800ebed   Data           9  config.o(.constdata)
    relays                                   0x0800ebf6   Data           2  relay.o(.constdata)
    aRelayDefaults                           0x0800ebf8   Data           2  relay.o(.constdata)
    inputs                                   0x0800ebfa   Data           1  dica.o(.constdata)
    Serial_DataBits                          0x0800ebfc   Data           4  serial.o(.constdata)
    Serial_StopBits                          0x0800ec00   Data           6  serial.o(.constdata)
    Serial_Parity                            0x0800ec06   Data           6  serial.o(.constdata)
    bmpcirculate                             0x0800ec70   Data        1246  display.o(.constdata)
    bmpbtnclick                              0x0800f14e   Data        1246  display.o(.constdata)
    bmptakewater                             0x0800f62c   Data        1246  display.o(.constdata)
    bmpTWInc                                 0x0800fb0a   Data        1246  display.o(.constdata)
    bmpTWDec                                 0x0800ffe8   Data        1246  display.o(.constdata)
    bmpSpeedInc                              0x080104c6   Data        1246  display.o(.constdata)
    bmpSpeedDec                              0x080109a4   Data        1246  display.o(.constdata)
    bmpprogressbar                           0x08010e82   Data         158  display.o(.constdata)
    bmpprogressbarback                       0x08010f20   Data         566  display.o(.constdata)
    STM32F10x_STR                            0x08011156   Data          52  printf.o(.constdata)
    aucTrx2CcbMap                            0x0801118a   Data           2  cancmd.o(.constdata)
    aucCcb2TrxMap                            0x0801118c   Data           3  cancmd.o(.constdata)
    ascii_8x16                               0x0801118f   Data        1536  font.o(.constdata)
    ASCII_12x24                              0x08011790   Data        9216  font.o(.constdata)
    ascii_24x48                              0x08013b90   Data       13824  font.o(.constdata)
    codeGB_24                                0x08017190   Data        8550  font.o(.constdata)
    codeGB_16                                0x080192f6   Data         105  font.o(.constdata)
    codeGB_48                                0x0801935f   Data        3492  font.o(.constdata)
    BackupRegs                               0x0801a103   Data           9  rtc_driver.o(.constdata)
    table_week                               0x0801a10c   Data          12  rtc_driver.o(.constdata)
    mon_table                                0x0801a118   Data          12  rtc_driver.o(.constdata)
    TIMER_IRQ                                0x0801a124   Data           8  timer_driver.o(.constdata)
    TIMER_IRQ_UP                             0x0801a12c   Data           8  timer_driver.o(.constdata)
    TIMER_CLK                                0x0801a134   Data          16  timer_driver.o(.constdata)
    COM_TX_PIN                               0x0801a144   Data           6  serial_driver.o(.constdata)
    COM_RX_PIN                               0x0801a14a   Data           6  serial_driver.o(.constdata)
    COM_USART                                0x0801a150   Data          12  serial_driver.o(.constdata)
    COM_TX_PORT                              0x0801a15c   Data          12  serial_driver.o(.constdata)
    COM_RX_PORT                              0x0801a168   Data          12  serial_driver.o(.constdata)
    COM_USART_CLK                            0x0801a174   Data          12  serial_driver.o(.constdata)
    COM_TX_PORT_CLK                          0x0801a180   Data          12  serial_driver.o(.constdata)
    COM_RX_PORT_CLK                          0x0801a18c   Data          12  serial_driver.o(.constdata)
    OSUnMapTbl                               0x0801a198   Data         256  os_core.o(.constdata)
    sbRxBuf                                  0x0801a298   Data           4  sapp.o(.constdata)
    sbTxBuf                                  0x0801a29c   Data           4  sapp.o(.constdata)
    __ctype_table                            0x0801a2ae   Data         129  ctype_o.o(.constdata)
    Region$$Table$$Base                      0x0801a490   Number         0  anon$$obj.o(Region$$Table)
    Region$$Table$$Limit                     0x0801a4b0   Number         0  anon$$obj.o(Region$$Table)
    ulAppTime                                0x20000000   Data           4  app.o(.data)
    jiffies                                  0x20000004   Data           4  app.o(.data)
    ulAppSecond                              0x20000008   Data           4  app.o(.data)
    ulAppTicks                               0x2000000c   Data           4  app.o(.data)
    gusDeviceId                              0x20000010   Data           2  config.o(.data)
    gusOperMode                              0x20000012   Data           2  config.o(.data)
    aDevType                                 0x20000014   Data           8  config.o(.data)
    isI2                                     0x20000024   Data           4  display.o(.data)
    gpBtnCir                                 0x20000028   Data           4  display.o(.data)
    gpBtnTWInc                               0x2000002c   Data           4  display.o(.data)
    gpBtnTWDec                               0x20000030   Data           4  display.o(.data)
    gpBtnSpeedInc                            0x20000034   Data           4  display.o(.data)
    gpBtnSpeedDec                            0x20000038   Data           4  display.o(.data)
    curFont                                  0x2000003c   Data           4  display.o(.data)
    rectTime                                 0x20000044   Data           8  display.o(.data)
    stp                                      0x20000050   Data           4  lcd.o(.data)
    arcangle                                 0x20000058   Data           8  lcd.o(.data)
    ucSndbufAllocMask                        0x20000060   Data           1  cancmd.o(.data)
    ucSndBufFront                            0x20000061   Data           1  cancmd.o(.data)
    ucSndBufRear                             0x20000062   Data           1  cancmd.o(.data)
    ucCanOutFlag                             0x20000063   Data           1  cancmd.o(.data)
    ucCanBusySecond                          0x20000064   Data           1  cancmd.o(.data)
    ucZombieCcbIndex                         0x20000065   Data           1  cancmd.o(.data)
    CanAddress                               0x20000066   Data           2  cancmd.o(.data)
    CanHashAddr                              0x20000068   Data           2  cancmd.o(.data)
    gCanSndEmptyCB                           0x2000006c   Data           4  cancmd.o(.data)
    aSndBufQueue                             0x20000070   Data           8  cancmd.o(.data)
    TpMask                                   0x20000078   Data           1  cytma.o(.data)
    BtnMask                                  0x20000079   Data           1  cytma.o(.data)
    TpNum                                    0x2000007a   Data           2  cytma.o(.data)
    BtnStatus                                0x2000007c   Data           2  cytma.o(.data)
    SystemCoreClock                          0x2000009c   Data           4  system_stm32f10x.o(.data)
    AHBPrescTable                            0x200000a0   Data          16  system_stm32f10x.o(.data)
    memStat                                  0x200000b0   Data           2  memory.o(.data)
    CAN                                      0x200001d4   Data           4  can_driver.o(.data)
    CAN_TX_PORT                              0x200001d8   Data           4  can_driver.o(.data)
    CAN_RX_PORT                              0x200001dc   Data           4  can_driver.o(.data)
    TIMER_Def                                0x200001e4   Data          16  timer_driver.o(.data)
    default_timeouts                         0x200001f4   Data           4  sys_time.o(.data)
    BlockNbr                                 0x200001f8   Data           4  common.o(.data)
    UserMemoryMask                           0x200001fc   Data           4  common.o(.data)
    FlashProtection                          0x20000200   Data           4  common.o(.data)
    OSIntNesting                             0x2000020c   Data           1  os_core.o(.data)
    OSLockNesting                            0x2000020d   Data           1  os_core.o(.data)
    OSPrioCur                                0x2000020e   Data           1  os_core.o(.data)
    OSPrioHighRdy                            0x2000020f   Data           1  os_core.o(.data)
    OSRdyGrp                                 0x20000210   Data           1  os_core.o(.data)
    OSRunning                                0x20000211   Data           1  os_core.o(.data)
    OSTaskCtr                                0x20000212   Data           1  os_core.o(.data)
    OSCtxSwCtr                               0x20000214   Data           4  os_core.o(.data)
    OSEventFreeList                          0x20000218   Data           4  os_core.o(.data)
    OSIdleCtr                                0x2000021c   Data           4  os_core.o(.data)
    OSTCBCur                                 0x20000220   Data           4  os_core.o(.data)
    OSTCBFreeList                            0x20000224   Data           4  os_core.o(.data)
    OSTCBHighRdy                             0x20000228   Data           4  os_core.o(.data)
    OSTCBList                                0x2000022c   Data           4  os_core.o(.data)
    OSTime                                   0x20000230   Data           4  os_core.o(.data)
    OSRdyTbl                                 0x20000234   Data           8  os_core.o(.data)
    OSFlagFreeList                           0x2000023c   Data           4  os_core.o(.data)
    sappItfType                              0x20000240   Data           1  sapp.o(.data)
    sappItfPort                              0x20000241   Data           1  sapp.o(.data)
    sappTgtType                              0x20000242   Data           1  sapp.o(.data)
    sbFcs                                    0x20000243   Data           1  sapp.o(.data)
    sbIdx                                    0x20000244   Data           1  sapp.o(.data)
    sbLen                                    0x20000245   Data           1  sapp.o(.data)
    sappFlags                                0x20000247   Data           1  sapp.o(.data)
    __stdout                                 0x20000258   Data           4  stdout.o(.data)
    Config_buff                              0x20000c60   Data        1024  config.o(.bss)
    gAdmin                                   0x20001060   Data          34  config.o(.bss)
    gTslibLinearCfg                          0x20001084   Data          28  config.o(.bss)
    gCfg                                     0x200010a0   Data          20  config.o(.bss)
    aPulseCtrl                               0x200010b4   Data          64  relay.o(.bss)
    Serial                                   0x20001100   Data        1332  serial.o(.bss)
    UartCmdStru                              0x20001634   Data         520  uartcmd.o(.bss)
    gDisplay                                 0x2000185c   Data         108  display.o(.bss)
    font24                                   0x200018c8   Data          16  display.o(.bss)
    font8                                    0x200018d8   Data          16  display.o(.bss)
    font48                                   0x200018e8   Data          16  display.o(.bss)
    arcx                                     0x200018f8   Data          88  lcd.o(.bss)
    arcy                                     0x20001950   Data          88  lcd.o(.bss)
    CanCcb                                   0x200019a8   Data         264  cancmd.o(.bss)
    CanRcvBuff                               0x20001ab0   Data          48  cancmd.o(.bss)
    CanSndBuff                               0x20001ae0   Data         192  cancmd.o(.bss)
    TpX                                      0x20001bc0   Data          20  cytma.o(.bss)
    TpY                                      0x20001bd4   Data          20  cytma.o(.bss)
    memblock                                 0x20001cb0   Data        4000  memory.o(.bss)
    memIndex                                 0x20002c50   Data          40  memory.o(.bss)
    memOffset                                0x20002c78   Data          80  memory.o(.bss)
    TimerArray                               0x20002cc8   Data         192  timer.o(.bss)
    TimerIndex                               0x20002d88   Data          16  timer.o(.bss)
    EXTI_PORT                                0x2000306c   Data          64  gpio.o(.bss)
    aSensorHandler                           0x200030ac   Data         384  gpio.o(.bss)
    timer                                    0x2000322c   Data          10  rtc_driver.o(.bss)
    aTimerHandler                            0x20003238   Data          64  timer_driver.o(.bss)
    OSEventTbl                               0x20003278   Data         360  os_core.o(.bss)
    OSTaskIdleStk                            0x200033e0   Data         512  os_core.o(.bss)
    OSTCBPrioTbl                             0x200035e0   Data         256  os_core.o(.bss)
    OSTCBTbl                                 0x200036e0   Data        1496  os_core.o(.bss)
    OSFlagTbl                                0x20003cb8   Data         140  os_core.o(.bss)
    rpcBuf                                   0x20003d44   Data         392  sapp.o(.bss)
    __initial_sp                             0x20004470   Data           0  startup_stm32f10x_md.o(STACK)



==============================================================================

Memory Map of the image

  Image Entry point : 0x080000ed

  Load Region LR_IROM1 (Base: 0x08000000, Size: 0x0001a710, Max: 0x00020000, ABSOLUTE, COMPRESSED[0x0001a55c])

    Execution Region ER_IROM1 (Exec base: 0x08000000, Load base: 0x08000000, Size: 0x0001a4b0, Max: 0x00020000, ABSOLUTE)

    Exec Addr    Load Addr    Size         Type   Attr      Idx    E Section Name        Object

    0x08000000   0x08000000   0x000000ec   Data   RO          939    RESET               startup_stm32f10x_md.o
    0x080000ec   0x080000ec   0x00000000   Code   RO         1854  * .ARM.Collect$$$$00000000  mc_w.l(entry.o)
    0x080000ec   0x080000ec   0x00000004   Code   RO         2219    .ARM.Collect$$$$00000001  mc_w.l(entry2.o)
    0x080000f0   0x080000f0   0x00000004   Code   RO         2222    .ARM.Collect$$$$00000004  mc_w.l(entry5.o)
    0x080000f4   0x080000f4   0x00000000   Code   RO         2224    .ARM.Collect$$$$00000008  mc_w.l(entry7b.o)
    0x080000f4   0x080000f4   0x00000000   Code   RO         2226    .ARM.Collect$$$$0000000A  mc_w.l(entry8b.o)
    0x080000f4   0x080000f4   0x00000008   Code   RO         2227    .ARM.Collect$$$$0000000B  mc_w.l(entry9a.o)
    0x080000fc   0x080000fc   0x00000000   Code   RO         2229    .ARM.Collect$$$$0000000D  mc_w.l(entry10a.o)
    0x080000fc   0x080000fc   0x00000000   Code   RO         2231    .ARM.Collect$$$$0000000F  mc_w.l(entry11a.o)
    0x080000fc   0x080000fc   0x00000004   Code   RO         2220    .ARM.Collect$$$$00002712  mc_w.l(entry2.o)
    0x08000100   0x08000100   0x00000308   Code   RO            1    .text               app.o
    0x08000408   0x08000408   0x00000670   Code   RO          229    .text               stm32f10x_it.o
    0x08000a78   0x08000a78   0x00000434   Code   RO          260    .text               config.o
    0x08000eac   0x08000eac   0x000000a8   Code   RO          301    .text               relay.o
    0x08000f54   0x08000f54   0x00000054   Code   RO          344    .text               dica.o
    0x08000fa8   0x08000fa8   0x000000a4   Code   RO          378    .text               beep.o
    0x0800104c   0x0800104c   0x00000548   Code   RO          391    .text               serial.o
    0x08001594   0x08001594   0x000001c0   Code   RO          437    .text               uartcmd.o
    0x08001754   0x08001754   0x00000328   Code   RO          465    .text               at.o
    0x08001a7c   0x08001a7c   0x00001e74   Code   RO          492    .text               display.o
    0x080038f0   0x080038f0   0x00000034   Code   RO          549    .text               printf.o
    0x08003924   0x08003924   0x00001034   Code   RO          564    .text               lcd.o
    0x08004958   0x08004958   0x00001020   Code   RO          581    .text               cancmd.o
    0x08005978   0x08005978   0x00000022   Code   RO          629    .text               touch.o
    0x0800599a   0x0800599a   0x00000002   PAD
    0x0800599c   0x0800599c   0x00000500   Code   RO          644    .text               cytma.o
    0x08005e9c   0x08005e9c   0x00000414   Code   RO          698    .text               zb.o
    0x080062b0   0x080062b0   0x00000098   Code   RO          725    .text               stm32f10x_bkp.o
    0x08006348   0x08006348   0x000000e8   Code   RO          737    .text               stm32f10x_exti.o
    0x08006430   0x08006430   0x00000264   Code   RO          749    .text               stm32f10x_gpio.o
    0x08006694   0x08006694   0x000000ac   Code   RO          761    .text               stm32f10x_pwr.o
    0x08006740   0x08006740   0x000002b8   Code   RO          773    .text               stm32f10x_rcc.o
    0x080069f8   0x080069f8   0x00000a1c   Code   RO          799    .text               stm32f10x_tim.o
    0x08007414   0x08007414   0x00000110   Code   RO          812    .text               stm32f10x_rtc.o
    0x08007524   0x08007524   0x00000498   Code   RO          825    .text               stm32f10x_flash.o
    0x080079bc   0x080079bc   0x000005a4   Code   RO          850    .text               stm32f10x_can.o
    0x08007f60   0x08007f60   0x0000003c   Code   RO          887    .text               stm32f10x_iwdg.o
    0x08007f9c   0x08007f9c   0x00000328   Code   RO          902    .text               stm32f10x_usart.o
    0x080082c4   0x080082c4   0x000000b0   Code   RO          914    .text               misc.o
    0x08008374   0x08008374   0x00000034   Code   RO          940    .text               startup_stm32f10x_md.o
    0x080083a8   0x080083a8   0x0000014c   Code   RO          944    .text               system_stm32f10x.o
    0x080084f4   0x080084f4   0x0000000c   Code   RO          975    .text               font.o
    0x08008500   0x08008500   0x00000138   Code   RO          999    .text               0862100000STM32F103.lib(memory.o)
    0x08008638   0x08008638   0x00000158   Code   RO         1037    .text               0862100000STM32F103.lib(timer.o)
    0x08008790   0x08008790   0x000001e0   Code   RO         1069    .text               0862100000STM32F103.lib(msg.o)
    0x08008970   0x08008970   0x0000011c   Code   RO         1107    .text               0862100000STM32F103.lib(task.o)
    0x08008a8c   0x08008a8c   0x00000068   Code   RO         1125    .text               0862100000STM32F103.lib(voslog.o)
    0x08008af4   0x08008af4   0x000001dc   Code   RO         1149    .text               0862100000STM32F103.lib(keyboard.o)
    0x08008cd0   0x08008cd0   0x00000418   Code   RO         1252    .text               0862100000STM32F103.lib(gpio.o)
    0x080090e8   0x080090e8   0x00000118   Code   RO         1277    .text               0862100000STM32F103.lib(bsp.o)
    0x08009200   0x08009200   0x00000190   Code   RO         1319    .text               0862100000STM32F103.lib(can_driver.o)
    0x08009390   0x08009390   0x00000050   Code   RO         1357    .text               0862100000STM32F103.lib(iwdg_driver.o)
    0x080093e0   0x080093e0   0x00000474   Code   RO         1372    .text               0862100000STM32F103.lib(rtc_driver.o)
    0x08009854   0x08009854   0x00000660   Code   RO         1437    .text               0862100000STM32F103.lib(timer_driver.o)
    0x08009eb4   0x08009eb4   0x00000154   Code   RO         1457    .text               0862100000STM32F103.lib(sys_time.o)
    0x0800a008   0x0800a008   0x000000a0   Code   RO         1473    .text               0862100000STM32F103.lib(serial_driver.o)
    0x0800a0a8   0x0800a0a8   0x00000148   Code   RO         1492    .text               0862100000STM32F103.lib(common.o)
    0x0800a1f0   0x0800a1f0   0x00000468   Code   RO         1522    .text               0862100000STM32F103.lib(osal_snv.o)
    0x0800a658   0x0800a658   0x000000a8   Code   RO         1545    .text               0862100000STM32F103.lib(os_cpu_a.o)
    0x0800a700   0x0800a700   0x00000016   Code   RO         1548    .text               0862100000STM32F103.lib(cpu_a.o)
    0x0800a716   0x0800a716   0x00000002   PAD
    0x0800a718   0x0800a718   0x00000618   Code   RO         1551    .text               0862100000STM32F103.lib(os_core.o)
    0x0800ad30   0x0800ad30   0x00000398   Code   RO         1574    .text               0862100000STM32F103.lib(os_mbox.o)
    0x0800b0c8   0x0800b0c8   0x00000704   Code   RO         1586    .text               0862100000STM32F103.lib(os_task.o)
    0x0800b7cc   0x0800b7cc   0x00000190   Code   RO         1599    .text               0862100000STM32F103.lib(os_time.o)
    0x0800b95c   0x0800b95c   0x000003a8   Code   RO         1611    .text               0862100000STM32F103.lib(sapp.o)
    0x0800bd04   0x0800bd04   0x000000f2   Code   RO         1659    .text               0862100000STM32F103.lib(bmp.o)
    0x0800bdf6   0x0800bdf6   0x00000002   PAD
    0x0800bdf8   0x0800bdf8   0x00000220   Code   RO         1677    .text               0862100000STM32F103.lib(button.o)
    0x0800c018   0x0800c018   0x00000054   Code   RO         1715    .text               0862100000STM32F103.lib(vos.o)
    0x0800c06c   0x0800c06c   0x000000cc   Code   RO         1734    .text               0862100000STM32F103.lib(version.o)
    0x0800c138   0x0800c138   0x00000080   Code   RO         1750    .text               0862100000STM32F103.lib(copyright.o)
    0x0800c1b8   0x0800c1b8   0x00000004   Code   RO         1767    .text               0862100000STM32F103.lib(hal_assert.o)
    0x0800c1bc   0x0800c1bc   0x00000082   Code   RO         1782    .text               0862100000STM32F103.lib(hal_flash.o)
    0x0800c23e   0x0800c23e   0x00000092   Code   RO         1794    .text               0862100000STM32F103.lib(os_cpu_c.o)
    0x0800c2d0   0x0800c2d0   0x000005f0   Code   RO         1813    .text               0862100000STM32F103.lib(os_flag.o)
    0x0800c8c0   0x0800c8c0   0x00000344   Code   RO         1826    .text               0862100000STM32F103.lib(os_sem.o)
    0x0800cc04   0x0800cc04   0x00000008   Code   RO         1857    .text               mc_w.l(ctype_o.o)
    0x0800cc0c   0x0800cc0c   0x00000024   Code   RO         1885    .text               mc_w.l(rand.o)
    0x0800cc30   0x0800cc30   0x00000024   Code   RO         1888    .text               mc_w.l(memcpya.o)
    0x0800cc54   0x0800cc54   0x00000024   Code   RO         1890    .text               mc_w.l(memseta.o)
    0x0800cc78   0x0800cc78   0x00000014   Code   RO         1892    .text               mc_w.l(strchr.o)
    0x0800cc8c   0x0800cc8c   0x0000000e   Code   RO         1894    .text               mc_w.l(strlen.o)
    0x0800cc9a   0x0800cc9a   0x0000001c   Code   RO         1896    .text               mc_w.l(strcmp.o)
    0x0800ccb6   0x0800ccb6   0x0000001a   Code   RO         1898    .text               mc_w.l(memcmp.o)
    0x0800ccd0   0x0800ccd0   0x00000012   Code   RO         1900    .text               mc_w.l(strcpy.o)
    0x0800cce2   0x0800cce2   0x0000001e   Code   RO         1902    .text               mc_w.l(strncmp.o)
    0x0800cd00   0x0800cd00   0x0000001a   Code   RO         2167    .text               mc_w.l(atoi.o)
    0x0800cd1a   0x0800cd1a   0x00000064   Code   RO         2169    .text               mf_w.l(fmul.o)
    0x0800cd7e   0x0800cd7e   0x0000007c   Code   RO         2171    .text               mf_w.l(fdiv.o)
    0x0800cdfa   0x0800cdfa   0x0000014e   Code   RO         2173    .text               mf_w.l(dadd.o)
    0x0800cf48   0x0800cf48   0x000000e4   Code   RO         2175    .text               mf_w.l(dmul.o)
    0x0800d02c   0x0800d02c   0x00000022   Code   RO         2177    .text               mf_w.l(dflti.o)
    0x0800d04e   0x0800d04e   0x0000001a   Code   RO         2179    .text               mf_w.l(dfltui.o)
    0x0800d068   0x0800d068   0x00000032   Code   RO         2181    .text               mf_w.l(ffixi.o)
    0x0800d09a   0x0800d09a   0x0000003e   Code   RO         2183    .text               mf_w.l(dfixi.o)
    0x0800d0d8   0x0800d0d8   0x00000026   Code   RO         2185    .text               mf_w.l(f2d.o)
    0x0800d0fe   0x0800d0fe   0x00000002   PAD
    0x0800d100   0x0800d100   0x00000030   Code   RO         2187    .text               mf_w.l(cdcmple.o)
    0x0800d130   0x0800d130   0x00000030   Code   RO         2189    .text               mf_w.l(cdrcmple.o)
    0x0800d160   0x0800d160   0x0000002c   Code   RO         2234    .text               mc_w.l(uidiv.o)
    0x0800d18c   0x0800d18c   0x00000062   Code   RO         2236    .text               mc_w.l(uldiv.o)
    0x0800d1ee   0x0800d1ee   0x0000001e   Code   RO         2238    .text               mc_w.l(llshl.o)
    0x0800d20c   0x0800d20c   0x00000020   Code   RO         2240    .text               mc_w.l(llushr.o)
    0x0800d22c   0x0800d22c   0x00000024   Code   RO         2242    .text               mc_w.l(llsshr.o)
    0x0800d250   0x0800d250   0x00000070   Code   RO         2251    .text               mc_w.l(strtol.o)
    0x0800d2c0   0x0800d2c0   0x00000000   Code   RO         2253    .text               mc_w.l(iusefp.o)
    0x0800d2c0   0x0800d2c0   0x0000006e   Code   RO         2254    .text               mf_w.l(fepilogue.o)
    0x0800d32e   0x0800d32e   0x000000ba   Code   RO         2256    .text               mf_w.l(depilogue.o)
    0x0800d3e8   0x0800d3e8   0x000000de   Code   RO         2258    .text               mf_w.l(ddiv.o)
    0x0800d4c6   0x0800d4c6   0x00000030   Code   RO         2260    .text               mf_w.l(dfixul.o)
    0x0800d4f6   0x0800d4f6   0x00000002   PAD
    0x0800d4f8   0x0800d4f8   0x00000024   Code   RO         2266    .text               mc_w.l(init.o)
    0x0800d51c   0x0800d51c   0x0000009e   Code   RO         2268    .text               mc_w.l(_strtoul.o)
    0x0800d5ba   0x0800d5ba   0x0000002e   Code   RO         2270    .text               mf_w.l(dscalb.o)
    0x0800d5e8   0x0800d5e8   0x0000001c   Code   RO         2272    .text               mc_w.l(_chval.o)
    0x0800d604   0x0800d604   0x00000056   Code   RO         2282    .text               mc_w.l(__dczerorl2.o)
    0x0800d65a   0x0800d65a   0x00000002   PAD
    0x0800d65c   0x0800d65c   0x00000020   Code   RO         2113    i.__0printf$8       mc_w.l(printf8.o)
    0x0800d67c   0x0800d67c   0x00000028   Code   RO         2115    i.__0sprintf$8      mc_w.l(printf8.o)
    0x0800d6a4   0x0800d6a4   0x00000010   Code   RO         2143    i.__0vprintf        mc_w.l(printfa.o)
    0x0800d6b4   0x0800d6b4   0x00000024   Code   RO         2145    i.__0vsprintf       mc_w.l(printfa.o)
    0x0800d6d8   0x0800d6d8   0x00000028   Code   RO         2262    i.__ARM_fpclassify  m_ws.l(fpclassify.o)
    0x0800d700   0x0800d700   0x00000008   Code   RO         2244    i.__aeabi_errno_addr  mc_w.l(errno.o)
    0x0800d708   0x0800d708   0x00000388   Code   RO         2208    i.__ieee754_rem_pio2  m_ws.l(rred.o)
    0x0800da90   0x0800da90   0x000000fc   Code   RO         2191    i.__kernel_cos      m_ws.l(cos_i.o)
    0x0800db8c   0x0800db8c   0x000000aa   Code   RO         2264    i.__kernel_poly     m_ws.l(poly.o)
    0x0800dc36   0x0800dc36   0x00000002   PAD
    0x0800dc38   0x0800dc38   0x000000ec   Code   RO         2213    i.__kernel_sin      m_ws.l(sin_i.o)
    0x0800dd24   0x0800dd24   0x00000006   Code   RO         2195    i.__mathlib_dbl_infnan  m_ws.l(dunder.o)
    0x0800dd2a   0x0800dd2a   0x0000000c   Code   RO         2197    i.__mathlib_dbl_invalid  m_ws.l(dunder.o)
    0x0800dd36   0x0800dd36   0x00000002   PAD
    0x0800dd38   0x0800dd38   0x00000010   Code   RO         2200    i.__mathlib_dbl_underflow  m_ws.l(dunder.o)
    0x0800dd48   0x0800dd48   0x0000000e   Code   RO         2276    i.__scatterload_copy  mc_w.l(handlers.o)
    0x0800dd56   0x0800dd56   0x00000002   Code   RO         2277    i.__scatterload_null  mc_w.l(handlers.o)
    0x0800dd58   0x0800dd58   0x0000000e   Code   RO         2278    i.__scatterload_zeroinit  mc_w.l(handlers.o)
    0x0800dd66   0x0800dd66   0x00000002   PAD
    0x0800dd68   0x0800dd68   0x0000000c   Code   RO         2246    i.__set_errno       mc_w.l(errno.o)
    0x0800dd74   0x0800dd74   0x00000184   Code   RO         2146    i._fp_digits        mc_w.l(printfa.o)
    0x0800def8   0x0800def8   0x00000410   Code   RO         2120    i._printf_core      mc_w.l(printf8.o)
    0x0800e308   0x0800e308   0x000006dc   Code   RO         2147    i._printf_core      mc_w.l(printfa.o)
    0x0800e9e4   0x0800e9e4   0x00000024   Code   RO         2121    i._printf_post_padding  mc_w.l(printf8.o)
    0x0800ea08   0x0800ea08   0x00000024   Code   RO         2148    i._printf_post_padding  mc_w.l(printfa.o)
    0x0800ea2c   0x0800ea2c   0x0000002e   Code   RO         2122    i._printf_pre_padding  mc_w.l(printf8.o)
    0x0800ea5a   0x0800ea5a   0x0000002e   Code   RO         2149    i._printf_pre_padding  mc_w.l(printfa.o)
    0x0800ea88   0x0800ea88   0x0000000a   Code   RO         2124    i._sputc            mc_w.l(printf8.o)
    0x0800ea92   0x0800ea92   0x0000000a   Code   RO         2151    i._sputc            mc_w.l(printfa.o)
    0x0800ea9c   0x0800ea9c   0x0000009c   Code   RO         1839    i.cos               m_ws.l(cos.o)
    0x0800eb38   0x0800eb38   0x000000a0   Code   RO         1847    i.sin               m_ws.l(sin.o)
    0x0800ebd8   0x0800ebd8   0x0000001e   Data   RO          266    .constdata          config.o
    0x0800ebf6   0x0800ebf6   0x00000004   Data   RO          303    .constdata          relay.o
    0x0800ebfa   0x0800ebfa   0x00000001   Data   RO          345    .constdata          dica.o
    0x0800ebfb   0x0800ebfb   0x00000001   PAD
    0x0800ebfc   0x0800ebfc   0x00000010   Data   RO          393    .constdata          serial.o
    0x0800ec0c   0x0800ec0c   0x00000064   Data   RO          466    .constdata          at.o
    0x0800ec70   0x0800ec70   0x000024e6   Data   RO          496    .constdata          display.o
    0x08011156   0x08011156   0x00000034   Data   RO          550    .constdata          printf.o
    0x0801118a   0x0801118a   0x00000005   Data   RO          583    .constdata          cancmd.o
    0x0801118f   0x0801118f   0x00000600   Data   RO          976    .constdata          font.o
    0x0801178f   0x0801178f   0x00000001   PAD
    0x08011790   0x08011790   0x00002400   Data   RO          977    .constdata          font.o
    0x08013b90   0x08013b90   0x00003600   Data   RO          978    .constdata          font.o
    0x08017190   0x08017190   0x00002166   Data   RO          979    .constdata          font.o
    0x080192f6   0x080192f6   0x00000069   Data   RO          980    .constdata          font.o
    0x0801935f   0x0801935f   0x00000da4   Data   RO          981    .constdata          font.o
    0x0801a103   0x0801a103   0x00000021   Data   RO         1374    .constdata          0862100000STM32F103.lib(rtc_driver.o)
    0x0801a124   0x0801a124   0x00000020   Data   RO         1439    .constdata          0862100000STM32F103.lib(timer_driver.o)
    0x0801a144   0x0801a144   0x00000054   Data   RO         1474    .constdata          0862100000STM32F103.lib(serial_driver.o)
    0x0801a198   0x0801a198   0x00000100   Data   RO         1554    .constdata          0862100000STM32F103.lib(os_core.o)
    0x0801a298   0x0801a298   0x00000008   Data   RO         1613    .constdata          0862100000STM32F103.lib(sapp.o)
    0x0801a2a0   0x0801a2a0   0x0000000e   Data   RO         1736    .constdata          0862100000STM32F103.lib(version.o)
    0x0801a2ae   0x0801a2ae   0x00000081   Data   RO         1858    .constdata          mc_w.l(ctype_o.o)
    0x0801a32f   0x0801a32f   0x00000001   PAD
    0x0801a330   0x0801a330   0x00000004   Data   RO         1859    .constdata          mc_w.l(ctype_o.o)
    0x0801a334   0x0801a334   0x00000004   PAD
    0x0801a338   0x0801a338   0x00000030   Data   RO         2192    .constdata          m_ws.l(cos_i.o)
    0x0801a368   0x0801a368   0x000000c8   Data   RO         2210    .constdata          m_ws.l(rred.o)
    0x0801a430   0x0801a430   0x00000028   Data   RO         2214    .constdata          m_ws.l(sin_i.o)
    0x0801a458   0x0801a458   0x00000019   Data   RO          467    .conststring        at.o
    0x0801a471   0x0801a471   0x00000003   PAD
    0x0801a474   0x0801a474   0x0000001c   Data   RO         1254    .conststring        0862100000STM32F103.lib(gpio.o)
    0x0801a490   0x0801a490   0x00000020   Data   RO         2274    Region$$Table       anon$$obj.o


    Execution Region RW_IRAM1 (Exec base: 0x20000000, Load base: 0x0801a4b0, Size: 0x00004470, Max: 0x00005000, ABSOLUTE, COMPRESSED[0x000000ac])

    Exec Addr    Load Addr    Size         Type   Attr      Idx    E Section Name        Object

    0x20000000   COMPRESSED   0x00000010   Data   RW            3    .data               app.o
    0x20000010   COMPRESSED   0x0000000c   Data   RW          267    .data               config.o
    0x2000001c   COMPRESSED   0x00000004   Data   RW          439    .data               uartcmd.o
    0x20000020   COMPRESSED   0x00000001   Data   RW          468    .data               at.o
    0x20000021   COMPRESSED   0x00000003   PAD
    0x20000024   COMPRESSED   0x00000028   Data   RW          497    .data               display.o
    0x2000004c   COMPRESSED   0x00000004   PAD
    0x20000050   COMPRESSED   0x00000010   Data   RW          566    .data               lcd.o
    0x20000060   COMPRESSED   0x00000018   Data   RW          584    .data               cancmd.o
    0x20000078   COMPRESSED   0x00000006   Data   RW          647    .data               cytma.o
    0x2000007e   COMPRESSED   0x00000008   Data   RW          700    .data               zb.o
    0x20000086   COMPRESSED   0x00000014   Data   RW          774    .data               stm32f10x_rcc.o
    0x2000009a   COMPRESSED   0x00000002   PAD
    0x2000009c   COMPRESSED   0x00000014   Data   RW          945    .data               system_stm32f10x.o
    0x200000b0   COMPRESSED   0x00000002   Data   RW         1001    .data               0862100000STM32F103.lib(memory.o)
    0x200000b2   COMPRESSED   0x00000002   PAD
    0x200000b4   COMPRESSED   0x00000008   Data   RW         1071    .data               0862100000STM32F103.lib(msg.o)
    0x200000bc   COMPRESSED   0x00000004   Data   RW         1109    .data               0862100000STM32F103.lib(task.o)
    0x200000c0   COMPRESSED   0x00000004   Data   RW         1126    .data               0862100000STM32F103.lib(voslog.o)
    0x200000c4   COMPRESSED   0x00000002   Data   RW         1151    .data               0862100000STM32F103.lib(keyboard.o)
    0x200000c6   COMPRESSED   0x00000002   PAD
    0x200000c8   COMPRESSED   0x00000008   Data   RW         1255    .data               0862100000STM32F103.lib(gpio.o)
    0x200000d0   COMPRESSED   0x000000fc   Data   RW         1256    .data               0862100000STM32F103.lib(gpio.o)
    0x200001cc   COMPRESSED   0x00000008   Data   RW         1278    .data               0862100000STM32F103.lib(bsp.o)
    0x200001d4   COMPRESSED   0x0000000c   Data   RW         1325    .data               0862100000STM32F103.lib(can_driver.o)
    0x200001e0   COMPRESSED   0x00000002   Data   RW         1375    .data               0862100000STM32F103.lib(rtc_driver.o)
    0x200001e2   COMPRESSED   0x00000002   PAD
    0x200001e4   COMPRESSED   0x00000010   Data   RW         1440    .data               0862100000STM32F103.lib(timer_driver.o)
    0x200001f4   COMPRESSED   0x00000004   Data   RW         1458    .data               0862100000STM32F103.lib(sys_time.o)
    0x200001f8   COMPRESSED   0x0000000c   Data   RW         1494    .data               0862100000STM32F103.lib(common.o)
    0x20000204   COMPRESSED   0x00000006   Data   RW         1523    .data               0862100000STM32F103.lib(osal_snv.o)
    0x2000020a   COMPRESSED   0x00000002   PAD
    0x2000020c   COMPRESSED   0x00000030   Data   RW         1555    .data               0862100000STM32F103.lib(os_core.o)
    0x2000023c   COMPRESSED   0x00000004   Data   RW         1556    .data               0862100000STM32F103.lib(os_core.o)
    0x20000240   COMPRESSED   0x00000008   Data   RW         1614    .data               0862100000STM32F103.lib(sapp.o)
    0x20000248   COMPRESSED   0x00000001   Data   RW         1680    .data               0862100000STM32F103.lib(button.o)
    0x20000249   COMPRESSED   0x00000003   PAD
    0x2000024c   COMPRESSED   0x00000004   Data   RW         1737    .data               0862100000STM32F103.lib(version.o)
    0x20000250   COMPRESSED   0x00000001   Data   RW         1751    .data               0862100000STM32F103.lib(copyright.o)
    0x20000251   COMPRESSED   0x00000003   PAD
    0x20000254   COMPRESSED   0x00000004   Data   RW         1886    .data               mc_w.l(rand.o)
    0x20000258   COMPRESSED   0x00000004   Data   RW         2233    .data               mc_w.l(stdout.o)
    0x2000025c   COMPRESSED   0x00000004   Data   RW         2247    .data               mc_w.l(errno.o)
    0x20000260        -       0x00000a00   Zero   RW            2    .bss                app.o
    0x20000c60        -       0x00000454   Zero   RW          261    .bss                config.o
    0x200010b4        -       0x00000040   Zero   RW          302    .bss                relay.o
    0x200010f4        -       0x00000540   Zero   RW          392    .bss                serial.o
    0x20001634        -       0x00000208   Zero   RW          438    .bss                uartcmd.o
    0x2000183c        -       0x000000bc   Zero   RW          493    .bss                display.o
    0x200018f8        -       0x000000b0   Zero   RW          565    .bss                lcd.o
    0x200019a8        -       0x000001f8   Zero   RW          582    .bss                cancmd.o
    0x20001ba0        -       0x00000048   Zero   RW          645    .bss                cytma.o
    0x20001be8        -       0x000000c8   Zero   RW          699    .bss                zb.o
    0x20001cb0        -       0x00001018   Zero   RW         1000    .bss                0862100000STM32F103.lib(memory.o)
    0x20002cc8        -       0x000000d0   Zero   RW         1038    .bss                0862100000STM32F103.lib(timer.o)
    0x20002d98        -       0x000001b0   Zero   RW         1070    .bss                0862100000STM32F103.lib(msg.o)
    0x20002f48        -       0x00000024   Zero   RW         1108    .bss                0862100000STM32F103.lib(task.o)
    0x20002f6c        -       0x00000100   Zero   RW         1150    .bss                0862100000STM32F103.lib(keyboard.o)
    0x2000306c        -       0x000001c0   Zero   RW         1253    .bss                0862100000STM32F103.lib(gpio.o)
    0x2000322c        -       0x0000000a   Zero   RW         1373    .bss                0862100000STM32F103.lib(rtc_driver.o)
    0x20003236   COMPRESSED   0x00000002   PAD
    0x20003238        -       0x00000040   Zero   RW         1438    .bss                0862100000STM32F103.lib(timer_driver.o)
    0x20003278        -       0x00000a40   Zero   RW         1552    .bss                0862100000STM32F103.lib(os_core.o)
    0x20003cb8        -       0x0000008c   Zero   RW         1553    .bss                0862100000STM32F103.lib(os_core.o)
    0x20003d44        -       0x00000188   Zero   RW         1612    .bss                0862100000STM32F103.lib(sapp.o)
    0x20003ecc        -       0x00000180   Zero   RW         1678    .bss                0862100000STM32F103.lib(button.o)
    0x2000404c        -       0x00000020   Zero   RW         1735    .bss                0862100000STM32F103.lib(version.o)
    0x2000406c   COMPRESSED   0x00000004   PAD
    0x20004070        -       0x00000400   Zero   RW          937    STACK               startup_stm32f10x_md.o


==============================================================================

Image component sizes


      Code (inc. data)   RO Data    RW Data    ZI Data      Debug   Object Name

       776        104          0         16       2560     300340   app.o
       808        120        125          1          0       3600   at.o
       164          0          0          0          0       2206   beep.o
      4128        364          5         24        504      22846   cancmd.o
      1076         66         30         12       1108      12620   config.o
         0          0          0          0          0         32   core_cm3.o
      1280         30          0          6         72      19059   cytma.o
        84          8          1          0          0       1729   dica.o
      7796        814       9446         40        188      52472   display.o
        12          0      36723          0          0       2773   font.o
      4148         90          0         16        176      20204   lcd.o
       176         14          0          0          0       1877   misc.o
        52         14         52          0          0       1352   printf.o
       168          8          4          0         64      13442   relay.o
      1352         12         16          0       1344      13099   serial.o
        52          8        236          0       1024        888   startup_stm32f10x_md.o
       152          8          0          0          0       3532   stm32f10x_bkp.o
      1444         12          0          0          0       8145   stm32f10x_can.o
       232          8          0          0          0       2383   stm32f10x_exti.o
      1176         24          0          0          0       9228   stm32f10x_flash.o
       612         36          0          0          0       5997   stm32f10x_gpio.o
      1648        218          0          0          0       7025   stm32f10x_it.o
        60          6          0          0          0       1297   stm32f10x_iwdg.o
       172         12          0          0          0       1971   stm32f10x_pwr.o
       696         32          0         20          0       8968   stm32f10x_rcc.o
       272          6          0          0          0       3268   stm32f10x_rtc.o
      2588         64          0          0          0      23606   stm32f10x_tim.o
       808         22          0          0          0       8864   stm32f10x_usart.o
       332         28          0         20          0       1999   system_stm32f10x.o
        34          0          0          0          0        963   touch.o
       448         26          0          4        520       5003   uartcmd.o
      1044        100          0          8        200       6989   zb.o

    ----------------------------------------------------------------------
     33792       2254      46675        176       7760     567777   Object Totals
         0          0         32          0          0          0   (incl. Generated)
         2          0          5          9          0          0   (incl. Padding)

    ----------------------------------------------------------------------

      Code (inc. data)   RO Data    RW Data    ZI Data      Debug   Library Member Name

       242          0          0          0          0       2041   bmp.o
       280         12          0          8          0      18306   bsp.o
       544         16          0          1        384       5032   button.o
       400         14          0         12          0       4211   can_driver.o
       328         26          0         12          0       9866   common.o
       128          8          0          1          0       2322   copyright.o
        22          0          0          0          0        260   cpu_a.o
      1048          8         28        260        448       7928   gpio.o
         4          0          0          0          0        513   hal_assert.o
       130          0          0          0          0       1419   hal_flash.o
        80          0          0          0          0        731   iwdg_driver.o
       476          8          0          2        256     254080   keyboard.o
       312         12          0          2       4120      11662   memory.o
       480          8          0          8        432       6013   msg.o
      1560         48        256         52       2764      14964   os_core.o
       168         40          0          0          0        316   os_cpu_a.o
       146          0          0          0          0      10981   os_cpu_c.o
      1520         40          0          0          0       5186   os_flag.o
       920         16          0          0          0       3514   os_mbox.o
       836         18          0          0          0       3234   os_sem.o
      1796         68          0          0          0       5767   os_task.o
       400         26          0          0          0       1706   os_time.o
      1128         10          0          6          0       6393   osal_snv.o
      1140         32         33          2         10       5307   rtc_driver.o
       936         24          8          8        392       8414   sapp.o
       160          6         84          0          0       1832   serial_driver.o
       340          4          0          4          0       3092   sys_time.o
       284         10          0          4         36       2187   task.o
       344         10          0          0        208       4851   timer.o
      1632         72         32         16         64       5988   timer_driver.o
       204         14         14          4         32       2004   version.o
        84          0          0          0          0      10173   vos.o
       104         48          0          4          0       1521   voslog.o
       156          8          0          0          0        104   cos.o
       252         22         48          0          0        124   cos_i.o
        34          6          0          0          0        204   dunder.o
        40          0          0          0          0         68   fpclassify.o
       170          0          0          0          0         96   poly.o
       904         76        200          0          0        140   rred.o
       160         10          0          0          0        108   sin.o
       236         12         40          0          0        128   sin_i.o
        86          0          0          0          0          0   __dczerorl2.o
        28          0          0          0          0         68   _chval.o
       158          0          0          0          0         92   _strtoul.o
        26          0          0          0          0         80   atoi.o
         8          4        133          0          0         68   ctype_o.o
         0          0          0          0          0          0   entry.o
         0          0          0          0          0          0   entry10a.o
         0          0          0          0          0          0   entry11a.o
         8          4          0          0          0          0   entry2.o
         4          0          0          0          0          0   entry5.o
         0          0          0          0          0          0   entry7b.o
         0          0          0          0          0          0   entry8b.o
         8          4          0          0          0          0   entry9a.o
        20         10          0          4          0        136   errno.o
        30          0          0          0          0          0   handlers.o
        36          8          0          0          0         68   init.o
         0          0          0          0          0          0   iusefp.o
        30          0          0          0          0         68   llshl.o
        36          0          0          0          0         68   llsshr.o
        32          0          0          0          0         68   llushr.o
        26          0          0          0          0         80   memcmp.o
        36          0          0          0          0         68   memcpya.o
        36          0          0          0          0        108   memseta.o
      1204         60          0          0          0        504   printf8.o
      2288         94          0          0          0        584   printfa.o
        36         10          0          4          0        136   rand.o
         0          0          0          4          0          0   stdout.o
        20          0          0          0          0         68   strchr.o
        28          0          0          0          0         76   strcmp.o
        18          0          0          0          0         68   strcpy.o
        14          0          0          0          0         68   strlen.o
        30          0          0          0          0         80   strncmp.o
       112          0          0          0          0         88   strtol.o
        44          0          0          0          0         80   uidiv.o
        98          0          0          0          0         92   uldiv.o
        48          0          0          0          0         68   cdcmple.o
        48          0          0          0          0         68   cdrcmple.o
       334          0          0          0          0        148   dadd.o
       222          0          0          0          0        100   ddiv.o
       186          0          0          0          0        176   depilogue.o
        62          0          0          0          0         80   dfixi.o
        48          0          0          0          0         68   dfixul.o
        34          0          0          0          0         76   dflti.o
        26          0          0          0          0         76   dfltui.o
       228          0          0          0          0         96   dmul.o
        46          0          0          0          0         80   dscalb.o
        38          0          0          0          0         68   f2d.o
       124          0          0          0          0         88   fdiv.o
       110          0          0          0          0        168   fepilogue.o
        50          0          0          0          0         68   ffixi.o
       100          0          0          0          0         76   fmul.o

    ----------------------------------------------------------------------
     26348        926        881        432       9152     427106   Library Totals
        16          0          5         14          6          0   (incl. Padding)

    ----------------------------------------------------------------------

      Code (inc. data)   RO Data    RW Data    ZI Data      Debug   Library Name

     18176        598        455        406       9146     421814   0862100000STM32F103.lib
      1952        134        288          0          0        972   m_ws.l
      4500        194        133         12          0       2816   mc_w.l
      1704          0          0          0          0       1504   mf_w.l

    ----------------------------------------------------------------------
     26348        926        881        432       9152     427106   Library Totals

    ----------------------------------------------------------------------

==============================================================================


      Code (inc. data)   RO Data    RW Data    ZI Data      Debug   

     60140       3180      47556        608      16912     983623   Grand Totals
     60140       3180      47556        172      16912     983623   ELF Image Totals (compressed)
     60140       3180      47556        172          0          0   ROM Totals

==============================================================================

    Total RO  Size (Code + RO Data)               107696 ( 105.17kB)
    Total RW  Size (RW Data + ZI Data)             17520 (  17.11kB)
    Total ROM Size (Code + RO Data + RW Data)     107868 ( 105.34kB)

==============================================================================

