Component: ARM Compiler 5.06 update 6 (build 750) Tool: armlink [4d35ed]

==============================================================================

Section Cross References

    app.o(.text) refers to iwdg_driver.o(.text) for IWDG_Feed
    app.o(.text) refers to timer.o(.text) for TimerProc
    app.o(.text) refers to sys_time.o(.text) for sys_time_proc
    app.o(.text) refers to serial.o(.text) for Serial_CheckRcvIdleTime
    app.o(.text) refers to beep.o(.text) for RunToggle
    app.o(.text) refers to display.o(.text) for Disp_SecondTask
    app.o(.text) refers to cancmd.o(.text) for CanCcbSecondTask
    app.o(.text) refers to zb.o(.text) for zbSecondTask
    app.o(.text) refers to cytma.o(.text) for CYTMA_second
    app.o(.text) refers to sapp.o(.text) for SHZNAPP_SerialUnknowProc
    app.o(.text) refers to keyboard.o(.text) for RegisterKey
    app.o(.text) refers to voslog.o(.text) for VOS_SetLogLevel
    app.o(.text) refers to uartcmd.o(.text) for UartCmdSetLogLevel
    app.o(.text) refers to gpio.o(.text) for stm32_gpio_init
    app.o(.text) refers to dica.o(.text) for Ioctrl_input_init
    app.o(.text) refers to relay.o(.text) for InitRelays
    app.o(.text) refers to osal_snv.o(.text) for osal_snv_init
    app.o(.text) refers to config.o(.text) for Config_Init
    app.o(.text) refers to lcd.o(.text) for LCD_Init
    app.o(.text) refers to msg.o(.text) for MessageAlloc
    app.o(.text) refers to bsp.o(.text) for BSP_Init
    app.o(.text) refers to task.o(.text) for VOS_CreateTask
    app.o(.text) refers to os_task.o(.text) for OSTaskNameSet
    app.o(.text) refers to os_time.o(.text) for OSTimeDlyHMSM
    app.o(.text) refers to cpu_a.o(.text) for CPU_IntDis
    app.o(.text) refers to misc.o(.text) for NVIC_SetVectorTable
    app.o(.text) refers to os_core.o(.text) for OSInit
    app.o(.text) refers to app.o(.data) for .data
    app.o(.text) refers to sapp.o(.data) for sappItfType
    app.o(.text) refers to sapp.o(.constdata) for sbRxBuf
    app.o(.text) refers to app.o(.bss) for .bss
    stm32f10x_it.o(.text) refers to os_cpu_a.o(.text) for OS_CPU_SR_Save
    stm32f10x_it.o(.text) refers to os_core.o(.text) for OSTimeTick
    stm32f10x_it.o(.text) refers to stm32f10x_can.o(.text) for CAN_GetITStatus
    stm32f10x_it.o(.text) refers to cancmd.o(.text) for SndCanData
    stm32f10x_it.o(.text) refers to msg.o(.text) for MessageAlloc
    stm32f10x_it.o(.text) refers to stm32f10x_usart.o(.text) for USART_GetITStatus
    stm32f10x_it.o(.text) refers to serial.o(.text) for Serial_FillRcvBuf
    stm32f10x_it.o(.text) refers to uartcmd.o(.text) for UartCmdPutData
    stm32f10x_it.o(.text) refers to stm32f10x_tim.o(.text) for TIM_GetITStatus
    stm32f10x_it.o(.text) refers to timer_driver.o(.text) for TIM_event_handler
    stm32f10x_it.o(.text) refers to stm32f10x_exti.o(.text) for EXTI_GetITStatus
    stm32f10x_it.o(.text) refers to gpio.o(.text) for sensor_event_handler
    stm32f10x_it.o(.text) refers to os_core.o(.data) for OSRunning
    stm32f10x_it.o(.text) refers to serial.o(.bss) for Serial
    stm32f10x_it.o(.text) refers to printf8.o(i.__0printf$8) for __2printf
    config.o(.text) refers to osal_snv.o(.text) for osal_snv_write
    config.o(.text) refers to memseta.o(.text) for __aeabi_memclr4
    config.o(.text) refers to memcmp.o(.text) for memcmp
    config.o(.text) refers to strcpy.o(.text) for strcpy
    config.o(.text) refers to memcpya.o(.text) for __aeabi_memcpy4
    config.o(.text) refers to sapp.o(.text) for SHZNAPP_SerialResp
    config.o(.text) refers to os_cpu_a.o(.text) for OS_CPU_SR_Save
    config.o(.text) refers to stm32f10x_flash.o(.text) for FLASH_Unlock
    config.o(.text) refers to iwdg_driver.o(.text) for IWDG_Feed
    config.o(.text) refers to serial.o(.text) for SerialInit
    config.o(.text) refers to rtc_driver.o(.text) for RTC_Set
    config.o(.text) refers to config.o(.constdata) for .constdata
    config.o(.text) refers to config.o(.data) for .data
    config.o(.text) refers to config.o(.bss) for .bss
    config.o(.text) refers to sapp.o(.constdata) for sbTxBuf
    config.o(.text) refers to sapp.o(.data) for sappItfPort
    config.o(.text) refers to rtc_driver.o(.bss) for timer
    config.o(.text) refers to beep.o(.text) for MainBeepWithDuration
    relay.o(.text) refers to gpio.o(.text) for stm32_gpio_cfgpin
    relay.o(.text) refers to memseta.o(.text) for __aeabi_memclr4
    relay.o(.text) refers to sys_time.o(.text) for sys_timeout
    relay.o(.text) refers to relay.o(.constdata) for .constdata
    relay.o(.text) refers to relay.o(.bss) for .bss
    dica.o(.text) refers to stm32f10x_gpio.o(.text) for GPIO_PinRemapConfig
    dica.o(.text) refers to stm32f10x_rcc.o(.text) for RCC_APB1PeriphClockCmd
    dica.o(.text) refers to stm32f10x_pwr.o(.text) for PWR_BackupAccessCmd
    dica.o(.text) refers to gpio.o(.text) for stm32_gpio_cfgpin
    dica.o(.text) refers to dica.o(.constdata) for .constdata
    beep.o(.text) refers to gpio.o(.text) for stm32_gpio_cfgpin
[...]
    FLASH_HalfCycleAccessCmd                 0x080077ab   Thumb Code    18  stm32f10x_flash.o(.text)
    FLASH_PrefetchBufferCmd                  0x080077bd   Thumb Code    18  stm32f10x_flash.o(.text)
    FLASH_Unlock                             0x080077cf   Thumb Code    12  stm32f10x_flash.o(.text)
    FLASH_UnlockBank1                        0x080077db   Thumb Code    12  stm32f10x_flash.o(.text)
    FLASH_Lock                               0x080077e7   Thumb Code    12  stm32f10x_flash.o(.text)
    FLASH_LockBank1                          0x080077f3   Thumb Code    12  stm32f10x_flash.o(.text)
    FLASH_GetBank1Status                     0x080077ff   Thumb Code    34  stm32f10x_flash.o(.text)
    FLASH_WaitForLastOperation               0x08007821   Thumb Code    34  stm32f10x_flash.o(.text)
    FLASH_ErasePage                          0x08007843   Thumb Code    60  stm32f10x_flash.o(.text)
    FLASH_EraseAllPages                      0x0800787f   Thumb Code    56  stm32f10x_flash.o(.text)
    FLASH_WaitForLastBank1Operation          0x080078b7   Thumb Code    34  stm32f10x_flash.o(.text)
    FLASH_EraseAllBank1Pages                 0x080078d9   Thumb Code    56  stm32f10x_flash.o(.text)
    FLASH_GetReadOutProtectionStatus         0x08007911   Thumb Code    14  stm32f10x_flash.o(.text)
    FLASH_EraseOptionBytes                   0x0800791f   Thumb Code   108  stm32f10x_flash.o(.text)
    FLASH_ProgramWord                        0x0800798b   Thumb Code    76  stm32f10x_flash.o(.text)
    FLASH_ProgramHalfWord                    0x080079d7   Thumb Code    52  stm32f10x_flash.o(.text)
    FLASH_ProgramOptionByteData              0x08007a0b   Thumb Code    62  stm32f10x_flash.o(.text)
    FLASH_EnableWriteProtection              0x08007a49   Thumb Code   158  stm32f10x_flash.o(.text)
    FLASH_ReadOutProtection                  0x08007ae7   Thumb Code   118  stm32f10x_flash.o(.text)
    FLASH_UserOptionByteConfig               0x08007b5d   Thumb Code    96  stm32f10x_flash.o(.text)
    FLASH_GetUserOptionByte                  0x08007bbd   Thumb Code     8  stm32f10x_flash.o(.text)
    FLASH_GetWriteProtectionOptionByte       0x08007bc5   Thumb Code     6  stm32f10x_flash.o(.text)
    FLASH_GetPrefetchBufferStatus            0x08007bcb   Thumb Code    14  stm32f10x_flash.o(.text)
    FLASH_ITConfig                           0x08007bd9   Thumb Code    18  stm32f10x_flash.o(.text)
    FLASH_GetFlagStatus                      0x08007beb   Thumb Code    28  stm32f10x_flash.o(.text)
    FLASH_ClearFlag                          0x08007c07   Thumb Code     6  stm32f10x_flash.o(.text)
    FLASH_GetStatus                          0x08007c0d   Thumb Code    34  stm32f10x_flash.o(.text)
    CAN_DeInit                               0x08007c35   Thumb Code    38  stm32f10x_can.o(.text)
    CAN_Init                                 0x08007c5b   Thumb Code   232  stm32f10x_can.o(.text)
    CAN_FilterInit                           0x08007d43   Thumb Code   194  stm32f10x_can.o(.text)
    CAN_StructInit                           0x08007e05   Thumb Code    32  stm32f10x_can.o(.text)
    CAN_SlaveStartBank                       0x08007e25   Thumb Code    38  stm32f10x_can.o(.text)
    CAN_ITConfig                             0x08007e4b   Thumb Code    16  stm32f10x_can.o(.text)
    CAN_Transmit                             0x08007e5b   Thumb Code   166  stm32f10x_can.o(.text)
    CAN_TransmitStatus                       0x08007f01   Thumb Code   118  stm32f10x_can.o(.text)
    CAN_CancelTransmit                       0x08007f77   Thumb Code    36  stm32f10x_can.o(.text)
    CAN_FIFORelease                          0x08007f9b   Thumb Code    12  stm32f10x_can.o(.text)
    CAN_MessagePending                       0x08007fa7   Thumb Code    22  stm32f10x_can.o(.text)
    CAN_Receive                              0x08007fbd   Thumb Code   138  stm32f10x_can.o(.text)
    CAN_DBGFreeze                            0x08008047   Thumb Code    20  stm32f10x_can.o(.text)
    CAN_Sleep                                0x0800805b   Thumb Code    30  stm32f10x_can.o(.text)
    CAN_WakeUp                               0x08008079   Thumb Code    40  stm32f10x_can.o(.text)
    CAN_GetFlagStatus                        0x080080a1   Thumb Code    14  stm32f10x_can.o(.text)
    CAN_ClearFlag                            0x080080af   Thumb Code     8  stm32f10x_can.o(.text)
    CAN_GetITStatus                          0x080080b7   Thumb Code   142  stm32f10x_can.o(.text)
    CAN_ClearITPendingBit                    0x08008145   Thumb Code   136  stm32f10x_can.o(.text)
    IWDG_WriteAccessCmd                      0x080081d9   Thumb Code     6  stm32f10x_iwdg.o(.text)
    IWDG_SetPrescaler                        0x080081df   Thumb Code     6  stm32f10x_iwdg.o(.text)
    IWDG_SetReload                           0x080081e5   Thumb Code     6  stm32f10x_iwdg.o(.text)
    IWDG_ReloadCounter                       0x080081eb   Thumb Code    10  stm32f10x_iwdg.o(.text)
    IWDG_Enable                              0x080081f5   Thumb Code    10  stm32f10x_iwdg.o(.text)
    IWDG_GetFlagStatus                       0x080081ff   Thumb Code    16  stm32f10x_iwdg.o(.text)
    USART_DeInit                             0x08008215   Thumb Code    96  stm32f10x_usart.o(.text)
    USART_Init                               0x08008275   Thumb Code   166  stm32f10x_usart.o(.text)
    USART_StructInit                         0x0800831b   Thumb Code    22  stm32f10x_usart.o(.text)
    USART_ClockInit                          0x08008331   Thumb Code    30  stm32f10x_usart.o(.text)
    USART_ClockStructInit                    0x0800834f   Thumb Code    12  stm32f10x_usart.o(.text)
    USART_Cmd                                0x0800835b   Thumb Code    20  stm32f10x_usart.o(.text)
    USART_ITConfig                           0x0800836f   Thumb Code    48  stm32f10x_usart.o(.text)
    USART_DMACmd                             0x0800839f   Thumb Code    16  stm32f10x_usart.o(.text)
    USART_SetAddress                         0x080083af   Thumb Code    16  stm32f10x_usart.o(.text)
    USART_WakeUpConfig                       0x080083bf   Thumb Code    16  stm32f10x_usart.o(.text)
    USART_ReceiverWakeUpCmd                  0x080083cf   Thumb Code    20  stm32f10x_usart.o(.text)
    USART_LINBreakDetectLengthConfig         0x080083e3   Thumb Code    16  stm32f10x_usart.o(.text)
    USART_LINCmd                             0x080083f3   Thumb Code    20  stm32f10x_usart.o(.text)
    USART_SendData                           0x08008407   Thumb Code     8  stm32f10x_usart.o(.text)
    USART_ReceiveData                        0x0800840f   Thumb Code     8  stm32f10x_usart.o(.text)
    USART_SendBreak                          0x08008417   Thumb Code    10  stm32f10x_usart.o(.text)
    USART_SetGuardTime                       0x08008421   Thumb Code    16  stm32f10x_usart.o(.text)
    USART_SetPrescaler                       0x08008431   Thumb Code    16  stm32f10x_usart.o(.text)
    USART_SmartCardCmd                       0x08008441   Thumb Code    20  stm32f10x_usart.o(.text)
    USART_SmartCardNACKCmd                   0x08008455   Thumb Code    20  stm32f10x_usart.o(.text)
    USART_HalfDuplexCmd                      0x08008469   Thumb Code    20  stm32f10x_usart.o(.text)
    USART_OverSampling8Cmd                   0x0800847d   Thumb Code    20  stm32f10x_usart.o(.text)
    USART_OneBitMethodCmd                    0x08008491   Thumb Code    20  stm32f10x_usart.o(.text)
    USART_IrDAConfig                         0x080084a5   Thumb Code    16  stm32f10x_usart.o(.text)
    USART_IrDACmd                            0x080084b5   Thumb Code    20  stm32f10x_usart.o(.text)
    USART_GetFlagStatus                      0x080084c9   Thumb Code    14  stm32f10x_usart.o(.text)
    USART_ClearFlag                          0x080084d7   Thumb Code     6  stm32f10x_usart.o(.text)
    USART_GetITStatus                        0x080084dd   Thumb Code    62  stm32f10x_usart.o(.text)
    USART_ClearITPendingBit                  0x0800851b   Thumb Code    12  stm32f10x_usart.o(.text)
    NVIC_PriorityGroupConfig                 0x0800853d   Thumb Code    10  misc.o(.text)
    NVIC_Init                                0x08008547   Thumb Code    94  misc.o(.text)
    NVIC_SetVectorTable                      0x080085a5   Thumb Code    14  misc.o(.text)
    NVIC_SystemLPConfig                      0x080085b3   Thumb Code    20  misc.o(.text)
    SysTick_CLKSourceConfig                  0x080085c7   Thumb Code    24  misc.o(.text)
    Reset_Handler                            0x080085ed   Thumb Code     8  startup_stm32f10x_md.o(.text)
    ADC1_2_IRQHandler                        0x08008617   Thumb Code     0  startup_stm32f10x_md.o(.text)
    DMA1_Channel1_IRQHandler                 0x08008617   Thumb Code     0  startup_stm32f10x_md.o(.text)
    DMA1_Channel2_IRQHandler                 0x08008617   Thumb Code     0  startup_stm32f10x_md.o(.text)
    DMA1_Channel3_IRQHandler                 0x08008617   Thumb Code     0  startup_stm32f10x_md.o(.text)
    DMA1_Channel4_IRQHandler                 0x08008617   Thumb Code     0  startup_stm32f10x_md.o(.text)
    DMA1_Channel5_IRQHandler                 0x08008617   Thumb Code     0  startup_stm32f10x_md.o(.text)
    DMA1_Channel6_IRQHandler                 0x08008617   Thumb Code     0  startup_stm32f10x_md.o(.text)
    DMA1_Channel7_IRQHandler                 0x08008617   Thumb Code     0  startup_stm32f10x_md.o(.text)
    FLASH_IRQHandler                         0x08008617   Thumb Code     0  startup_stm32f10x_md.o(.text)
    I2C1_ER_IRQHandler                       0x08008617   Thumb Code     0  startup_stm32f10x_md.o(.text)
    I2C2_ER_IRQHandler                       0x08008617   Thumb Code     0  startup_stm32f10x_md.o(.text)
    I2C2_EV_IRQHandler                       0x08008617   Thumb Code     0  startup_stm32f10x_md.o(.text)
    PVD_IRQHandler                           0x08008617   Thumb Code     0  startup_stm32f10x_md.o(.text)
    RCC_IRQHandler                           0x08008617   Thumb Code     0  startup_stm32f10x_md.o(.text)
    RTCAlarm_IRQHandler                      0x08008617   Thumb Code     0  startup_stm32f10x_md.o(.text)
    RTC_IRQHandler                           0x08008617   Thumb Code     0  startup_stm32f10x_md.o(.text)
    TAMPER_IRQHandler                        0x08008617   Thumb Code     0  startup_stm32f10x_md.o(.text)
    TIM1_BRK_IRQHandler                      0x08008617   Thumb Code     0  startup_stm32f10x_md.o(.text)
    TIM1_TRG_COM_IRQHandler                  0x08008617   Thumb Code     0  startup_stm32f10x_md.o(.text)
    USBWakeUp_IRQHandler                     0x08008617   Thumb Code     0  startup_stm32f10x_md.o(.text)
    WWDG_IRQHandler                          0x08008617   Thumb Code     0  startup_stm32f10x_md.o(.text)
    SystemInit                               0x080086c9   Thumb Code    50  system_stm32f10x.o(.text)
    SystemCoreClockUpdate                    0x080086fb   Thumb Code    86  system_stm32f10x.o(.text)
    GetcodeGB_24_LENGTH                      0x0800876d   Thumb Code     4  font.o(.text)
    GetcodeGB_16_LENGTH                      0x08008771   Thumb Code     4  font.o(.text)
    GetcodeGB_48_LENGTH                      0x08008775   Thumb Code     4  font.o(.text)
    InitMem                                  0x08008779   Thumb Code   150  memory.o(.text)
    AllocMem                                 0x0800880f   Thumb Code   100  memory.o(.text)
    FreeMem                                  0x08008873   Thumb Code    48  memory.o(.text)
    MemCheck                                 0x080088a3   Thumb Code     2  memory.o(.text)
    InitTimer                                0x080088b1   Thumb Code    18  timer.o(.text)
    FreeTimerSlot                            0x080088c3   Thumb Code    10  timer.o(.text)
    RmvTimer                                 0x080088cd   Thumb Code    26  timer.o(.text)
    CheckTimer                               0x080088e7   Thumb Code    20  timer.o(.text)
    ModTimer                                 0x080088fb   Thumb Code    60  timer.o(.text)
    AddTimer                                 0x08008937   Thumb Code    98  timer.o(.text)
    TimerProc                                0x08008999   Thumb Code   102  timer.o(.text)
    MessageQueueFull                         0x08008a09   Thumb Code    32  msg.o(.text)
    MessageQueueEmpty                        0x08008a29   Thumb Code    16  msg.o(.text)
    MessageQueueInit                         0x08008a39   Thumb Code    42  msg.o(.text)
    createMessageQueue                       0x08008a63   Thumb Code    74  msg.o(.text)
    queueMessage                             0x08008aad   Thumb Code    70  msg.o(.text)
    waitMessage                              0x08008af3   Thumb Code    80  msg.o(.text)
    MessageQueueDestroy                      0x08008b43   Thumb Code    52  msg.o(.text)
    MessageAlloc                             0x08008b77   Thumb Code    36  msg.o(.text)
    MessageFree                              0x08008b9b   Thumb Code    10  msg.o(.text)
    MessageSend                              0x08008ba5   Thumb Code    60  msg.o(.text)
    VOS_TaskInit                             0x08008be9   Thumb Code    14  task.o(.text)
    VOS_TaskEntry                            0x08008bf7   Thumb Code    24  task.o(.text)
    VOS_CreateTask                           0x08008c0f   Thumb Code   152  task.o(.text)
    VOS_DestroyTask                          0x08008ca7   Thumb Code    40  task.o(.text)
    VOS_GetTaskByPid                         0x08008ccf   Thumb Code    20  task.o(.text)
    VOS_GetTaskQueueByPid                    0x08008ce3   Thumb Code    24  task.o(.text)
    VOS_logger                               0x08008d05   Thumb Code    46  voslog.o(.text)
    VOS_SetLogLevel                          0x08008d33   Thumb Code    10  voslog.o(.text)
    keyboard_get_keystate                    0x08008d6d   Thumb Code    30  keyboard.o(.text)
    keyboard_get_linestate                   0x08008d8b   Thumb Code     6  keyboard.o(.text)
    KeyboardInit                             0x08008d91   Thumb Code    18  keyboard.o(.text)
    keyboard_report                          0x08008da3   Thumb Code    34  keyboard.o(.text)
    keyboard_to                              0x08008dc5   Thumb Code    56  keyboard.o(.text)
    keyboard_sh                              0x08008dfd   Thumb Code    74  keyboard.o(.text)
    RegisterKey                              0x08008e47   Thumb Code   156  keyboard.o(.text)
    UnregisterKey                            0x08008ee3   Thumb Code    94  keyboard.o(.text)
    stm32_gpio_cfgpin                        0x08009029   Thumb Code    34  gpio.o(.text)
    stm32_gpio_getcfg                        0x0800904b   Thumb Code    28  gpio.o(.text)
    stm32_gpio_get_value                     0x08009067   Thumb Code    26  gpio.o(.text)
    stm32_gpio_set_value                     0x08009081   Thumb Code    30  gpio.o(.text)
    stm32_gpio_toggle_value                  0x0800909f   Thumb Code    26  gpio.o(.text)
    stm32_gpio_cfg_irq                       0x080090b9   Thumb Code   130  gpio.o(.text)
    stm32_gpio_disable_irq                   0x0800913b   Thumb Code    34  gpio.o(.text)
    stm32_gpio_enable_irq                    0x0800915d   Thumb Code    60  gpio.o(.text)
    stm32_gpio_get_ext_state                 0x08009199   Thumb Code    26  gpio.o(.text)
    stm32_gpio_get_ext_line                  0x080091b3   Thumb Code    14  gpio.o(.text)
    CheckSensor                              0x080091c1   Thumb Code    20  gpio.o(.text)
    InstallSensorHandler                     0x080091d5   Thumb Code   118  gpio.o(.text)
    UninstallSensorHandler                   0x0800924b   Thumb Code    48  gpio.o(.text)
    UninstallSingleSensorHandler             0x0800927b   Thumb Code    68  gpio.o(.text)
    sensor_event_handler                     0x080092bf   Thumb Code   106  gpio.o(.text)
    stm32_gpio_init                          0x08009329   Thumb Code    26  gpio.o(.text)
    SysTick_Configuration                    0x08009361   Thumb Code    80  bsp.o(.text)
    BSP_Init                                 0x080093b1   Thumb Code    48  bsp.o(.text)
    BSP_IntDisAll                            0x080093e1   Thumb Code     2  bsp.o(.text)
    SysTick_DelayUs                          0x080093e3   Thumb Code    62  bsp.o(.text)
    SysTick_DelayMs                          0x08009421   Thumb Code    44  bsp.o(.text)
    STM_EVAL_CANInit                         0x08009479   Thumb Code   178  can_driver.o(.text)
    CANSendMsgNoWait                         0x0800952b   Thumb Code    96  can_driver.o(.text)
    STM32_CANSendMsgNoWait                   0x0800958b   Thumb Code   112  can_driver.o(.text)
    IWDG_Init                                0x08009609   Thumb Code    50  iwdg_driver.o(.text)
    IWDG_Feed                                0x0800963b   Thumb Code     4  iwdg_driver.o(.text)
    IWDG_Stop                                0x0800963f   Thumb Code     6  iwdg_driver.o(.text)
    IWDG_Start                               0x08009645   Thumb Code    20  iwdg_driver.o(.text)
    RTC_InitBackupRegister                   0x08009659   Thumb Code    26  rtc_driver.o(.text)
    RTC_ReadBackup                           0x08009673   Thumb Code    70  rtc_driver.o(.text)
    RTC_WriteBackup                          0x080096b9   Thumb Code    90  rtc_driver.o(.text)
    Is_Leap_Year                             0x08009713   Thumb Code    38  rtc_driver.o(.text)
    RTC_Set                                  0x08009739   Thumb Code   190  rtc_driver.o(.text)
    RTC_Config                               0x080097f7   Thumb Code   224  rtc_driver.o(.text)
    RTC_Calc_Second                          0x080098d7   Thumb Code   160  rtc_driver.o(.text)
    RTC_Get_Week                             0x08009977   Thumb Code    78  rtc_driver.o(.text)
    RTC_Get_Helper                           0x080099c5   Thumb Code   234  rtc_driver.o(.text)
    RTC_Get                                  0x08009aaf   Thumb Code    16  rtc_driver.o(.text)
    RTC_Get_Second                           0x08009abf   Thumb Code     4  rtc_driver.o(.text)
    RTC_Calibrate                            0x08009ac3   Thumb Code     4  rtc_driver.o(.text)
    TIM_Init_CMP                             0x08009acd   Thumb Code   232  timer_driver.o(.text)
    TIM_Init_PWM                             0x08009bb5   Thumb Code   528  timer_driver.o(.text)
    TIM_PwmStart                             0x08009dc5   Thumb Code    26  timer_driver.o(.text)
    TIM_PwmStop                              0x08009ddf   Thumb Code    32  timer_driver.o(.text)
    TIM_Init_General                         0x08009dff   Thumb Code   246  timer_driver.o(.text)
    TIM_Init_ETR                             0x08009ef5   Thumb Code   386  timer_driver.o(.text)
    TIM_SwitchOuputMode                      0x0800a077   Thumb Code    36  timer_driver.o(.text)
    TIM_InstallHandler                       0x0800a09b   Thumb Code    50  timer_driver.o(.text)
    TIM_UninstallHandler                     0x0800a0cd   Thumb Code    38  timer_driver.o(.text)
    TIM_event_handler                        0x0800a0f3   Thumb Code    30  timer_driver.o(.text)
    sys_arch_timeouts                        0x0800a12d   Thumb Code     4  sys_time.o(.text)
    __sys_untimeout                          0x0800a131   Thumb Code    50  sys_time.o(.text)
    sys_untimeout                            0x0800a163   Thumb Code    30  sys_time.o(.text)
    __sys_timeout                            0x0800a181   Thumb Code    66  sys_time.o(.text)
    sys_timeout                              0x0800a1c3   Thumb Code    58  sys_time.o(.text)
    sys_time_match                           0x0800a1fd   Thumb Code    24  sys_time.o(.text)
    sys_time_ticking                         0x0800a215   Thumb Code    28  sys_time.o(.text)
    sys_time_proc                            0x0800a231   Thumb Code    68  sys_time.o(.text)
    sys_inittime                             0x0800a275   Thumb Code     8  sys_time.o(.text)
    STM_EVAL_COMInit                         0x0800a281   Thumb Code   154  serial_driver.o(.text)
    FLASH_PagesMask                          0x0800a321   Thumb Code    20  common.o(.text)
    HAL_SYSTEM_RESET                         0x0800a335   Thumb Code    20  common.o(.text)
    FLASH_DisableWriteProtectionPages        0x0800a349   Thumb Code   108  common.o(.text)
    FLASH_Prepare                            0x0800a3b5   Thumb Code    36  common.o(.text)
    checkRC                                  0x0800a3d9   Thumb Code    22  common.o(.text)
    GetDeviceElecId                          0x0800a3ef   Thumb Code    24  common.o(.text)
    CmpDeviceElecId                          0x0800a407   Thumb Code    36  common.o(.text)
    HashDeviceElecId                         0x0800a42b   Thumb Code    24  common.o(.text)
    Flash_IsProtected                        0x0800a443   Thumb Code    12  common.o(.text)
    osal_snv_reset                           0x0800a6c7   Thumb Code    40  osal_snv.o(.text)
    osal_snv_init                            0x0800a6ef   Thumb Code    20  osal_snv.o(.text)
    osal_snv_write                           0x0800a703   Thumb Code   220  osal_snv.o(.text)
    osal_snv_read                            0x0800a7df   Thumb Code    40  osal_snv.o(.text)
    osal_snv_compact                         0x0800a807   Thumb Code    46  osal_snv.o(.text)
    OS_CPU_SR_Save                           0x0800a8d1   Thumb Code     0  os_cpu_a.o(.text)
    OS_CPU_SR_Restore                        0x0800a8d9   Thumb Code     0  os_cpu_a.o(.text)
    OSStartHighRdy                           0x0800a8df   Thumb Code     0  os_cpu_a.o(.text)
    OSCtxSw                                  0x0800a8ff   Thumb Code     0  os_cpu_a.o(.text)
    OSIntCtxSw                               0x0800a909   Thumb Code     0  os_cpu_a.o(.text)
    PendSV_Handler                           0x0800a913   Thumb Code     0  os_cpu_a.o(.text)
    CPU_IntDis                               0x0800a979   Thumb Code     0  cpu_a.o(.text)
    CPU_IntEn                                0x0800a97d   Thumb Code     0  cpu_a.o(.text)
    CPU_SR_Save                              0x0800a981   Thumb Code     0  cpu_a.o(.text)
    CPU_SR_Restore                           0x0800a989   Thumb Code     0  cpu_a.o(.text)
    OS_StrCopy                               0x0800a991   Thumb Code    28  os_core.o(.text)
    OSEventNameGet                           0x0800a9ad   Thumb Code    96  os_core.o(.text)
    OS_StrLen                                0x0800aa0d   Thumb Code    20  os_core.o(.text)
    OSEventNameSet                           0x0800aa21   Thumb Code   106  os_core.o(.text)
    OS_TaskIdle                              0x0800aa8b   Thumb Code    22  os_core.o(.text)
    OS_MemClr                                0x0800aaa1   Thumb Code    18  os_core.o(.text)
    OSInit                                   0x0800aab3   Thumb Code   240  os_core.o(.text)
    OSIntEnter                               0x0800aba3   Thumb Code    20  os_core.o(.text)
    OSIntExit                                0x0800abd9   Thumb Code    76  os_core.o(.text)
    OSSchedLock                              0x0800ac25   Thumb Code    38  os_core.o(.text)
    OS_Sched                                 0x0800ac4b   Thumb Code    58  os_core.o(.text)
    OSSchedUnlock                            0x0800ac85   Thumb Code    52  os_core.o(.text)
    OSStart                                  0x0800acb9   Thumb Code    38  os_core.o(.text)
    OSTimeTick                               0x0800acdf   Thumb Code   130  os_core.o(.text)
    OSVersion                                0x0800ad61   Thumb Code     6  os_core.o(.text)
    OS_Dummy                                 0x0800ad67   Thumb Code     2  os_core.o(.text)
    OS_EventTaskRdy                          0x0800ad69   Thumb Code   148  os_core.o(.text)
    OS_EventTaskWait                         0x0800adfd   Thumb Code    68  os_core.o(.text)
    OS_EventTOAbort                          0x0800ae41   Thumb Code    50  os_core.o(.text)
    OS_EventWaitListInit                     0x0800ae73   Thumb Code    22  os_core.o(.text)
    OS_MemCopy                               0x0800ae89   Thumb Code    20  os_core.o(.text)
    OS_TaskStatStkChk                        0x0800ae9d   Thumb Code    50  os_core.o(.text)
    OS_TCBInit                               0x0800aecf   Thumb Code   210  os_core.o(.text)
    OSMboxAccept                             0x0800afa9   Thumb Code    34  os_mbox.o(.text)
    OSMboxCreate                             0x0800afcb   Thumb Code    60  os_mbox.o(.text)
    OSMboxDel                                0x0800b007   Thumb Code   210  os_mbox.o(.text)
    OSMboxPend                               0x0800b0d9   Thumb Code   196  os_mbox.o(.text)
    OSMboxPendAbort                          0x0800b19d   Thumb Code   118  os_mbox.o(.text)
    OSMboxPost                               0x0800b213   Thumb Code    88  os_mbox.o(.text)
    OSMboxPostOpt                            0x0800b26b   Thumb Code   120  os_mbox.o(.text)
    OSMboxQuery                              0x0800b2e3   Thumb Code    78  os_mbox.o(.text)
    OSTaskChangePrio                         0x0800b341   Thumb Code   304  os_task.o(.text)
    OSTaskCreate                             0x0800b471   Thumb Code   132  os_task.o(.text)
    OS_TaskStkClr                            0x0800b4f5   Thumb Code    22  os_task.o(.text)
    OSTaskCreateExt                          0x0800b50b   Thumb Code   152  os_task.o(.text)
    OSTaskDel                                0x0800b5a3   Thumb Code   292  os_task.o(.text)
    OSTaskDelReq                             0x0800b6c7   Thumb Code    88  os_task.o(.text)
    OSTaskNameGet                            0x0800b71f   Thumb Code   156  os_task.o(.text)
    OSTaskNameSet                            0x0800b7bb   Thumb Code   130  os_task.o(.text)
    OSTaskResume                             0x0800b83d   Thumb Code   128  os_task.o(.text)
    OSTaskStkChk                             0x0800b8bd   Thumb Code   126  os_task.o(.text)
    OSTaskSuspend                            0x0800b93b   Thumb Code   146  os_task.o(.text)
    OSTaskQuery                              0x0800b9cd   Thumb Code    94  os_task.o(.text)
    OSTimeDly                                0x0800ba45   Thumb Code    74  os_time.o(.text)
    OSTimeDlyHMSM                            0x0800ba8f   Thumb Code   128  os_time.o(.text)
    OSTimeDlyResume                          0x0800bb0f   Thumb Code   134  os_time.o(.text)
    OSTimeGet                                0x0800bb95   Thumb Code    18  os_time.o(.text)
    OSTimeSet                                0x0800bba7   Thumb Code    20  os_time.o(.text)
    Config_GetAddress                        0x0800bbe7   Thumb Code    30  sapp.o(.text)
    Config_SetAddress                        0x0800bc0d   Thumb Code    56  sapp.o(.text)
    SHZNAPP_SerialAppProc                    0x0800bc45   Thumb Code   166  sapp.o(.text)
    SHZNAPP_SerialBootProc                   0x0800bceb   Thumb Code   198  sapp.o(.text)
    SHZNAPP_SerialUnknowProc                 0x0800bdb1   Thumb Code    30  sapp.o(.text)
    SHZNAPP_SerialResp                       0x0800bdcf   Thumb Code    68  sapp.o(.text)
    SHZNAPP_SerialParse                      0x0800be13   Thumb Code   150  sapp.o(.text)
    SHZNAPP_CanParse                         0x0800bea9   Thumb Code   114  sapp.o(.text)
    SHZNAPP_SetTgtType                       0x0800bf1b   Thumb Code     6  sapp.o(.text)
    SHZNAPP_SerialInit                       0x0800bf21   Thumb Code    18  sapp.o(.text)
    DrawBitmap                               0x0800bf7d   Thumb Code   242  bmp.o(.text)
    BtnCreateButton                          0x0800c073   Thumb Code    70  button.o(.text)
    BtnDestoryButton                         0x0800c0b9   Thumb Code    40  button.o(.text)
    BtnHitTest                               0x0800c0e1   Thumb Code    38  button.o(.text)
    BtnShow                                  0x0800c1eb   Thumb Code    28  button.o(.text)
    BtnTouchEventEntry                       0x0800c207   Thumb Code    50  button.o(.text)
    BtnInit                                  0x0800c239   Thumb Code    38  button.o(.text)
    VOS_CreateSem                            0x0800c291   Thumb Code    24  vos.o(.text)
    VOS_SemP                                 0x0800c2a9   Thumb Code    16  vos.o(.text)
    VOS_SemV                                 0x0800c2b9   Thumb Code    24  vos.o(.text)
    VOS_DestroySem                           0x0800c2d1   Thumb Code    20  vos.o(.text)
    Version_CopyrightPins                    0x0800c2e5   Thumb Code    58  version.o(.text)
    Version_CopyrightPIdMustSet              0x0800c31f   Thumb Code    30  version.o(.text)
    Version_CopyrightPIdMustCheck            0x0800c33d   Thumb Code    78  version.o(.text)
    Version_Copyright                        0x0800c38b   Thumb Code    24  version.o(.text)
    CopyRight_Init                           0x0800c3b1   Thumb Code    22  copyright.o(.text)
    CopyRight_return_type                    0x0800c3c7   Thumb Code    84  copyright.o(.text)
    CopyRight_VersionCheck                   0x0800c41b   Thumb Code    14  copyright.o(.text)
    halAssertHandler                         0x0800c431   Thumb Code     2  hal_assert.o(.text)
    halAssertHazardLights                    0x0800c433   Thumb Code     2  hal_assert.o(.text)
    HalFlashRead                             0x0800c435   Thumb Code    26  hal_flash.o(.text)
    HalFlashWrite                            0x0800c44f   Thumb Code    66  hal_flash.o(.text)
    HalFlashErase                            0x0800c491   Thumb Code    38  hal_flash.o(.text)
    OSInitHookBegin                          0x0800c4b7   Thumb Code     2  os_cpu_c.o(.text)
    OSInitHookEnd                            0x0800c4b9   Thumb Code     2  os_cpu_c.o(.text)
    OSTaskCreateHook                         0x0800c4bb   Thumb Code     4  os_cpu_c.o(.text)
    OSTaskDelHook                            0x0800c4bf   Thumb Code     4  os_cpu_c.o(.text)
    OSTaskIdleHook                           0x0800c4c3   Thumb Code     4  os_cpu_c.o(.text)
    OSTaskStatHook                           0x0800c4c7   Thumb Code     4  os_cpu_c.o(.text)
    OSTaskStkInit                            0x0800c4cb   Thumb Code   114  os_cpu_c.o(.text)
    OSTaskSwHook                             0x0800c53d   Thumb Code     4  os_cpu_c.o(.text)
    OSTCBInitHook                            0x0800c541   Thumb Code     4  os_cpu_c.o(.text)
    OSTimeTickHook                           0x0800c545   Thumb Code     4  os_cpu_c.o(.text)
    OSFlagAccept                             0x0800c549   Thumb Code   162  os_flag.o(.text)
    OSFlagCreate                             0x0800c5eb   Thumb Code    72  os_flag.o(.text)
    OS_FlagUnlink                            0x0800c633   Thumb Code    32  os_flag.o(.text)
    OSFlagDel                                0x0800c69b   Thumb Code   196  os_flag.o(.text)
    OSFlagNameGet                            0x0800c75f   Thumb Code    88  os_flag.o(.text)
    OSFlagNameSet                            0x0800c7b7   Thumb Code   100  os_flag.o(.text)
    OSFlagPend                               0x0800c871   Thumb Code   380  os_flag.o(.text)
    OSFlagPendGetFlagsRdy                    0x0800c9ed   Thumb Code    20  os_flag.o(.text)
    OSFlagPost                               0x0800ca01   Thumb Code   188  os_flag.o(.text)
    OSFlagQuery                              0x0800cabd   Thumb Code    46  os_flag.o(.text)
    OS_FlagInit                              0x0800caeb   Thumb Code    64  os_flag.o(.text)
    OSSemAccept                              0x0800cb39   Thumb Code    36  os_sem.o(.text)
    OSSemCreate                              0x0800cb5d   Thumb Code    60  os_sem.o(.text)
    OSSemDel                                 0x0800cb99   Thumb Code   210  os_sem.o(.text)
    OSSemPend                                0x0800cc6b   Thumb Code   168  os_sem.o(.text)
    OSSemPendAbort                           0x0800cd13   Thumb Code   118  os_sem.o(.text)
    OSSemPost                                0x0800cd89   Thumb Code    88  os_sem.o(.text)
    OSSemQuery                               0x0800cde1   Thumb Code    78  os_sem.o(.text)
    OSSemSet                                 0x0800ce2f   Thumb Code    60  os_sem.o(.text)
    __rt_ctype_table                         0x0800ce7d   Thumb Code     4  ctype_o.o(.text)
    rand                                     0x0800ce85   Thumb Code    20  rand.o(.text)
    srand                                    0x0800ce99   Thumb Code     6  rand.o(.text)
    __aeabi_memcpy                           0x0800cea9   Thumb Code    36  memcpya.o(.text)
    __aeabi_memcpy4                          0x0800cea9   Thumb Code     0  memcpya.o(.text)
    __aeabi_memcpy8                          0x0800cea9   Thumb Code     0  memcpya.o(.text)
    __aeabi_memset                           0x0800cecd   Thumb Code    14  memseta.o(.text)
    __aeabi_memset4                          0x0800cecd   Thumb Code     0  memseta.o(.text)
    __aeabi_memset8                          0x0800cecd   Thumb Code     0  memseta.o(.text)
    __aeabi_memclr                           0x0800cedb   Thumb Code     4  memseta.o(.text)
    __aeabi_memclr4                          0x0800cedb   Thumb Code     0  memseta.o(.text)
    __aeabi_memclr8                          0x0800cedb   Thumb Code     0  memseta.o(.text)
    _memset$wrapper                          0x0800cedf   Thumb Code    18  memseta.o(.text)
    strchr                                   0x0800cef1   Thumb Code    20  strchr.o(.text)
    strlen                                   0x0800cf05   Thumb Code    14  strlen.o(.text)
    strcmp                                   0x0800cf13   Thumb Code    28  strcmp.o(.text)
    memcmp                                   0x0800cf2f   Thumb Code    26  memcmp.o(.text)
    strcpy                                   0x0800cf49   Thumb Code    18  strcpy.o(.text)
    strncmp                                  0x0800cf5b   Thumb Code    30  strncmp.o(.text)
    atoi                                     0x0800cf79   Thumb Code    26  atoi.o(.text)
    __aeabi_fmul                             0x0800cf93   Thumb Code   100  fmul.o(.text)
    __aeabi_fdiv                             0x0800cff7   Thumb Code   124  fdiv.o(.text)
    __aeabi_dadd                             0x0800d073   Thumb Code   322  dadd.o(.text)
    __aeabi_dsub                             0x0800d1b5   Thumb Code     6  dadd.o(.text)
    __aeabi_drsub                            0x0800d1bb   Thumb Code     6  dadd.o(.text)
    __aeabi_dmul                             0x0800d1c1   Thumb Code   228  dmul.o(.text)
    __aeabi_i2d                              0x0800d2a5   Thumb Code    34  dflti.o(.text)
    __aeabi_ui2d                             0x0800d2c7   Thumb Code    26  dfltui.o(.text)
    __aeabi_f2iz                             0x0800d2e1   Thumb Code    50  ffixi.o(.text)
    __aeabi_d2iz                             0x0800d313   Thumb Code    62  dfixi.o(.text)
    __aeabi_f2d                              0x0800d351   Thumb Code    38  f2d.o(.text)
    __aeabi_cdcmpeq                          0x0800d379   Thumb Code     0  cdcmple.o(.text)
    __aeabi_cdcmple                          0x0800d379   Thumb Code    48  cdcmple.o(.text)
    __aeabi_cdrcmple                         0x0800d3a9   Thumb Code    48  cdrcmple.o(.text)
    __aeabi_uidiv                            0x0800d3d9   Thumb Code     0  uidiv.o(.text)
    __aeabi_uidivmod                         0x0800d3d9   Thumb Code    44  uidiv.o(.text)
    __aeabi_uldivmod                         0x0800d405   Thumb Code    98  uldiv.o(.text)
    __aeabi_llsl                             0x0800d467   Thumb Code    30  llshl.o(.text)
    _ll_shift_l                              0x0800d467   Thumb Code     0  llshl.o(.text)
    __aeabi_llsr                             0x0800d485   Thumb Code    32  llushr.o(.text)
    _ll_ushift_r                             0x0800d485   Thumb Code     0  llushr.o(.text)
    __aeabi_lasr                             0x0800d4a5   Thumb Code    36  llsshr.o(.text)
    _ll_sshift_r                             0x0800d4a5   Thumb Code     0  llsshr.o(.text)
    strtol                                   0x0800d4c9   Thumb Code   112  strtol.o(.text)
    __I$use$fp                               0x0800d539   Thumb Code     0  iusefp.o(.text)
    _float_round                             0x0800d539   Thumb Code    18  fepilogue.o(.text)
    _float_epilogue                          0x0800d54b   Thumb Code    92  fepilogue.o(.text)
    _double_round                            0x0800d5a7   Thumb Code    30  depilogue.o(.text)
    _double_epilogue                         0x0800d5c5   Thumb Code   156  depilogue.o(.text)
    __aeabi_ddiv                             0x0800d661   Thumb Code   222  ddiv.o(.text)
    __aeabi_d2ulz                            0x0800d73f   Thumb Code    48  dfixul.o(.text)
    __scatterload                            0x0800d771   Thumb Code    28  init.o(.text)
    __scatterload_rt2                        0x0800d771   Thumb Code     0  init.o(.text)
    _strtoul                                 0x0800d795   Thumb Code   158  _strtoul.o(.text)
    __ARM_scalbn                             0x0800d833   Thumb Code    46  dscalb.o(.text)
    scalbn                                   0x0800d833   Thumb Code     0  dscalb.o(.text)
    _chval                                   0x0800d861   Thumb Code    28  _chval.o(.text)
    __decompress                             0x0800d87d   Thumb Code     0  __dczerorl2.o(.text)
    __decompress1                            0x0800d87d   Thumb Code    86  __dczerorl2.o(.text)
    __0printf$8                              0x0800d8d5   Thumb Code    22  printf8.o(i.__0printf$8)
    __1printf$8                              0x0800d8d5   Thumb Code     0  printf8.o(i.__0printf$8)
    __2printf                                0x0800d8d5   Thumb Code     0  printf8.o(i.__0printf$8)
    __0sprintf$8                             0x0800d8f5   Thumb Code    34  printf8.o(i.__0sprintf$8)
    __1sprintf$8                             0x0800d8f5   Thumb Code     0  printf8.o(i.__0sprintf$8)
    __2sprintf                               0x0800d8f5   Thumb Code     0  printf8.o(i.__0sprintf$8)
    __0vprintf                               0x0800d91d   Thumb Code     8  printfa.o(i.__0vprintf)
    __1vprintf                               0x0800d91d   Thumb Code     0  printfa.o(i.__0vprintf)
    __2vprintf                               0x0800d91d   Thumb Code     0  printfa.o(i.__0vprintf)
    __c89vprintf                             0x0800d91d   Thumb Code     0  printfa.o(i.__0vprintf)
    vprintf                                  0x0800d91d   Thumb Code     0  printfa.o(i.__0vprintf)
    __0vsprintf                              0x0800d92d   Thumb Code    30  printfa.o(i.__0vsprintf)
    __1vsprintf                              0x0800d92d   Thumb Code     0  printfa.o(i.__0vsprintf)
    __2vsprintf                              0x0800d92d   Thumb Code     0  printfa.o(i.__0vsprintf)
    __c89vsprintf                            0x0800d92d   Thumb Code     0  printfa.o(i.__0vsprintf)
    vsprintf                                 0x0800d92d   Thumb Code     0  printfa.o(i.__0vsprintf)
    __ARM_fpclassify                         0x0800d951   Thumb Code    40  fpclassify.o(i.__ARM_fpclassify)
    __aeabi_errno_addr                       0x0800d979   Thumb Code     4  errno.o(i.__aeabi_errno_addr)
    __rt_errno_addr                          0x0800d979   Thumb Code     0  errno.o(i.__aeabi_errno_addr)
    __ieee754_rem_pio2                       0x0800d981   Thumb Code   828  rred.o(i.__ieee754_rem_pio2)
    __kernel_cos                             0x0800dd09   Thumb Code   230  cos_i.o(i.__kernel_cos)
    __kernel_poly                            0x0800de05   Thumb Code   170  poly.o(i.__kernel_poly)
    __kernel_sin                             0x0800deb1   Thumb Code   224  sin_i.o(i.__kernel_sin)
    __mathlib_dbl_infnan                     0x0800df9d   Thumb Code     6  dunder.o(i.__mathlib_dbl_infnan)
    __mathlib_dbl_invalid                    0x0800dfa3   Thumb Code    12  dunder.o(i.__mathlib_dbl_invalid)
    __mathlib_dbl_underflow                  0x0800dfb1   Thumb Code    10  dunder.o(i.__mathlib_dbl_underflow)
    __scatterload_copy                       0x0800dfc1   Thumb Code    14  handlers.o(i.__scatterload_copy)
    __scatterload_null                       0x0800dfcf   Thumb Code     2  handlers.o(i.__scatterload_null)
    __scatterload_zeroinit                   0x0800dfd1   Thumb Code    14  handlers.o(i.__scatterload_zeroinit)
    __set_errno                              0x0800dfe1   Thumb Code     6  errno.o(i.__set_errno)
    cos                                      0x0800ed15   Thumb Code   148  cos.o(i.cos)
    sin                                      0x0800edb1   Thumb Code   150  sin.o(i.sin)
    LocalCfgOffset                           0x0800ee50   Data           1  config.o(.constdata)
    LocalCfgSize                             0x0800ee51   Data           1  config.o(.constdata)
    version                                  0x0800ee52   Data          19  config.o(.constdata)
    dtype                                    0x0800ee65   Data           9  config.o(.constdata)
    relays                                   0x0800ee6e   Data           2  relay.o(.constdata)
    aRelayDefaults                           0x0800ee70   Data           2  relay.o(.constdata)
    inputs                                   0x0800ee72   Data           1  dica.o(.constdata)
    Serial_DataBits                          0x0800ee74   Data           4  serial.o(.constdata)
    Serial_StopBits                          0x0800ee78   Data           6  serial.o(.constdata)
    Serial_Parity                            0x0800ee7e   Data           6  serial.o(.constdata)
    bmpcirculate                             0x0800eee8   Data        1246  display.o(.constdata)
    bmpbtnclick                              0x0800f3c6   Data        1246  display.o(.constdata)
    bmptakewater                             0x0800f8a4   Data        1246  display.o(.constdata)
    bmpTWInc                                 0x0800fd82   Data        1246  display.o(.constdata)
    bmpTWDec                                 0x08010260   Data        1246  display.o(.constdata)
    bmpSpeedInc                              0x0801073e   Data        1246  display.o(.constdata)
    bmpSpeedDec                              0x08010c1c   Data        1246  display.o(.constdata)
    bmpprogressbar                           0x080110fa   Data         158  display.o(.constdata)
    bmpprogressbarback                       0x08011198   Data         566  display.o(.constdata)
    STM32F10x_STR                            0x080113ce   Data          52  printf.o(.constdata)
    aucTrx2CcbMap                            0x08011402   Data           2  cancmd.o(.constdata)
    aucCcb2TrxMap                            0x08011404   Data           3  cancmd.o(.constdata)
    ascii_8x16                               0x08011407   Data        1536  font.o(.constdata)
    ASCII_12x24                              0x08011a08   Data        9216  font.o(.constdata)
    ascii_24x48                              0x08013e08   Data       13824  font.o(.constdata)
    codeGB_24                                0x08017408   Data        8925  font.o(.constdata)
    codeGB_16                                0x080196e5   Data         105  font.o(.constdata)
    codeGB_48                                0x0801974e   Data        3492  font.o(.constdata)
    BackupRegs                               0x0801a4f2   Data           9  rtc_driver.o(.constdata)
    table_week                               0x0801a4fb   Data          12  rtc_driver.o(.constdata)
    mon_table                                0x0801a507   Data          12  rtc_driver.o(.constdata)
    TIMER_IRQ                                0x0801a514   Data           8  timer_driver.o(.constdata)
    TIMER_IRQ_UP                             0x0801a51c   Data           8  timer_driver.o(.constdata)
    TIMER_CLK                                0x0801a524   Data          16  timer_driver.o(.constdata)
    COM_TX_PIN                               0x0801a534   Data           6  serial_driver.o(.constdata)
    COM_RX_PIN                               0x0801a53a   Data           6  serial_driver.o(.constdata)
    COM_USART                                0x0801a540   Data          12  serial_driver.o(.constdata)
    COM_TX_PORT                              0x0801a54c   Data          12  serial_driver.o(.constdata)
    COM_RX_PORT                              0x0801a558   Data          12  serial_driver.o(.constdata)
    COM_USART_CLK                            0x0801a564   Data          12  serial_driver.o(.constdata)
    COM_TX_PORT_CLK                          0x0801a570   Data          12  serial_driver.o(.constdata)
    COM_RX_PORT_CLK                          0x0801a57c   Data          12  serial_driver.o(.constdata)
    OSUnMapTbl                               0x0801a588   Data         256  os_core.o(.constdata)
    sbRxBuf                                  0x0801a688   Data           4  sapp.o(.constdata)
    sbTxBuf                                  0x0801a68c   Data           4  sapp.o(.constdata)
    __ctype_table                            0x0801a69e   Data         129  ctype_o.o(.constdata)
    Region$$Table$$Base                      0x0801a880   Number         0  anon$$obj.o(Region$$Table)
    Region$$Table$$Limit                     0x0801a8a0   Number         0  anon$$obj.o(Region$$Table)
    ulAppTime                                0x20000000   Data           4  app.o(.data)
    jiffies                                  0x20000004   Data           4  app.o(.data)
    ulAppSecond                              0x20000008   Data           4  app.o(.data)
    ulAppTicks                               0x2000000c   Data           4  app.o(.data)
    gusDeviceId                              0x20000010   Data           2  config.o(.data)
    gusOperMode                              0x20000012   Data           2  config.o(.data)
    aDevType                                 0x20000014   Data           8  config.o(.data)
    isInUsePage                              0x20000024   Data           1  display.o(.data)
    isUpdTimer                               0x20000025   Data           1  display.o(.data)
    isInUseTimer                             0x20000026   Data           2  display.o(.data)
    isI2                                     0x20000028   Data           4  display.o(.data)
    isQtwing                                 0x2000002c   Data           4  display.o(.data)
    gpBtnCir                                 0x20000030   Data           4  display.o(.data)
    gpBtnTWInc                               0x20000034   Data           4  display.o(.data)
    gpBtnTWDec                               0x20000038   Data           4  display.o(.data)
    gpBtnSpeedInc                            0x2000003c   Data           4  display.o(.data)
    gpBtnSpeedDec                            0x20000040   Data           4  display.o(.data)
    curFont                                  0x20000044   Data           4  display.o(.data)
    rectTime                                 0x2000004c   Data           8  display.o(.data)
    stp                                      0x20000058   Data           4  lcd.o(.data)
    arcangle                                 0x20000060   Data           8  lcd.o(.data)
    ucSndbufAllocMask                        0x20000068   Data           1  cancmd.o(.data)
    ucSndBufFront                            0x20000069   Data           1  cancmd.o(.data)
    ucSndBufRear                             0x2000006a   Data           1  cancmd.o(.data)
    ucCanOutFlag                             0x2000006b   Data           1  cancmd.o(.data)
    ucCanBusySecond                          0x2000006c   Data           1  cancmd.o(.data)
    ucZombieCcbIndex                         0x2000006d   Data           1  cancmd.o(.data)
    CanAddress                               0x2000006e   Data           2  cancmd.o(.data)
    CanHashAddr                              0x20000070   Data           2  cancmd.o(.data)
    gCanSndEmptyCB                           0x20000074   Data           4  cancmd.o(.data)
    aSndBufQueue                             0x20000078   Data           8  cancmd.o(.data)
    TpMask                                   0x20000080   Data           1  cytma.o(.data)
    BtnMask                                  0x20000081   Data           1  cytma.o(.data)
    TpNum                                    0x20000082   Data           2  cytma.o(.data)
    BtnStatus                                0x20000084   Data           2  cytma.o(.data)
    wdtTimer                                 0x20000086   Data           2  cytma.o(.data)
    SystemCoreClock                          0x200000a8   Data           4  system_stm32f10x.o(.data)
    AHBPrescTable                            0x200000ac   Data          16  system_stm32f10x.o(.data)
    memStat                                  0x200000bc   Data           2  memory.o(.data)
    CAN                                      0x200001e0   Data           4  can_driver.o(.data)
    CAN_TX_PORT                              0x200001e4   Data           4  can_driver.o(.data)
    CAN_RX_PORT                              0x200001e8   Data           4  can_driver.o(.data)
    TIMER_Def                                0x200001f0   Data          16  timer_driver.o(.data)
    default_timeouts                         0x20000200   Data           4  sys_time.o(.data)
    BlockNbr                                 0x20000204   Data           4  common.o(.data)
    UserMemoryMask                           0x20000208   Data           4  common.o(.data)
    FlashProtection                          0x2000020c   Data           4  common.o(.data)
    OSIntNesting                             0x20000218   Data           1  os_core.o(.data)
    OSLockNesting                            0x20000219   Data           1  os_core.o(.data)
    OSPrioCur                                0x2000021a   Data           1  os_core.o(.data)
    OSPrioHighRdy                            0x2000021b   Data           1  os_core.o(.data)
    OSRdyGrp                                 0x2000021c   Data           1  os_core.o(.data)
    OSRunning                                0x2000021d   Data           1  os_core.o(.data)
    OSTaskCtr                                0x2000021e   Data           1  os_core.o(.data)
    OSCtxSwCtr                               0x20000220   Data           4  os_core.o(.data)
    OSEventFreeList                          0x20000224   Data           4  os_core.o(.data)
    OSIdleCtr                                0x20000228   Data           4  os_core.o(.data)
    OSTCBCur                                 0x2000022c   Data           4  os_core.o(.data)
    OSTCBFreeList                            0x20000230   Data           4  os_core.o(.data)
    OSTCBHighRdy                             0x20000234   Data           4  os_core.o(.data)
    OSTCBList                                0x20000238   Data           4  os_core.o(.data)
    OSTime                                   0x2000023c   Data           4  os_core.o(.data)
    OSRdyTbl                                 0x20000240   Data           8  os_core.o(.data)
    OSFlagFreeList                           0x20000248   Data           4  os_core.o(.data)
    sappItfType                              0x2000024c   Data           1  sapp.o(.data)
    sappItfPort                              0x2000024d   Data           1  sapp.o(.data)
    sappTgtType                              0x2000024e   Data           1  sapp.o(.data)
    sbFcs                                    0x2000024f   Data           1  sapp.o(.data)
    sbIdx                                    0x20000250   Data           1  sapp.o(.data)
    sbLen                                    0x20000251   Data           1  sapp.o(.data)
    sappFlags                                0x20000253   Data           1  sapp.o(.data)
    __stdout                                 0x20000264   Data           4  stdout.o(.data)
    Config_buff                              0x20000c6c   Data        1024  config.o(.bss)
    gAdmin                                   0x2000106c   Data          34  config.o(.bss)
    gTslibLinearCfg                          0x20001090   Data          28  config.o(.bss)
    gCfg                                     0x200010ac   Data          20  config.o(.bss)
    aPulseCtrl                               0x200010c0   Data          64  relay.o(.bss)
    Serial                                   0x2000110c   Data        1332  serial.o(.bss)
    UartCmdStru                              0x20001640   Data         520  uartcmd.o(.bss)
    gDisplay                                 0x20001868   Data         108  display.o(.bss)
    font24                                   0x200018d4   Data          16  display.o(.bss)
    font8                                    0x200018e4   Data          16  display.o(.bss)
    font48                                   0x200018f4   Data          16  display.o(.bss)
    arcx                                     0x20001908   Data          88  lcd.o(.bss)
    arcy                                     0x20001960   Data          88  lcd.o(.bss)
    CanCcb                                   0x200019b8   Data         264  cancmd.o(.bss)
    CanRcvBuff                               0x20001ac0   Data          48  cancmd.o(.bss)
    CanSndBuff                               0x20001af0   Data         192  cancmd.o(.bss)
    TpX                                      0x20001bd0   Data          20  cytma.o(.bss)
    TpY                                      0x20001be4   Data          20  cytma.o(.bss)
    memblock                                 0x20001cc0   Data        4000  memory.o(.bss)
    memIndex                                 0x20002c60   Data          40  memory.o(.bss)
    memOffset                                0x20002c88   Data          80  memory.o(.bss)
    TimerArray                               0x20002cd8   Data         192  timer.o(.bss)
    TimerIndex                               0x20002d98   Data          16  timer.o(.bss)
    EXTI_PORT                                0x2000307c   Data          64  gpio.o(.bss)
    aSensorHandler                           0x200030bc   Data         384  gpio.o(.bss)
    timer                                    0x2000323c   Data          10  rtc_driver.o(.bss)
    aTimerHandler                            0x20003248   Data          64  timer_driver.o(.bss)
    OSEventTbl                               0x20003288   Data         360  os_core.o(.bss)
    OSTaskIdleStk                            0x200033f0   Data         512  os_core.o(.bss)
    OSTCBPrioTbl                             0x200035f0   Data         256  os_core.o(.bss)
    OSTCBTbl                                 0x200036f0   Data        1496  os_core.o(.bss)
    OSFlagTbl                                0x20003cc8   Data         140  os_core.o(.bss)
    rpcBuf                                   0x20003d54   Data         392  sapp.o(.bss)
    __initial_sp                             0x20004480   Data           0  startup_stm32f10x_md.o(STACK)



==============================================================================

Memory Map of the image

  Image Entry point : 0x080000ed

  Load Region LR_IROM1 (Base: 0x08000000, Size: 0x0001ab0c, Max: 0x00020000, ABSOLUTE, COMPRESSED[0x0001a950])

    Execution Region ER_IROM1 (Exec base: 0x08000000, Load base: 0x08000000, Size: 0x0001a8a0, Max: 0x00020000, ABSOLUTE)

    Exec Addr    Load Addr    Size         Type   Attr      Idx    E Section Name        Object

    0x08000000   0x08000000   0x000000ec   Data   RO          939    RESET               startup_stm32f10x_md.o
    0x080000ec   0x080000ec   0x00000000   Code   RO         1854  * .ARM.Collect$$$$00000000  mc_w.l(entry.o)
    0x080000ec   0x080000ec   0x00000004   Code   RO         2219    .ARM.Collect$$$$00000001  mc_w.l(entry2.o)
    0x080000f0   0x080000f0   0x00000004   Code   RO         2222    .ARM.Collect$$$$00000004  mc_w.l(entry5.o)
    0x080000f4   0x080000f4   0x00000000   Code   RO         2224    .ARM.Collect$$$$00000008  mc_w.l(entry7b.o)
    0x080000f4   0x080000f4   0x00000000   Code   RO         2226    .ARM.Collect$$$$0000000A  mc_w.l(entry8b.o)
    0x080000f4   0x080000f4   0x00000008   Code   RO         2227    .ARM.Collect$$$$0000000B  mc_w.l(entry9a.o)
    0x080000fc   0x080000fc   0x00000000   Code   RO         2229    .ARM.Collect$$$$0000000D  mc_w.l(entry10a.o)
    0x080000fc   0x080000fc   0x00000000   Code   RO         2231    .ARM.Collect$$$$0000000F  mc_w.l(entry11a.o)
    0x080000fc   0x080000fc   0x00000004   Code   RO         2220    .ARM.Collect$$$$00002712  mc_w.l(entry2.o)
    0x08000100   0x08000100   0x0000030c   Code   RO            1    .text               app.o
    0x0800040c   0x0800040c   0x00000670   Code   RO          229    .text               stm32f10x_it.o
    0x08000a7c   0x08000a7c   0x00000434   Code   RO          260    .text               config.o
    0x08000eb0   0x08000eb0   0x000000a8   Code   RO          301    .text               relay.o
    0x08000f58   0x08000f58   0x00000054   Code   RO          344    .text               dica.o
    0x08000fac   0x08000fac   0x000000a4   Code   RO          378    .text               beep.o
    0x08001050   0x08001050   0x00000548   Code   RO          391    .text               serial.o
    0x08001598   0x08001598   0x000001c0   Code   RO          437    .text               uartcmd.o
    0x08001758   0x08001758   0x00000328   Code   RO          465    .text               at.o
    0x08001a80   0x08001a80   0x00002010   Code   RO          492    .text               display.o
    0x08003a90   0x08003a90   0x00000034   Code   RO          549    .text               printf.o
    0x08003ac4   0x08003ac4   0x00001034   Code   RO          564    .text               lcd.o
    0x08004af8   0x08004af8   0x00001098   Code   RO          581    .text               cancmd.o
    0x08005b90   0x08005b90   0x00000022   Code   RO          629    .text               touch.o
    0x08005bb2   0x08005bb2   0x00000002   PAD
    0x08005bb4   0x08005bb4   0x00000560   Code   RO          644    .text               cytma.o
    0x08006114   0x08006114   0x00000414   Code   RO          698    .text               zb.o
    0x08006528   0x08006528   0x00000098   Code   RO          725    .text               stm32f10x_bkp.o
    0x080065c0   0x080065c0   0x000000e8   Code   RO          737    .text               stm32f10x_exti.o
    0x080066a8   0x080066a8   0x00000264   Code   RO          749    .text               stm32f10x_gpio.o
    0x0800690c   0x0800690c   0x000000ac   Code   RO          761    .text               stm32f10x_pwr.o
    0x080069b8   0x080069b8   0x000002b8   Code   RO          773    .text               stm32f10x_rcc.o
    0x08006c70   0x08006c70   0x00000a1c   Code   RO          799    .text               stm32f10x_tim.o
    0x0800768c   0x0800768c   0x00000110   Code   RO          812    .text               stm32f10x_rtc.o
    0x0800779c   0x0800779c   0x00000498   Code   RO          825    .text               stm32f10x_flash.o
    0x08007c34   0x08007c34   0x000005a4   Code   RO          850    .text               stm32f10x_can.o
    0x080081d8   0x080081d8   0x0000003c   Code   RO          887    .text               stm32f10x_iwdg.o
    0x08008214   0x08008214   0x00000328   Code   RO          902    .text               stm32f10x_usart.o
    0x0800853c   0x0800853c   0x000000b0   Code   RO          914    .text               misc.o
    0x080085ec   0x080085ec   0x00000034   Code   RO          940    .text               startup_stm32f10x_md.o
    0x08008620   0x08008620   0x0000014c   Code   RO          944    .text               system_stm32f10x.o
    0x0800876c   0x0800876c   0x0000000c   Code   RO          975    .text               font.o
    0x08008778   0x08008778   0x00000138   Code   RO          999    .text               0862100000STM32F103.lib(memory.o)
    0x080088b0   0x080088b0   0x00000158   Code   RO         1037    .text               0862100000STM32F103.lib(timer.o)
    0x08008a08   0x08008a08   0x000001e0   Code   RO         1069    .text               0862100000STM32F103.lib(msg.o)
    0x08008be8   0x08008be8   0x0000011c   Code   RO         1107    .text               0862100000STM32F103.lib(task.o)
    0x08008d04   0x08008d04   0x00000068   Code   RO         1125    .text               0862100000STM32F103.lib(voslog.o)
    0x08008d6c   0x08008d6c   0x000001dc   Code   RO         1149    .text               0862100000STM32F103.lib(keyboard.o)
    0x08008f48   0x08008f48   0x00000418   Code   RO         1252    .text               0862100000STM32F103.lib(gpio.o)
    0x08009360   0x08009360   0x00000118   Code   RO         1277    .text               0862100000STM32F103.lib(bsp.o)
    0x08009478   0x08009478   0x00000190   Code   RO         1319    .text               0862100000STM32F103.lib(can_driver.o)
    0x08009608   0x08009608   0x00000050   Code   RO         1357    .text               0862100000STM32F103.lib(iwdg_driver.o)
    0x08009658   0x08009658   0x00000474   Code   RO         1372    .text               0862100000STM32F103.lib(rtc_driver.o)
    0x08009acc   0x08009acc   0x00000660   Code   RO         1437    .text               0862100000STM32F103.lib(timer_driver.o)
    0x0800a12c   0x0800a12c   0x00000154   Code   RO         1457    .text               0862100000STM32F103.lib(sys_time.o)
    0x0800a280   0x0800a280   0x000000a0   Code   RO         1473    .text               0862100000STM32F103.lib(serial_driver.o)
    0x0800a320   0x0800a320   0x00000148   Code   RO         1492    .text               0862100000STM32F103.lib(common.o)
    0x0800a468   0x0800a468   0x00000468   Code   RO         1522    .text               0862100000STM32F103.lib(osal_snv.o)
    0x0800a8d0   0x0800a8d0   0x000000a8   Code   RO         1545    .text               0862100000STM32F103.lib(os_cpu_a.o)
    0x0800a978   0x0800a978   0x00000016   Code   RO         1548    .text               0862100000STM32F103.lib(cpu_a.o)
    0x0800a98e   0x0800a98e   0x00000002   PAD
    0x0800a990   0x0800a990   0x00000618   Code   RO         1551    .text               0862100000STM32F103.lib(os_core.o)
    0x0800afa8   0x0800afa8   0x00000398   Code   RO         1574    .text               0862100000STM32F103.lib(os_mbox.o)
    0x0800b340   0x0800b340   0x00000704   Code   RO         1586    .text               0862100000STM32F103.lib(os_task.o)
    0x0800ba44   0x0800ba44   0x00000190   Code   RO         1599    .text               0862100000STM32F103.lib(os_time.o)
    0x0800bbd4   0x0800bbd4   0x000003a8   Code   RO         1611    .text               0862100000STM32F103.lib(sapp.o)
    0x0800bf7c   0x0800bf7c   0x000000f2   Code   RO         1659    .text               0862100000STM32F103.lib(bmp.o)
    0x0800c06e   0x0800c06e   0x00000002   PAD
    0x0800c070   0x0800c070   0x00000220   Code   RO         1677    .text               0862100000STM32F103.lib(button.o)
    0x0800c290   0x0800c290   0x00000054   Code   RO         1715    .text               0862100000STM32F103.lib(vos.o)
    0x0800c2e4   0x0800c2e4   0x000000cc   Code   RO         1734    .text               0862100000STM32F103.lib(version.o)
    0x0800c3b0   0x0800c3b0   0x00000080   Code   RO         1750    .text               0862100000STM32F103.lib(copyright.o)
    0x0800c430   0x0800c430   0x00000004   Code   RO         1767    .text               0862100000STM32F103.lib(hal_assert.o)
    0x0800c434   0x0800c434   0x00000082   Code   RO         1782    .text               0862100000STM32F103.lib(hal_flash.o)
    0x0800c4b6   0x0800c4b6   0x00000092   Code   RO         1794    .text               0862100000STM32F103.lib(os_cpu_c.o)
    0x0800c548   0x0800c548   0x000005f0   Code   RO         1813    .text               0862100000STM32F103.lib(os_flag.o)
    0x0800cb38   0x0800cb38   0x00000344   Code   RO         1826    .text               0862100000STM32F103.lib(os_sem.o)
    0x0800ce7c   0x0800ce7c   0x00000008   Code   RO         1857    .text               mc_w.l(ctype_o.o)
    0x0800ce84   0x0800ce84   0x00000024   Code   RO         1885    .text               mc_w.l(rand.o)
    0x0800cea8   0x0800cea8   0x00000024   Code   RO         1888    .text               mc_w.l(memcpya.o)
    0x0800cecc   0x0800cecc   0x00000024   Code   RO         1890    .text               mc_w.l(memseta.o)
    0x0800cef0   0x0800cef0   0x00000014   Code   RO         1892    .text               mc_w.l(strchr.o)
    0x0800cf04   0x0800cf04   0x0000000e   Code   RO         1894    .text               mc_w.l(strlen.o)
    0x0800cf12   0x0800cf12   0x0000001c   Code   RO         1896    .text               mc_w.l(strcmp.o)
    0x0800cf2e   0x0800cf2e   0x0000001a   Code   RO         1898    .text               mc_w.l(memcmp.o)
    0x0800cf48   0x0800cf48   0x00000012   Code   RO         1900    .text               mc_w.l(strcpy.o)
    0x0800cf5a   0x0800cf5a   0x0000001e   Code   RO         1902    .text               mc_w.l(strncmp.o)
    0x0800cf78   0x0800cf78   0x0000001a   Code   RO         2167    .text               mc_w.l(atoi.o)
    0x0800cf92   0x0800cf92   0x00000064   Code   RO         2169    .text               mf_w.l(fmul.o)
    0x0800cff6   0x0800cff6   0x0000007c   Code   RO         2171    .text               mf_w.l(fdiv.o)
    0x0800d072   0x0800d072   0x0000014e   Code   RO         2173    .text               mf_w.l(dadd.o)
    0x0800d1c0   0x0800d1c0   0x000000e4   Code   RO         2175    .text               mf_w.l(dmul.o)
    0x0800d2a4   0x0800d2a4   0x00000022   Code   RO         2177    .text               mf_w.l(dflti.o)
    0x0800d2c6   0x0800d2c6   0x0000001a   Code   RO         2179    .text               mf_w.l(dfltui.o)
    0x0800d2e0   0x0800d2e0   0x00000032   Code   RO         2181    .text               mf_w.l(ffixi.o)
    0x0800d312   0x0800d312   0x0000003e   Code   RO         2183    .text               mf_w.l(dfixi.o)
    0x0800d350   0x0800d350   0x00000026   Code   RO         2185    .text               mf_w.l(f2d.o)
    0x0800d376   0x0800d376   0x00000002   PAD
    0x0800d378   0x0800d378   0x00000030   Code   RO         2187    .text               mf_w.l(cdcmple.o)
    0x0800d3a8   0x0800d3a8   0x00000030   Code   RO         2189    .text               mf_w.l(cdrcmple.o)
    0x0800d3d8   0x0800d3d8   0x0000002c   Code   RO         2234    .text               mc_w.l(uidiv.o)
    0x0800d404   0x0800d404   0x00000062   Code   RO         2236    .text               mc_w.l(uldiv.o)
    0x0800d466   0x0800d466   0x0000001e   Code   RO         2238    .text               mc_w.l(llshl.o)
    0x0800d484   0x0800d484   0x00000020   Code   RO         2240    .text               mc_w.l(llushr.o)
    0x0800d4a4   0x0800d4a4   0x00000024   Code   RO         2242    .text               mc_w.l(llsshr.o)
    0x0800d4c8   0x0800d4c8   0x00000070   Code   RO         2251    .text               mc_w.l(strtol.o)
    0x0800d538   0x0800d538   0x00000000   Code   RO         2253    .text               mc_w.l(iusefp.o)
    0x0800d538   0x0800d538   0x0000006e   Code   RO         2254    .text               mf_w.l(fepilogue.o)
    0x0800d5a6   0x0800d5a6   0x000000ba   Code   RO         2256    .text               mf_w.l(depilogue.o)
    0x0800d660   0x0800d660   0x000000de   Code   RO         2258    .text               mf_w.l(ddiv.o)
    0x0800d73e   0x0800d73e   0x00000030   Code   RO         2260    .text               mf_w.l(dfixul.o)
    0x0800d76e   0x0800d76e   0x00000002   PAD
    0x0800d770   0x0800d770   0x00000024   Code   RO         2266    .text               mc_w.l(init.o)
    0x0800d794   0x0800d794   0x0000009e   Code   RO         2268    .text               mc_w.l(_strtoul.o)
    0x0800d832   0x0800d832   0x0000002e   Code   RO         2270    .text               mf_w.l(dscalb.o)
    0x0800d860   0x0800d860   0x0000001c   Code   RO         2272    .text               mc_w.l(_chval.o)
    0x0800d87c   0x0800d87c   0x00000056   Code   RO         2282    .text               mc_w.l(__dczerorl2.o)
    0x0800d8d2   0x0800d8d2   0x00000002   PAD
    0x0800d8d4   0x0800d8d4   0x00000020   Code   RO         2113    i.__0printf$8       mc_w.l(printf8.o)
    0x0800d8f4   0x0800d8f4   0x00000028   Code   RO         2115    i.__0sprintf$8      mc_w.l(printf8.o)
    0x0800d91c   0x0800d91c   0x00000010   Code   RO         2143    i.__0vprintf        mc_w.l(printfa.o)
    0x0800d92c   0x0800d92c   0x00000024   Code   RO         2145    i.__0vsprintf       mc_w.l(printfa.o)
    0x0800d950   0x0800d950   0x00000028   Code   RO         2262    i.__ARM_fpclassify  m_ws.l(fpclassify.o)
    0x0800d978   0x0800d978   0x00000008   Code   RO         2244    i.__aeabi_errno_addr  mc_w.l(errno.o)
    0x0800d980   0x0800d980   0x00000388   Code   RO         2208    i.__ieee754_rem_pio2  m_ws.l(rred.o)
    0x0800dd08   0x0800dd08   0x000000fc   Code   RO         2191    i.__kernel_cos      m_ws.l(cos_i.o)
    0x0800de04   0x0800de04   0x000000aa   Code   RO         2264    i.__kernel_poly     m_ws.l(poly.o)
    0x0800deae   0x0800deae   0x00000002   PAD
    0x0800deb0   0x0800deb0   0x000000ec   Code   RO         2213    i.__kernel_sin      m_ws.l(sin_i.o)
    0x0800df9c   0x0800df9c   0x00000006   Code   RO         2195    i.__mathlib_dbl_infnan  m_ws.l(dunder.o)
    0x0800dfa2   0x0800dfa2   0x0000000c   Code   RO         2197    i.__mathlib_dbl_invalid  m_ws.l(dunder.o)
    0x0800dfae   0x0800dfae   0x00000002   PAD
    0x0800dfb0   0x0800dfb0   0x00000010   Code   RO         2200    i.__mathlib_dbl_underflow  m_ws.l(dunder.o)
    0x0800dfc0   0x0800dfc0   0x0000000e   Code   RO         2276    i.__scatterload_copy  mc_w.l(handlers.o)
    0x0800dfce   0x0800dfce   0x00000002   Code   RO         2277    i.__scatterload_null  mc_w.l(handlers.o)
    0x0800dfd0   0x0800dfd0   0x0000000e   Code   RO         2278    i.__scatterload_zeroinit  mc_w.l(handlers.o)
    0x0800dfde   0x0800dfde   0x00000002   PAD
    0x0800dfe0   0x0800dfe0   0x0000000c   Code   RO         2246    i.__set_errno       mc_w.l(errno.o)
    0x0800dfec   0x0800dfec   0x00000184   Code   RO         2146    i._fp_digits        mc_w.l(printfa.o)
    0x0800e170   0x0800e170   0x00000410   Code   RO         2120    i._printf_core      mc_w.l(printf8.o)
    0x0800e580   0x0800e580   0x000006dc   Code   RO         2147    i._printf_core      mc_w.l(printfa.o)
    0x0800ec5c   0x0800ec5c   0x00000024   Code   RO         2121    i._printf_post_padding  mc_w.l(printf8.o)
    0x0800ec80   0x0800ec80   0x00000024   Code   RO         2148    i._printf_post_padding  mc_w.l(printfa.o)
    0x0800eca4   0x0800eca4   0x0000002e   Code   RO         2122    i._printf_pre_padding  mc_w.l(printf8.o)
    0x0800ecd2   0x0800ecd2   0x0000002e   Code   RO         2149    i._printf_pre_padding  mc_w.l(printfa.o)
    0x0800ed00   0x0800ed00   0x0000000a   Code   RO         2124    i._sputc            mc_w.l(printf8.o)
    0x0800ed0a   0x0800ed0a   0x0000000a   Code   RO         2151    i._sputc            mc_w.l(printfa.o)
    0x0800ed14   0x0800ed14   0x0000009c   Code   RO         1839    i.cos               m_ws.l(cos.o)
    0x0800edb0   0x0800edb0   0x000000a0   Code   RO         1847    i.sin               m_ws.l(sin.o)
    0x0800ee50   0x0800ee50   0x0000001e   Data   RO          266    .constdata          config.o
    0x0800ee6e   0x0800ee6e   0x00000004   Data   RO          303    .constdata          relay.o
    0x0800ee72   0x0800ee72   0x00000001   Data   RO          345    .constdata          dica.o
    0x0800ee73   0x0800ee73   0x00000001   PAD
    0x0800ee74   0x0800ee74   0x00000010   Data   RO          393    .constdata          serial.o
    0x0800ee84   0x0800ee84   0x00000064   Data   RO          466    .constdata          at.o
    0x0800eee8   0x0800eee8   0x000024e6   Data   RO          496    .constdata          display.o
    0x080113ce   0x080113ce   0x00000034   Data   RO          550    .constdata          printf.o
    0x08011402   0x08011402   0x00000005   Data   RO          583    .constdata          cancmd.o
    0x08011407   0x08011407   0x00000600   Data   RO          976    .constdata          font.o
    0x08011a07   0x08011a07   0x00000001   PAD
    0x08011a08   0x08011a08   0x00002400   Data   RO          977    .constdata          font.o
    0x08013e08   0x08013e08   0x00003600   Data   RO          978    .constdata          font.o
    0x08017408   0x08017408   0x000022dd   Data   RO          979    .constdata          font.o
    0x080196e5   0x080196e5   0x00000069   Data   RO          980    .constdata          font.o
    0x0801974e   0x0801974e   0x00000da4   Data   RO          981    .constdata          font.o
    0x0801a4f2   0x0801a4f2   0x00000021   Data   RO         1374    .constdata          0862100000STM32F103.lib(rtc_driver.o)
    0x0801a513   0x0801a513   0x00000001   PAD
    0x0801a514   0x0801a514   0x00000020   Data   RO         1439    .constdata          0862100000STM32F103.lib(timer_driver.o)
    0x0801a534   0x0801a534   0x00000054   Data   RO         1474    .constdata          0862100000STM32F103.lib(serial_driver.o)
    0x0801a588   0x0801a588   0x00000100   Data   RO         1554    .constdata          0862100000STM32F103.lib(os_core.o)
    0x0801a688   0x0801a688   0x00000008   Data   RO         1613    .constdata          0862100000STM32F103.lib(sapp.o)
    0x0801a690   0x0801a690   0x0000000e   Data   RO         1736    .constdata          0862100000STM32F103.lib(version.o)
    0x0801a69e   0x0801a69e   0x00000081   Data   RO         1858    .constdata          mc_w.l(ctype_o.o)
    0x0801a71f   0x0801a71f   0x00000001   PAD
    0x0801a720   0x0801a720   0x00000004   Data   RO         1859    .constdata          mc_w.l(ctype_o.o)
    0x0801a724   0x0801a724   0x00000004   PAD
    0x0801a728   0x0801a728   0x00000030   Data   RO         2192    .constdata          m_ws.l(cos_i.o)
    0x0801a758   0x0801a758   0x000000c8   Data   RO         2210    .constdata          m_ws.l(rred.o)
    0x0801a820   0x0801a820   0x00000028   Data   RO         2214    .constdata          m_ws.l(sin_i.o)
    0x0801a848   0x0801a848   0x00000019   Data   RO          467    .conststring        at.o
    0x0801a861   0x0801a861   0x00000003   PAD
    0x0801a864   0x0801a864   0x0000001c   Data   RO         1254    .conststring        0862100000STM32F103.lib(gpio.o)
    0x0801a880   0x0801a880   0x00000020   Data   RO         2274    Region$$Table       anon$$obj.o


    Execution Region RW_IRAM1 (Exec base: 0x20000000, Load base: 0x0801a8a0, Size: 0x00004480, Max: 0x00005000, ABSOLUTE, COMPRESSED[0x000000b0])

    Exec Addr    Load Addr    Size         Type   Attr      Idx    E Section Name        Object

    0x20000000   COMPRESSED   0x00000010   Data   RW            3    .data               app.o
    0x20000010   COMPRESSED   0x0000000c   Data   RW          267    .data               config.o
    0x2000001c   COMPRESSED   0x00000004   Data   RW          439    .data               uartcmd.o
    0x20000020   COMPRESSED   0x00000001   Data   RW          468    .data               at.o
    0x20000021   COMPRESSED   0x00000003   PAD
    0x20000024   COMPRESSED   0x00000030   Data   RW          497    .data               display.o
    0x20000054   COMPRESSED   0x00000004   PAD
    0x20000058   COMPRESSED   0x00000010   Data   RW          566    .data               lcd.o
    0x20000068   COMPRESSED   0x00000018   Data   RW          584    .data               cancmd.o
    0x20000080   COMPRESSED   0x0000000c   Data   RW          647    .data               cytma.o
    0x2000008c   COMPRESSED   0x00000008   Data   RW          700    .data               zb.o
    0x20000094   COMPRESSED   0x00000014   Data   RW          774    .data               stm32f10x_rcc.o
    0x200000a8   COMPRESSED   0x00000014   Data   RW          945    .data               system_stm32f10x.o
    0x200000bc   COMPRESSED   0x00000002   Data   RW         1001    .data               0862100000STM32F103.lib(memory.o)
    0x200000be   COMPRESSED   0x00000002   PAD
    0x200000c0   COMPRESSED   0x00000008   Data   RW         1071    .data               0862100000STM32F103.lib(msg.o)
    0x200000c8   COMPRESSED   0x00000004   Data   RW         1109    .data               0862100000STM32F103.lib(task.o)
    0x200000cc   COMPRESSED   0x00000004   Data   RW         1126    .data               0862100000STM32F103.lib(voslog.o)
    0x200000d0   COMPRESSED   0x00000002   Data   RW         1151    .data               0862100000STM32F103.lib(keyboard.o)
    0x200000d2   COMPRESSED   0x00000002   PAD
    0x200000d4   COMPRESSED   0x00000008   Data   RW         1255    .data               0862100000STM32F103.lib(gpio.o)
    0x200000dc   COMPRESSED   0x000000fc   Data   RW         1256    .data               0862100000STM32F103.lib(gpio.o)
    0x200001d8   COMPRESSED   0x00000008   Data   RW         1278    .data               0862100000STM32F103.lib(bsp.o)
    0x200001e0   COMPRESSED   0x0000000c   Data   RW         1325    .data               0862100000STM32F103.lib(can_driver.o)
    0x200001ec   COMPRESSED   0x00000002   Data   RW         1375    .data               0862100000STM32F103.lib(rtc_driver.o)
    0x200001ee   COMPRESSED   0x00000002   PAD
    0x200001f0   COMPRESSED   0x00000010   Data   RW         1440    .data               0862100000STM32F103.lib(timer_driver.o)
    0x20000200   COMPRESSED   0x00000004   Data   RW         1458    .data               0862100000STM32F103.lib(sys_time.o)
    0x20000204   COMPRESSED   0x0000000c   Data   RW         1494    .data               0862100000STM32F103.lib(common.o)
    0x20000210   COMPRESSED   0x00000006   Data   RW         1523    .data               0862100000STM32F103.lib(osal_snv.o)
    0x20000216   COMPRESSED   0x00000002   PAD
    0x20000218   COMPRESSED   0x00000030   Data   RW         1555    .data               0862100000STM32F103.lib(os_core.o)
    0x20000248   COMPRESSED   0x00000004   Data   RW         1556    .data               0862100000STM32F103.lib(os_core.o)
    0x2000024c   COMPRESSED   0x00000008   Data   RW         1614    .data               0862100000STM32F103.lib(sapp.o)
    0x20000254   COMPRESSED   0x00000001   Data   RW         1680    .data               0862100000STM32F103.lib(button.o)
    0x20000255   COMPRESSED   0x00000003   PAD
    0x20000258   COMPRESSED   0x00000004   Data   RW         1737    .data               0862100000STM32F103.lib(version.o)
    0x2000025c   COMPRESSED   0x00000001   Data   RW         1751    .data               0862100000STM32F103.lib(copyright.o)
    0x2000025d   COMPRESSED   0x00000003   PAD
    0x20000260   COMPRESSED   0x00000004   Data   RW         1886    .data               mc_w.l(rand.o)
    0x20000264   COMPRESSED   0x00000004   Data   RW         2233    .data               mc_w.l(stdout.o)
    0x20000268   COMPRESSED   0x00000004   Data   RW         2247    .data               mc_w.l(errno.o)
    0x2000026c        -       0x00000a00   Zero   RW            2    .bss                app.o
    0x20000c6c        -       0x00000454   Zero   RW          261    .bss                config.o
    0x200010c0        -       0x00000040   Zero   RW          302    .bss                relay.o
    0x20001100        -       0x00000540   Zero   RW          392    .bss                serial.o
    0x20001640        -       0x00000208   Zero   RW          438    .bss                uartcmd.o
    0x20001848        -       0x000000bc   Zero   RW          493    .bss                display.o
    0x20001904   COMPRESSED   0x00000004   PAD
    0x20001908        -       0x000000b0   Zero   RW          565    .bss                lcd.o
    0x200019b8        -       0x000001f8   Zero   RW          582    .bss                cancmd.o
    0x20001bb0        -       0x00000048   Zero   RW          645    .bss                cytma.o
    0x20001bf8        -       0x000000c8   Zero   RW          699    .bss                zb.o
    0x20001cc0        -       0x00001018   Zero   RW         1000    .bss                0862100000STM32F103.lib(memory.o)
    0x20002cd8        -       0x000000d0   Zero   RW         1038    .bss                0862100000STM32F103.lib(timer.o)
    0x20002da8        -       0x000001b0   Zero   RW         1070    .bss                0862100000STM32F103.lib(msg.o)
    0x20002f58        -       0x00000024   Zero   RW         1108    .bss                0862100000STM32F103.lib(task.o)
    0x20002f7c        -       0x00000100   Zero   RW         1150    .bss                0862100000STM32F103.lib(keyboard.o)
    0x2000307c        -       0x000001c0   Zero   RW         1253    .bss                0862100000STM32F103.lib(gpio.o)
    0x2000323c        -       0x0000000a   Zero   RW         1373    .bss                0862100000STM32F103.lib(rtc_driver.o)
    0x20003246   COMPRESSED   0x00000002   PAD
    0x20003248        -       0x00000040   Zero   RW         1438    .bss                0862100000STM32F103.lib(timer_driver.o)
    0x20003288        -       0x00000a40   Zero   RW         1552    .bss                0862100000STM32F103.lib(os_core.o)
    0x20003cc8        -       0x0000008c   Zero   RW         1553    .bss                0862100000STM32F103.lib(os_core.o)
    0x20003d54        -       0x00000188   Zero   RW         1612    .bss                0862100000STM32F103.lib(sapp.o)
    0x20003edc        -       0x00000180   Zero   RW         1678    .bss                0862100000STM32F103.lib(button.o)
    0x2000405c        -       0x00000020   Zero   RW         1735    .bss                0862100000STM32F103.lib(version.o)
    0x2000407c   COMPRESSED   0x00000004   PAD
    0x20004080        -       0x00000400   Zero   RW          937    STACK               startup_stm32f10x_md.o


==============================================================================

Image component sizes


      Code (inc. data)   RO Data    RW Data    ZI Data      Debug   Object Name

       780        104          0         16       2560     299988   app.o
       808        120        125          1          0       3552   at.o
       164          0          0          0          0       2174   beep.o
      4248        414          5         24        504      22998   cancmd.o
      1076         66         30         12       1108      12556   config.o
         0          0          0          0          0         32   core_cm3.o
      1376         28          0         12         72      19004   cytma.o
        84          8          1          0          0       1681   dica.o
      8208        872       9446         48        188      54136   display.o
        12          0      37098          0          0       2709   font.o
      4148         90          0         16        176      20156   lcd.o
       176         14          0          0          0       1845   misc.o
        52         14         52          0          0       1304   printf.o
       168          8          4          0         64      13298   relay.o
      1352         12         16          0       1344      12971   serial.o
        52          8        236          0       1024        872   startup_stm32f10x_md.o
       152          8          0          0          0       3500   stm32f10x_bkp.o
      1444         12          0          0          0       8113   stm32f10x_can.o
       232          8          0          0          0       2351   stm32f10x_exti.o
      1176         24          0          0          0       9196   stm32f10x_flash.o
       612         36          0          0          0       5965   stm32f10x_gpio.o
      1648        218          0          0          0       7009   stm32f10x_it.o
        60          6          0          0          0       1281   stm32f10x_iwdg.o
       172         12          0          0          0       1955   stm32f10x_pwr.o
       696         32          0         20          0       8920   stm32f10x_rcc.o
       272          6          0          0          0       3236   stm32f10x_rtc.o
      2588         64          0          0          0      23574   stm32f10x_tim.o
       808         22          0          0          0       8832   stm32f10x_usart.o
       332         28          0         20          0       1951   system_stm32f10x.o
        34          0          0          0          0        931   touch.o
       448         26          0          4        520       4955   uartcmd.o
      1044        100          0          8        200       6925   zb.o

    ----------------------------------------------------------------------
     34424       2360      47050        188       7764     567970   Object Totals
         0          0         32          0          0          0   (incl. Generated)
         2          0          5          7          4          0   (incl. Padding)

    ----------------------------------------------------------------------

      Code (inc. data)   RO Data    RW Data    ZI Data      Debug   Library Member Name

       242          0          0          0          0       2041   bmp.o
       280         12          0          8          0      18306   bsp.o
       544         16          0          1        384       5032   button.o
       400         14          0         12          0       4211   can_driver.o
       328         26          0         12          0       9866   common.o
       128          8          0          1          0       2322   copyright.o
        22          0          0          0          0        260   cpu_a.o
      1048          8         28        260        448       7928   gpio.o
         4          0          0          0          0        513   hal_assert.o
       130          0          0          0          0       1419   hal_flash.o
        80          0          0          0          0        731   iwdg_driver.o
       476          8          0          2        256     254080   keyboard.o
       312         12          0          2       4120      11662   memory.o
       480          8          0          8        432       6013   msg.o
      1560         48        256         52       2764      14964   os_core.o
       168         40          0          0          0        316   os_cpu_a.o
       146          0          0          0          0      10981   os_cpu_c.o
      1520         40          0          0          0       5186   os_flag.o
       920         16          0          0          0       3514   os_mbox.o
       836         18          0          0          0       3234   os_sem.o
      1796         68          0          0          0       5767   os_task.o
       400         26          0          0          0       1706   os_time.o
      1128         10          0          6          0       6393   osal_snv.o
      1140         32         33          2         10       5307   rtc_driver.o
       936         24          8          8        392       8414   sapp.o
       160          6         84          0          0       1832   serial_driver.o
       340          4          0          4          0       3092   sys_time.o
       284         10          0          4         36       2187   task.o
       344         10          0          0        208       4851   timer.o
      1632         72         32         16         64       5988   timer_driver.o
       204         14         14          4         32       2004   version.o
        84          0          0          0          0      10173   vos.o
       104         48          0          4          0       1521   voslog.o
       156          8          0          0          0        104   cos.o
       252         22         48          0          0        124   cos_i.o
        34          6          0          0          0        204   dunder.o
        40          0          0          0          0         68   fpclassify.o
       170          0          0          0          0         96   poly.o
       904         76        200          0          0        140   rred.o
       160         10          0          0          0        108   sin.o
       236         12         40          0          0        128   sin_i.o
        86          0          0          0          0          0   __dczerorl2.o
        28          0          0          0          0         68   _chval.o
       158          0          0          0          0         92   _strtoul.o
        26          0          0          0          0         80   atoi.o
         8          4        133          0          0         68   ctype_o.o
         0          0          0          0          0          0   entry.o
         0          0          0          0          0          0   entry10a.o
         0          0          0          0          0          0   entry11a.o
         8          4          0          0          0          0   entry2.o
         4          0          0          0          0          0   entry5.o
         0          0          0          0          0          0   entry7b.o
         0          0          0          0          0          0   entry8b.o
         8          4          0          0          0          0   entry9a.o
        20         10          0          4          0        136   errno.o
        30          0          0          0          0          0   handlers.o
        36          8          0          0          0         68   init.o
         0          0          0          0          0          0   iusefp.o
        30          0          0          0          0         68   llshl.o
        36          0          0          0          0         68   llsshr.o
        32          0          0          0          0         68   llushr.o
        26          0          0          0          0         80   memcmp.o
        36          0          0          0          0         68   memcpya.o
        36          0          0          0          0        108   memseta.o
      1204         60          0          0          0        504   printf8.o
      2288         94          0          0          0        584   printfa.o
        36         10          0          4          0        136   rand.o
         0          0          0          4          0          0   stdout.o
        20          0          0          0          0         68   strchr.o
        28          0          0          0          0         76   strcmp.o
        18          0          0          0          0         68   strcpy.o
        14          0          0          0          0         68   strlen.o
        30          0          0          0          0         80   strncmp.o
       112          0          0          0          0         88   strtol.o
        44          0          0          0          0         80   uidiv.o
        98          0          0          0          0         92   uldiv.o
        48          0          0          0          0         68   cdcmple.o
        48          0          0          0          0         68   cdrcmple.o
       334          0          0          0          0        148   dadd.o
       222          0          0          0          0        100   ddiv.o
       186          0          0          0          0        176   depilogue.o
        62          0          0          0          0         80   dfixi.o
        48          0          0          0          0         68   dfixul.o
        34          0          0          0          0         76   dflti.o
        26          0          0          0          0         76   dfltui.o
       228          0          0          0          0         96   dmul.o
        46          0          0          0          0         80   dscalb.o
        38          0          0          0          0         68   f2d.o
       124          0          0          0          0         88   fdiv.o
       110          0          0          0          0        168   fepilogue.o
        50          0          0          0          0         68   ffixi.o
       100          0          0          0          0         76   fmul.o

    ----------------------------------------------------------------------
     26348        926        882        432       9152     427106   Library Totals
        16          0          6         14          6          0   (incl. Padding)

    ----------------------------------------------------------------------

      Code (inc. data)   RO Data    RW Data    ZI Data      Debug   Library Name

     18176        598        455        406       9146     421814   0862100000STM32F103.lib
      1952        134        288          0          0        972   m_ws.l
      4500        194        133         12          0       2816   mc_w.l
      1704          0          0          0          0       1504   mf_w.l

    ----------------------------------------------------------------------
     26348        926        882        432       9152     427106   Library Totals

    ----------------------------------------------------------------------

==============================================================================


      Code (inc. data)   RO Data    RW Data    ZI Data      Debug   

     60772       3286      47932        620      16916     983868   Grand Totals
     60772       3286      47932        176      16916     983868   ELF Image Totals (compressed)
     60772       3286      47932        176          0          0   ROM Totals

==============================================================================

    Total RO  Size (Code + RO Data)               108704 ( 106.16kB)
    Total RW  Size (RW Data + ZI Data)             17536 (  17.13kB)
    Total ROM Size (Code + RO Data + RW Data)     108880 ( 106.33kB)

==============================================================================

