<html>
<body>
<pre>
<h1>µVision Build Log</h1>
<h2>Project:</h2>
E:\vmware\New_Genie\handle\baseos.uvproj
Project File Date:  09/25/2018

<h2>Output:</h2>
Rebuild target 'SRAM'
compiling app.c...
compiling stm32f10x_it.c...
compiling config.c...
compiling Relay.c...
compiling DICA.c...
compiling Beep.c...
compiling serial.c...
compiling UartCmd.c...
compiling AT.C...
compiling display.c...
compiling Printf.c...
compiling LCD.c...
compiling CanCmd.c...
compiling touch.c...
compiling cytma.c...
compiling zb.c...
compiling stm32f10x_bkp.c...
compiling stm32f10x_exti.c...
compiling stm32f10x_gpio.c...
compiling stm32f10x_pwr.c...
compiling stm32f10x_rcc.c...
compiling stm32f10x_spi.c...
compiling stm32f10x_tim.c...
compiling stm32f10x_rtc.c...
compiling stm32f10x_flash.c...
compiling stm32f10x_adc.c...
compiling stm32f10x_can.c...
compiling stm32f10x_dma.c...
compiling stm32f10x_i2c.c...
compiling stm32f10x_iwdg.c...
compiling stm32f10x_usart.c...
compiling misc.c...
compiling core_cm3.c...
assembling startup_stm32f10x_md.s...
compiling system_stm32f10x.c...
compiling font.c...
linking...
Program Size: Code=59768 RO-data=46820 RW-data=608 ZI-data=16912  
FromELF: creating hex file...
".\Obj\0860210008WDCA_Main_V_1_0.axf" - 0 Errors, 0 Warning(s).
Rebuild target 'SRAM'
compiling app.c...
compiling stm32f10x_it.c...
compiling config.c...
compiling Relay.c...
compiling DICA.c...
compiling Beep.c...
compiling serial.c...
compiling UartCmd.c...
compiling AT.C...
compiling display.c...
compiling Printf.c...
compiling LCD.c...
compiling CanCmd.c...
compiling touch.c...
compiling cytma.c...
compiling zb.c...
compiling stm32f10x_bkp.c...
compiling stm32f10x_exti.c...
compiling stm32f10x_gpio.c...
compiling stm32f10x_pwr.c...
compiling stm32f10x_rcc.c...
compiling stm32f10x_spi.c...
compiling stm32f10x_tim.c...
compiling stm32f10x_rtc.c...
compiling stm32f10x_flash.c...
compiling stm32f10x_adc.c...
compiling stm32f10x_can.c...
compiling stm32f10x_dma.c...
compiling stm32f10x_i2c.c...
compiling stm32f10x_iwdg.c...
compiling stm32f10x_usart.c...
compiling misc.c...
compiling core_cm3.c...
assembling startup_stm32f10x_md.s...
compiling system_stm32f10x.c...
compiling font.c...
linking...
Program Size: Code=59768 RO-data=46820 RW-data=608 ZI-data=16912  
FromELF: creating hex file...
".\Obj\0860210008WDCA_Main_V_1_0.axf" - 0 Errors, 0 Warning(s).
Rebuild target 'SRAM'
compiling app.c...
compiling stm32f10x_it.c...
compiling config.c...
compiling Relay.c...
compiling DICA.c...
compiling Beep.c...
compiling serial.c...
compiling UartCmd.c...
compiling AT.C...
compiling display.c...
compiling Printf.c...
compiling LCD.c...
compiling CanCmd.c...
compiling touch.c...
compiling cytma.c...
compiling zb.c...
compiling stm32f10x_bkp.c...
compiling stm32f10x_exti.c...
compiling stm32f10x_gpio.c...
compiling stm32f10x_pwr.c...
compiling stm32f10x_rcc.c...
compiling stm32f10x_spi.c...
compiling stm32f10x_tim.c...
compiling stm32f10x_rtc.c...
compiling stm32f10x_flash.c...
compiling stm32f10x_adc.c...
compiling stm32f10x_can.c...
compiling stm32f10x_dma.c...
compiling stm32f10x_i2c.c...
compiling stm32f10x_iwdg.c...
compiling stm32f10x_usart.c...
compiling misc.c...
compiling core_cm3.c...
assembling startup_stm32f10x_md.s...
compiling system_stm32f10x.c...
compiling font.c...
linking...
Program Size: Code=59768 RO-data=46820 RW-data=608 ZI-data=16912  
FromELF: creating hex file...
".\Obj\0860210008WDCA_Main_V_1_0.axf" - 0 Errors, 0 Warning(s).
