<!doctype html public "-//w3c//dtd html 4.0 transitional//en">
<html><head>
<title>Static Call Graph - [.\Obj\0860210008WDCA_Main_V_1_0.axf]</title></head>
<body><HR>
<H1>Static Call Graph for image .\Obj\0860210008WDCA_Main_V_1_0.axf</H1><HR>
<BR><P>#&#060CALLGRAPH&#062# ARM Linker, 5060750: Last Updated: Tue Mar 05 16:55:03 2019
<BR><P>
<H3>Maximum Stack Usage =        416 bytes + Unknown(Functions without stacksize, Cycles, Untraceable Function Pointers)</H3><H3>
Call chain for Maximum Stack Depth:</H3>
Main_Entry &rArr; Msg_proc &rArr; PidCanProcess &rArr; RcvCanData &rArr; CanRcvFrame &rArr; CanCcbAfProc &rArr; CanCcbAfDataMsg &rArr; CanCcbAfDataHandleOpsMsg &rArr; Disp_DisplayHandleOpsEntry &rArr; Disp_DisplayStateNotify &rArr; Disp_DisplayStaNotify &rArr; Disp_Update4State &rArr; Disp_PeerStateQtw &rArr; Disp_Prepare4Ntw &rArr; Disp_Move2Ntw &rArr; Disp_SndTakingWaterMsg &rArr; CanCcbSndHandleOperationMsg &rArr; CanSndSappCmd &rArr; SHZNAPP_CanResp &rArr; CanSndBufPush &rArr; SndCanData &rArr; CanMsgSndCb &rArr; MainAlarmWithDuration &rArr; AddTimer &rArr; ModTimer
<P>
<H3>
Functions with no stack information
</H3><UL>
 <LI><a href="#[98]">OS_CPU_SR_Save</a>
 <LI><a href="#[99]">OS_CPU_SR_Restore</a>
 <LI><a href="#[2d8]">OSStartHighRdy</a>
 <LI><a href="#[2d7]">OSCtxSw</a>
 <LI><a href="#[2d5]">OSIntCtxSw</a>
 <LI><a href="#[d]">PendSV_Handler</a>
 <LI><a href="#[92]">CPU_IntDis</a>
 <LI><a href="#[40a]">CPU_IntEn</a>
 <LI><a href="#[40b]">CPU_SR_Save</a>
 <LI><a href="#[40c]">CPU_SR_Restore</a>
</UL>
</UL>
<P>
<H3>
Mutually Recursive functions
</H3> <LI><a href="#[2c0]">halAssertHandler</a>&nbsp;&nbsp;&nbsp;&rArr;&nbsp;&nbsp;&nbsp;<a href="#[2c0]">halAssertHandler</a><BR>
 <LI><a href="#[7]">HardFault_Handler</a>&nbsp;&nbsp;&nbsp;&rArr;&nbsp;&nbsp;&nbsp;<a href="#[7]">HardFault_Handler</a><BR>
 <LI><a href="#[8]">MemManage_Handler</a>&nbsp;&nbsp;&nbsp;&rArr;&nbsp;&nbsp;&nbsp;<a href="#[8]">MemManage_Handler</a><BR>
 <LI><a href="#[9]">BusFault_Handler</a>&nbsp;&nbsp;&nbsp;&rArr;&nbsp;&nbsp;&nbsp;<a href="#[9]">BusFault_Handler</a><BR>
 <LI><a href="#[a]">UsageFault_Handler</a>&nbsp;&nbsp;&nbsp;&rArr;&nbsp;&nbsp;&nbsp;<a href="#[a]">UsageFault_Handler</a><BR>
 <LI><a href="#[21]">ADC1_2_IRQHandler</a>&nbsp;&nbsp;&nbsp;&rArr;&nbsp;&nbsp;&nbsp;<a href="#[21]">ADC1_2_IRQHandler</a><BR>
</UL>
<P>
<H3>
Function Pointers
</H3><UL>
 <LI><a href="#[21]">ADC1_2_IRQHandler</a> from startup_stm32f10x_md.o(.text) referenced from startup_stm32f10x_md.o(RESET)
 <LI><a href="#[3b]">AppTaskRoot</a> from app.o(.text) referenced from app.o(.text)
 <LI><a href="#[4c]">BtnCheckTimer</a> from button.o(.text) referenced from button.o(.text)
 <LI><a href="#[9]">BusFault_Handler</a> from stm32f10x_it.o(.text) referenced from startup_stm32f10x_md.o(RESET)
 <LI><a href="#[24]">CAN1_RX1_IRQHandler</a> from stm32f10x_it.o(.text) referenced from startup_stm32f10x_md.o(RESET)
 <LI><a href="#[25]">CAN1_SCE_IRQHandler</a> from stm32f10x_it.o(.text) referenced from startup_stm32f10x_md.o(RESET)
 <LI><a href="#[210]">CYTMA_sh</a> from cytma.o(.text) referenced from cytma.o(.text)
 <LI><a href="#[1e7]">CanCcbHeartBeat</a> from cancmd.o(.text) referenced from cancmd.o(.text)
 <LI><a href="#[45]">CanCcbHeartBeatTimer</a> from cancmd.o(.text) referenced 3 times from cancmd.o(.text)
 <LI><a href="#[1e8]">CanCcbHeartBeatTimer_msg_handler</a> from cancmd.o(.text) referenced from cancmd.o(.text)
 <LI><a href="#[1e6]">CanCcbHeartBeat_msg_handler</a> from cancmd.o(.text) referenced from cancmd.o(.text)
 <LI><a href="#[1f9]">CanCcbRegister_msg_handler</a> from cancmd.o(.text) referenced from cancmd.o(.text)
 <LI><a href="#[1fb]">CanCcb_Register</a> from cancmd.o(.text) referenced from cancmd.o(.text)
 <LI><a href="#[1c4]">CanResetTimer</a> from cancmd.o(.text) referenced from cancmd.o(.text)
 <LI><a href="#[1a]">DMA1_Channel1_IRQHandler</a> from startup_stm32f10x_md.o(.text) referenced from startup_stm32f10x_md.o(RESET)
 <LI><a href="#[1b]">DMA1_Channel2_IRQHandler</a> from startup_stm32f10x_md.o(.text) referenced from startup_stm32f10x_md.o(RESET)
 <LI><a href="#[1c]">DMA1_Channel3_IRQHandler</a> from startup_stm32f10x_md.o(.text) referenced from startup_stm32f10x_md.o(RESET)
 <LI><a href="#[1d]">DMA1_Channel4_IRQHandler</a> from startup_stm32f10x_md.o(.text) referenced from startup_stm32f10x_md.o(RESET)
 <LI><a href="#[1e]">DMA1_Channel5_IRQHandler</a> from startup_stm32f10x_md.o(.text) referenced from startup_stm32f10x_md.o(RESET)
 <LI><a href="#[1f]">DMA1_Channel6_IRQHandler</a> from startup_stm32f10x_md.o(.text) referenced from startup_stm32f10x_md.o(RESET)
 <LI><a href="#[20]">DMA1_Channel7_IRQHandler</a> from startup_stm32f10x_md.o(.text) referenced from startup_stm32f10x_md.o(RESET)
 <LI><a href="#[c]">DebugMon_Handler</a> from stm32f10x_it.o(.text) referenced from startup_stm32f10x_md.o(RESET)
 <LI><a href="#[172]">Disp_BtnClicked</a> from display.o(.text) referenced from display.o(.text)
 <LI><a href="#[159]">Disp_ntw_msg_cb</a> from display.o(.text) referenced from display.o(.text)
 <LI><a href="#[15]">EXTI0_IRQHandler</a> from stm32f10x_it.o(.text) referenced from startup_stm32f10x_md.o(RESET)
 <LI><a href="#[37]">EXTI15_10_IRQHandler</a> from stm32f10x_it.o(.text) referenced from startup_stm32f10x_md.o(RESET)
 <LI><a href="#[16]">EXTI1_IRQHandler</a> from stm32f10x_it.o(.text) referenced from startup_stm32f10x_md.o(RESET)
 <LI><a href="#[17]">EXTI2_IRQHandler</a> from stm32f10x_it.o(.text) referenced from startup_stm32f10x_md.o(RESET)
 <LI><a href="#[18]">EXTI3_IRQHandler</a> from stm32f10x_it.o(.text) referenced from startup_stm32f10x_md.o(RESET)
 <LI><a href="#[19]">EXTI4_IRQHandler</a> from stm32f10x_it.o(.text) referenced from startup_stm32f10x_md.o(RESET)
 <LI><a href="#[26]">EXTI9_5_IRQHandler</a> from stm32f10x_it.o(.text) referenced from startup_stm32f10x_md.o(RESET)
 <LI><a href="#[13]">FLASH_IRQHandler</a> from startup_stm32f10x_md.o(.text) referenced from startup_stm32f10x_md.o(RESET)
 <LI><a href="#[7]">HardFault_Handler</a> from stm32f10x_it.o(.text) referenced from startup_stm32f10x_md.o(RESET)
 <LI><a href="#[2f]">I2C1_ER_IRQHandler</a> from startup_stm32f10x_md.o(.text) referenced from startup_stm32f10x_md.o(RESET)
 <LI><a href="#[2e]">I2C1_EV_IRQHandler</a> from stm32f10x_it.o(.text) referenced from startup_stm32f10x_md.o(RESET)
 <LI><a href="#[31]">I2C2_ER_IRQHandler</a> from startup_stm32f10x_md.o(.text) referenced from startup_stm32f10x_md.o(RESET)
 <LI><a href="#[30]">I2C2_EV_IRQHandler</a> from startup_stm32f10x_md.o(.text) referenced from startup_stm32f10x_md.o(RESET)
 <LI><a href="#[3c]">LCD_DrawPoint</a> from lcd.o(.text) referenced 2 times from display.o(.text)
 <LI><a href="#[3f]">LCD_GetStringGB24x24TextSize</a> from lcd.o(.text) referenced from display.o(.text)
 <LI><a href="#[44]">LCD_GetStringGB48x48TextSize</a> from lcd.o(.text) referenced from display.o(.text)
 <LI><a href="#[42]">LCD_GetStringGB8x16TextSize</a> from lcd.o(.text) referenced from display.o(.text)
 <LI><a href="#[3d]">LCD_PutChar12x24</a> from lcd.o(.text) referenced from display.o(.text)
 <LI><a href="#[40]">LCD_PutChar8x16</a> from lcd.o(.text) referenced from display.o(.text)
 <LI><a href="#[41]">LCD_PutStringGB16x16</a> from lcd.o(.text) referenced from display.o(.text)
 <LI><a href="#[3e]">LCD_PutStringGB24x24</a> from lcd.o(.text) referenced from display.o(.text)
 <LI><a href="#[8d]">Main_Entry</a> from app.o(.text) referenced from app.o(.text)
 <LI><a href="#[8]">MemManage_Handler</a> from stm32f10x_it.o(.text) referenced from startup_stm32f10x_md.o(RESET)
 <LI><a href="#[6]">NMI_Handler</a> from stm32f10x_it.o(.text) referenced from startup_stm32f10x_md.o(RESET)
 <LI><a href="#[4b]">OSIntExit</a> from os_core.o(.text) referenced from os_cpu_a.o(.text)
 <LI><a href="#[4a]">OSTaskSwHook</a> from os_cpu_c.o(.text) referenced from os_cpu_a.o(.text)
 <LI><a href="#[2ce]">OS_TaskIdle</a> from os_core.o(.text) referenced from os_core.o(.text)
 <LI><a href="#[10]">PVD_IRQHandler</a> from startup_stm32f10x_md.o(.text) referenced from startup_stm32f10x_md.o(RESET)
 <LI><a href="#[d]">PendSV_Handler</a> from os_cpu_a.o(.text) referenced from startup_stm32f10x_md.o(RESET)
 <LI><a href="#[43]">PutStringGB4848</a> from lcd.o(.text) referenced from display.o(.text)
 <LI><a href="#[14]">RCC_IRQHandler</a> from startup_stm32f10x_md.o(.text) referenced from startup_stm32f10x_md.o(RESET)
 <LI><a href="#[38]">RTCAlarm_IRQHandler</a> from startup_stm32f10x_md.o(.text) referenced from startup_stm32f10x_md.o(RESET)
 <LI><a href="#[12]">RTC_IRQHandler</a> from startup_stm32f10x_md.o(.text) referenced from startup_stm32f10x_md.o(RESET)
 <LI><a href="#[d6]">RelayPulse_cb</a> from relay.o(.text) referenced from relay.o(.text)
 <LI><a href="#[5]">Reset_Handler</a> from startup_stm32f10x_md.o(.text) referenced from startup_stm32f10x_md.o(RESET)
 <LI><a href="#[32]">SPI1_IRQHandler</a> from stm32f10x_it.o(.text) referenced from startup_stm32f10x_md.o(RESET)
 <LI><a href="#[33]">SPI2_IRQHandler</a> from stm32f10x_it.o(.text) referenced from startup_stm32f10x_md.o(RESET)
 <LI><a href="#[b]">SVC_Handler</a> from stm32f10x_it.o(.text) referenced from startup_stm32f10x_md.o(RESET)
 <LI><a href="#[e]">SysTick_Handler</a> from stm32f10x_it.o(.text) referenced from startup_stm32f10x_md.o(RESET)
 <LI><a href="#[48]">SystemInit</a> from system_stm32f10x.o(.text) referenced from startup_stm32f10x_md.o(.text)
 <LI><a href="#[11]">TAMPER_IRQHandler</a> from startup_stm32f10x_md.o(.text) referenced from startup_stm32f10x_md.o(RESET)
 <LI><a href="#[27]">TIM1_BRK_IRQHandler</a> from startup_stm32f10x_md.o(.text) referenced from startup_stm32f10x_md.o(RESET)
 <LI><a href="#[2a]">TIM1_CC_IRQHandler</a> from stm32f10x_it.o(.text) referenced from startup_stm32f10x_md.o(RESET)
 <LI><a href="#[29]">TIM1_TRG_COM_IRQHandler</a> from startup_stm32f10x_md.o(.text) referenced from startup_stm32f10x_md.o(RESET)
 <LI><a href="#[28]">TIM1_UP_IRQHandler</a> from stm32f10x_it.o(.text) referenced from startup_stm32f10x_md.o(RESET)
 <LI><a href="#[2b]">TIM2_IRQHandler</a> from stm32f10x_it.o(.text) referenced from startup_stm32f10x_md.o(RESET)
 <LI><a href="#[2c]">TIM3_IRQHandler</a> from stm32f10x_it.o(.text) referenced from startup_stm32f10x_md.o(RESET)
 <LI><a href="#[2d]">TIM4_IRQHandler</a> from stm32f10x_it.o(.text) referenced from startup_stm32f10x_md.o(RESET)
 <LI><a href="#[34]">USART1_IRQHandler</a> from stm32f10x_it.o(.text) referenced from startup_stm32f10x_md.o(RESET)
 <LI><a href="#[35]">USART2_IRQHandler</a> from stm32f10x_it.o(.text) referenced from startup_stm32f10x_md.o(RESET)
 <LI><a href="#[36]">USART3_IRQHandler</a> from stm32f10x_it.o(.text) referenced from startup_stm32f10x_md.o(RESET)
 <LI><a href="#[39]">USBWakeUp_IRQHandler</a> from startup_stm32f10x_md.o(.text) referenced from startup_stm32f10x_md.o(RESET)
 <LI><a href="#[22]">USB_HP_CAN1_TX_IRQHandler</a> from stm32f10x_it.o(.text) referenced from startup_stm32f10x_md.o(RESET)
 <LI><a href="#[23]">USB_LP_CAN1_RX0_IRQHandler</a> from stm32f10x_it.o(.text) referenced from startup_stm32f10x_md.o(RESET)
 <LI><a href="#[ed]">UartCmdCallback</a> from uartcmd.o(.text) referenced from uartcmd.o(.text)
 <LI><a href="#[a]">UsageFault_Handler</a> from stm32f10x_it.o(.text) referenced from startup_stm32f10x_md.o(RESET)
 <LI><a href="#[261]">VOS_TaskEntry</a> from task.o(.text) referenced from task.o(.text)
 <LI><a href="#[f]">WWDG_IRQHandler</a> from startup_stm32f10x_md.o(.text) referenced from startup_stm32f10x_md.o(RESET)
 <LI><a href="#[49]">__main</a> from entry.o(.ARM.Collect$$$$00000000) referenced from startup_stm32f10x_md.o(.text)
 <LI><a href="#[4e]">_sputc</a> from printf8.o(i._sputc) referenced from printf8.o(i.__0sprintf$8)
 <LI><a href="#[4f]">_sputc</a> from printfa.o(i._sputc) referenced from printfa.o(i.__0vsprintf)
 <LI><a href="#[20e]">cytma_delay_check_cb</a> from cytma.o(.text) referenced from cytma.o(.text)
 <LI><a href="#[46]">cytma_delay_check_proc</a> from cytma.o(.text) referenced from cytma.o(.text)
 <LI><a href="#[47]">cytma_get_pendown_state</a> from cytma.o(.text) referenced from cytma.o(.text)
 <LI><a href="#[4d]">fputc</a> from printf.o(.text) referenced from printf8.o(i.__0printf$8)
 <LI><a href="#[4d]">fputc</a> from printf.o(.text) referenced from printfa.o(i.__0vprintf)
 <LI><a href="#[267]">keyboard_sh</a> from keyboard.o(.text) referenced from keyboard.o(.text)
 <LI><a href="#[266]">keyboard_to</a> from keyboard.o(.text) referenced 2 times from keyboard.o(.text)
 <LI><a href="#[3a]">main</a> from app.o(.text) referenced from entry9a.o(.ARM.Collect$$$$0000000B)
 <LI><a href="#[2]">stm32_gpiolib_get</a> from gpio.o(.text) referenced 14 times from gpio.o(.data)
 <LI><a href="#[0]">stm32_gpiolib_getcfg</a> from gpio.o(.text) referenced 2 times from gpio.o(.data)
 <LI><a href="#[3]">stm32_gpiolib_set</a> from gpio.o(.text) referenced 14 times from gpio.o(.data)
 <LI><a href="#[1]">stm32_gpiolib_setcfg</a> from gpio.o(.text) referenced 2 times from gpio.o(.data)
 <LI><a href="#[4]">stm32_gpiolib_toggle</a> from gpio.o(.text) referenced 14 times from gpio.o(.data)
 <LI><a href="#[21e]">zb_ItfProcess</a> from zb.o(.text) referenced from zb.o(.text)
 <LI><a href="#[21a]">zb_config_cb</a> from zb.o(.text) referenced from zb.o(.text)
</UL>
<P>
<H3>
Global Symbols
</H3>
<P><STRONG><a name="[49]"></a>__main</STRONG> (Thumb, 0 bytes, Stack size unknown bytes, entry.o(.ARM.Collect$$$$00000000))
<BR>[Address Reference Count : 1]<UL><LI> startup_stm32f10x_md.o(.text)
</UL>
<P><STRONG><a name="[346]"></a>_main_stk</STRONG> (Thumb, 0 bytes, Stack size unknown bytes, entry2.o(.ARM.Collect$$$$00000001))

<P><STRONG><a name="[50]"></a>_main_scatterload</STRONG> (Thumb, 0 bytes, Stack size unknown bytes, entry5.o(.ARM.Collect$$$$00000004))
<BR><BR>[Calls]<UL><LI><a href="#[51]">&gt;&gt;</a>&nbsp;&nbsp;&nbsp;__scatterload
</UL>

<P><STRONG><a name="[32e]"></a>__main_after_scatterload</STRONG> (Thumb, 0 bytes, Stack size unknown bytes, entry5.o(.ARM.Collect$$$$00000004))
<BR><BR>[Called By]<UL><LI><a href="#[51]">&gt;&gt;</a>&nbsp;&nbsp;&nbsp;__scatterload
</UL>

<P><STRONG><a name="[347]"></a>_main_clock</STRONG> (Thumb, 0 bytes, Stack size unknown bytes, entry7b.o(.ARM.Collect$$$$00000008))

<P><STRONG><a name="[348]"></a>_main_cpp_init</STRONG> (Thumb, 0 bytes, Stack size unknown bytes, entry8b.o(.ARM.Collect$$$$0000000A))

<P><STRONG><a name="[349]"></a>_main_init</STRONG> (Thumb, 0 bytes, Stack size unknown bytes, entry9a.o(.ARM.Collect$$$$0000000B))

<P><STRONG><a name="[34a]"></a>__rt_final_cpp</STRONG> (Thumb, 0 bytes, Stack size unknown bytes, entry10a.o(.ARM.Collect$$$$0000000D))

<P><STRONG><a name="[34b]"></a>__rt_final_exit</STRONG> (Thumb, 0 bytes, Stack size unknown bytes, entry11a.o(.ARM.Collect$$$$0000000F))

<P><STRONG><a name="[30b]"></a>App_TaskCreateHook</STRONG> (Thumb, 2 bytes, Stack size 0 bytes, app.o(.text))
<BR><BR>[Called By]<UL><LI><a href="#[2de]">&gt;&gt;</a>&nbsp;&nbsp;&nbsp;OSTaskCreateHook
</UL>

<P><STRONG><a name="[30c]"></a>App_TaskDelHook</STRONG> (Thumb, 2 bytes, Stack size 0 bytes, app.o(.text), UNUSED)
<BR><BR>[Called By]<UL><LI><a href="#[2ee]">&gt;&gt;</a>&nbsp;&nbsp;&nbsp;OSTaskDelHook
</UL>

<P><STRONG><a name="[52]"></a>App_TaskIdleHook</STRONG> (Thumb, 4 bytes, Stack size 0 bytes, app.o(.text))
<BR><BR>[Calls]<UL><LI><a href="#[53]">&gt;&gt;</a>&nbsp;&nbsp;&nbsp;IWDG_Feed
</UL>
<BR>[Called By]<UL><LI><a href="#[2cf]">&gt;&gt;</a>&nbsp;&nbsp;&nbsp;OSTaskIdleHook
</UL>

<P><STRONG><a name="[30e]"></a>App_TaskStatHook</STRONG> (Thumb, 2 bytes, Stack size 0 bytes, app.o(.text), UNUSED)
<BR><BR>[Called By]<UL><LI><a href="#[30d]">&gt;&gt;</a>&nbsp;&nbsp;&nbsp;OSTaskStatHook
</UL>

<P><STRONG><a name="[30f]"></a>App_TaskSwHook</STRONG> (Thumb, 2 bytes, Stack size 0 bytes, app.o(.text))
<BR><BR>[Called By]<UL><LI><a href="#[4a]">&gt;&gt;</a>&nbsp;&nbsp;&nbsp;OSTaskSwHook
</UL>

<P><STRONG><a name="[310]"></a>App_TCBInitHook</STRONG> (Thumb, 2 bytes, Stack size 0 bytes, app.o(.text))
<BR><BR>[Called By]<UL><LI><a href="#[2dd]">&gt;&gt;</a>&nbsp;&nbsp;&nbsp;OSTCBInitHook
</UL>

<P><STRONG><a name="[54]"></a>App_TimeTickHook</STRONG> (Thumb, 74 bytes, Stack size 8 bytes, app.o(.text))
<BR><BR>[Stack]<UL><LI>Max Depth = 116 + Unknown Stack Size
<LI>Call Chain = App_TimeTickHook &rArr; TimerProc &rArr; MessageSend &rArr; queueMessage &rArr; VOS_SemP &rArr; OSSemPost &rArr; OS_EventTaskRdy
</UL>
<BR>[Calls]<UL><LI><a href="#[56]">&gt;&gt;</a>&nbsp;&nbsp;&nbsp;sys_time_proc
<LI><a href="#[55]">&gt;&gt;</a>&nbsp;&nbsp;&nbsp;TimerProc
<LI><a href="#[57]">&gt;&gt;</a>&nbsp;&nbsp;&nbsp;Serial_CheckRcvIdleTime
</UL>
<BR>[Called By]<UL><LI><a href="#[2d9]">&gt;&gt;</a>&nbsp;&nbsp;&nbsp;OSTimeTickHook
</UL>

<P><STRONG><a name="[34c]"></a>USER_Delay</STRONG> (Thumb, 12 bytes, Stack size 0 bytes, app.o(.text), UNUSED)

<P><STRONG><a name="[58]"></a>SecondTimer</STRONG> (Thumb, 22 bytes, Stack size 8 bytes, app.o(.text))
<BR><BR>[Stack]<UL><LI>Max Depth = 264 + Unknown Stack Size
<LI>Call Chain = SecondTimer &rArr; Disp_SecondTask &rArr; Disp_Update4State &rArr; Disp_PeerStateQtw &rArr; Disp_Prepare4Ntw &rArr; Disp_Move2Ntw &rArr; Disp_SndTakingWaterMsg &rArr; CanCcbSndHandleOperationMsg &rArr; CanSndSappCmd &rArr; SHZNAPP_CanResp &rArr; CanSndBufPush &rArr; SndCanData &rArr; CanMsgSndCb &rArr; MainAlarmWithDuration &rArr; AddTimer &rArr; ModTimer
</UL>
<BR>[Calls]<UL><LI><a href="#[5c]">&gt;&gt;</a>&nbsp;&nbsp;&nbsp;zbSecondTask
<LI><a href="#[59]">&gt;&gt;</a>&nbsp;&nbsp;&nbsp;RunToggle
<LI><a href="#[5a]">&gt;&gt;</a>&nbsp;&nbsp;&nbsp;Disp_SecondTask
<LI><a href="#[5b]">&gt;&gt;</a>&nbsp;&nbsp;&nbsp;CanCcbSecondTask
</UL>
<BR>[Called By]<UL><LI><a href="#[5d]">&gt;&gt;</a>&nbsp;&nbsp;&nbsp;PidTimerProcess
</UL>

<P><STRONG><a name="[5d]"></a>PidTimerProcess</STRONG> (Thumb, 58 bytes, Stack size 8 bytes, app.o(.text))
<BR><BR>[Stack]<UL><LI>Max Depth = 272 + Unknown Stack Size
<LI>Call Chain = PidTimerProcess &rArr; SecondTimer &rArr; Disp_SecondTask &rArr; Disp_Update4State &rArr; Disp_PeerStateQtw &rArr; Disp_Prepare4Ntw &rArr; Disp_Move2Ntw &rArr; Disp_SndTakingWaterMsg &rArr; CanCcbSndHandleOperationMsg &rArr; CanSndSappCmd &rArr; SHZNAPP_CanResp &rArr; CanSndBufPush &rArr; SndCanData &rArr; CanMsgSndCb &rArr; MainAlarmWithDuration &rArr; AddTimer &rArr; ModTimer
</UL>
<BR>[Calls]<UL><LI><a href="#[5e]">&gt;&gt;</a>&nbsp;&nbsp;&nbsp;CanCcbTimeout
<LI><a href="#[60]">&gt;&gt;</a>&nbsp;&nbsp;&nbsp;Beep
<LI><a href="#[5f]">&gt;&gt;</a>&nbsp;&nbsp;&nbsp;Alarm
<LI><a href="#[58]">&gt;&gt;</a>&nbsp;&nbsp;&nbsp;SecondTimer
</UL>
<BR>[Called By]<UL><LI><a href="#[89]">&gt;&gt;</a>&nbsp;&nbsp;&nbsp;Msg_proc
</UL>

<P><STRONG><a name="[61]"></a>MainSappProc</STRONG> (Thumb, 56 bytes, Stack size 8 bytes, app.o(.text))
<BR><BR>[Stack]<UL><LI>Max Depth = 252 + Unknown Stack Size
<LI>Call Chain = MainSappProc &rArr; SHZNAPP_SerialAppProc &rArr; appAtCmd &rArr; Config_SetItem &rArr; osal_snv_write &rArr; compactPage &rArr; setActivePage &rArr; writeWord &rArr; HalFlashWrite &rArr; FLASH_ProgramWord &rArr; FLASH_WaitForLastOperation
</UL>
<BR>[Calls]<UL><LI><a href="#[62]">&gt;&gt;</a>&nbsp;&nbsp;&nbsp;SHZNAPP_SerialUnknowProc
<LI><a href="#[63]">&gt;&gt;</a>&nbsp;&nbsp;&nbsp;SHZNAPP_SerialResp
<LI><a href="#[65]">&gt;&gt;</a>&nbsp;&nbsp;&nbsp;SHZNAPP_SerialBootProc
<LI><a href="#[64]">&gt;&gt;</a>&nbsp;&nbsp;&nbsp;SHZNAPP_SerialAppProc
</UL>
<BR>[Called By]<UL><LI><a href="#[89]">&gt;&gt;</a>&nbsp;&nbsp;&nbsp;Msg_proc
</UL>

<P><STRONG><a name="[66]"></a>InitKeys</STRONG> (Thumb, 40 bytes, Stack size 8 bytes, app.o(.text))
<BR><BR>[Stack]<UL><LI>Max Depth = 84 + Unknown Stack Size
<LI>Call Chain = InitKeys &rArr; RegisterKey &rArr; stm32_gpio_cfg_irq &rArr; NVIC_Init
</UL>
<BR>[Calls]<UL><LI><a href="#[67]">&gt;&gt;</a>&nbsp;&nbsp;&nbsp;RegisterKey
</UL>
<BR>[Called By]<UL><LI><a href="#[68]">&gt;&gt;</a>&nbsp;&nbsp;&nbsp;MainInit
</UL>

<P><STRONG><a name="[68]"></a>MainInit</STRONG> (Thumb, 130 bytes, Stack size 8 bytes, app.o(.text))
<BR><BR>[Stack]<UL><LI>Max Depth = 196 + Unknown Stack Size
<LI>Call Chain = MainInit &rArr; Config_Init &rArr; Config_SetItem &rArr; osal_snv_write &rArr; compactPage &rArr; setActivePage &rArr; writeWord &rArr; HalFlashWrite &rArr; FLASH_ProgramWord &rArr; FLASH_WaitForLastOperation
</UL>
<BR>[Calls]<UL><LI><a href="#[7c]">&gt;&gt;</a>&nbsp;&nbsp;&nbsp;zbInit
<LI><a href="#[6b]">&gt;&gt;</a>&nbsp;&nbsp;&nbsp;stm32_gpio_init
<LI><a href="#[73]">&gt;&gt;</a>&nbsp;&nbsp;&nbsp;osal_snv_init
<LI><a href="#[74]">&gt;&gt;</a>&nbsp;&nbsp;&nbsp;VOS_logger
<LI><a href="#[69]">&gt;&gt;</a>&nbsp;&nbsp;&nbsp;VOS_SetLogLevel
<LI><a href="#[6a]">&gt;&gt;</a>&nbsp;&nbsp;&nbsp;UartCmdSetLogLevel
<LI><a href="#[72]">&gt;&gt;</a>&nbsp;&nbsp;&nbsp;UartCmdInit
<LI><a href="#[6e]">&gt;&gt;</a>&nbsp;&nbsp;&nbsp;RunInit
<LI><a href="#[6f]">&gt;&gt;</a>&nbsp;&nbsp;&nbsp;Run
<LI><a href="#[7e]">&gt;&gt;</a>&nbsp;&nbsp;&nbsp;MainBeepWithDuration
<LI><a href="#[78]">&gt;&gt;</a>&nbsp;&nbsp;&nbsp;LCD_Init
<LI><a href="#[77]">&gt;&gt;</a>&nbsp;&nbsp;&nbsp;KeyboardInit
<LI><a href="#[6c]">&gt;&gt;</a>&nbsp;&nbsp;&nbsp;Ioctrl_input_init
<LI><a href="#[6d]">&gt;&gt;</a>&nbsp;&nbsp;&nbsp;InitRelays
<LI><a href="#[7b]">&gt;&gt;</a>&nbsp;&nbsp;&nbsp;IWDG_Init
<LI><a href="#[7a]">&gt;&gt;</a>&nbsp;&nbsp;&nbsp;Disp_Init
<LI><a href="#[75]">&gt;&gt;</a>&nbsp;&nbsp;&nbsp;Config_Init
<LI><a href="#[76]">&gt;&gt;</a>&nbsp;&nbsp;&nbsp;CanCmdInit
<LI><a href="#[79]">&gt;&gt;</a>&nbsp;&nbsp;&nbsp;CYTMA_Init
<LI><a href="#[71]">&gt;&gt;</a>&nbsp;&nbsp;&nbsp;BeepInit
<LI><a href="#[70]">&gt;&gt;</a>&nbsp;&nbsp;&nbsp;AlarmInit
<LI><a href="#[7d]">&gt;&gt;</a>&nbsp;&nbsp;&nbsp;AddTimer
<LI><a href="#[66]">&gt;&gt;</a>&nbsp;&nbsp;&nbsp;InitKeys
</UL>
<BR>[Called By]<UL><LI><a href="#[7f]">&gt;&gt;</a>&nbsp;&nbsp;&nbsp;PidSelfProcess
</UL>

<P><STRONG><a name="[7f]"></a>PidSelfProcess</STRONG> (Thumb, 40 bytes, Stack size 8 bytes, app.o(.text))
<BR><BR>[Stack]<UL><LI>Max Depth = 204 + Unknown Stack Size
<LI>Call Chain = PidSelfProcess &rArr; MainInit &rArr; Config_Init &rArr; Config_SetItem &rArr; osal_snv_write &rArr; compactPage &rArr; setActivePage &rArr; writeWord &rArr; HalFlashWrite &rArr; FLASH_ProgramWord &rArr; FLASH_WaitForLastOperation
</UL>
<BR>[Calls]<UL><LI><a href="#[80]">&gt;&gt;</a>&nbsp;&nbsp;&nbsp;Disp_msg_Handler
<LI><a href="#[81]">&gt;&gt;</a>&nbsp;&nbsp;&nbsp;CanCmd_msg_Handler
<LI><a href="#[68]">&gt;&gt;</a>&nbsp;&nbsp;&nbsp;MainInit
</UL>
<BR>[Called By]<UL><LI><a href="#[89]">&gt;&gt;</a>&nbsp;&nbsp;&nbsp;Msg_proc
</UL>

<P><STRONG><a name="[82]"></a>PidKeyboardProcess</STRONG> (Thumb, 14 bytes, Stack size 8 bytes, app.o(.text))
<BR><BR>[Stack]<UL><LI>Max Depth = 264 + Unknown Stack Size
<LI>Call Chain = PidKeyboardProcess &rArr; Disp_KeyHandler &rArr; Disp_KeyHandler_run &rArr; Disp_KeyHandler_run_idle &rArr; Disp_Prepare4Ntw &rArr; Disp_Move2Ntw &rArr; Disp_SndTakingWaterMsg &rArr; CanCcbSndHandleOperationMsg &rArr; CanSndSappCmd &rArr; SHZNAPP_CanResp &rArr; CanSndBufPush &rArr; SndCanData &rArr; CanMsgSndCb &rArr; MainAlarmWithDuration &rArr; AddTimer &rArr; ModTimer
</UL>
<BR>[Calls]<UL><LI><a href="#[83]">&gt;&gt;</a>&nbsp;&nbsp;&nbsp;Disp_KeyHandler
</UL>
<BR>[Called By]<UL><LI><a href="#[89]">&gt;&gt;</a>&nbsp;&nbsp;&nbsp;Msg_proc
</UL>

<P><STRONG><a name="[84]"></a>PidTouchProcess</STRONG> (Thumb, 12 bytes, Stack size 8 bytes, app.o(.text))
<BR><BR>[Stack]<UL><LI>Max Depth = 272 + Unknown Stack Size
<LI>Call Chain = PidTouchProcess &rArr; Disp_TouchHandler &rArr; Disp_BtnClicked &rArr; Disp_BtnTwClick &rArr; Disp_Prepare4Qtw &rArr; Disp_Move2QtwTakingWater &rArr; Disp_SndTakingWaterMsg &rArr; CanCcbSndHandleOperationMsg &rArr; CanSndSappCmd &rArr; SHZNAPP_CanResp &rArr; CanSndBufPush &rArr; SndCanData &rArr; CanMsgSndCb &rArr; MainAlarmWithDuration &rArr; AddTimer &rArr; ModTimer
</UL>
<BR>[Calls]<UL><LI><a href="#[85]">&gt;&gt;</a>&nbsp;&nbsp;&nbsp;Disp_TouchHandler
</UL>
<BR>[Called By]<UL><LI><a href="#[89]">&gt;&gt;</a>&nbsp;&nbsp;&nbsp;Msg_proc
</UL>

<P><STRONG><a name="[86]"></a>MainKickoff</STRONG> (Thumb, 28 bytes, Stack size 8 bytes, app.o(.text))
<BR><BR>[Stack]<UL><LI>Max Depth = 84 + Unknown Stack Size
<LI>Call Chain = MainKickoff &rArr; MessageSend &rArr; queueMessage &rArr; VOS_SemP &rArr; OSSemPost &rArr; OS_EventTaskRdy
</UL>
<BR>[Calls]<UL><LI><a href="#[88]">&gt;&gt;</a>&nbsp;&nbsp;&nbsp;MessageSend
<LI><a href="#[87]">&gt;&gt;</a>&nbsp;&nbsp;&nbsp;MessageAlloc
</UL>
<BR>[Called By]<UL><LI><a href="#[3b]">&gt;&gt;</a>&nbsp;&nbsp;&nbsp;AppTaskRoot
</UL>

<P><STRONG><a name="[89]"></a>Msg_proc</STRONG> (Thumb, 50 bytes, Stack size 0 bytes, app.o(.text))
<BR><BR>[Stack]<UL><LI>Max Depth = 416 + Unknown Stack Size
<LI>Call Chain = Msg_proc &rArr; PidCanProcess &rArr; RcvCanData &rArr; CanRcvFrame &rArr; CanCcbAfProc &rArr; CanCcbAfDataMsg &rArr; CanCcbAfDataHandleOpsMsg &rArr; Disp_DisplayHandleOpsEntry &rArr; Disp_DisplayStateNotify &rArr; Disp_DisplayStaNotify &rArr; Disp_Update4State &rArr; Disp_PeerStateQtw &rArr; Disp_Prepare4Ntw &rArr; Disp_Move2Ntw &rArr; Disp_SndTakingWaterMsg &rArr; CanCcbSndHandleOperationMsg &rArr; CanSndSappCmd &rArr; SHZNAPP_CanResp &rArr; CanSndBufPush &rArr; SndCanData &rArr; CanMsgSndCb &rArr; MainAlarmWithDuration &rArr; AddTimer &rArr; ModTimer
</UL>
<BR>[Calls]<UL><LI><a href="#[8a]">&gt;&gt;</a>&nbsp;&nbsp;&nbsp;PidSerialProcess
<LI><a href="#[8b]">&gt;&gt;</a>&nbsp;&nbsp;&nbsp;PidCanProcess
<LI><a href="#[8c]">&gt;&gt;</a>&nbsp;&nbsp;&nbsp;CYTMA_ItfProcess
<LI><a href="#[84]">&gt;&gt;</a>&nbsp;&nbsp;&nbsp;PidTouchProcess
<LI><a href="#[82]">&gt;&gt;</a>&nbsp;&nbsp;&nbsp;PidKeyboardProcess
<LI><a href="#[7f]">&gt;&gt;</a>&nbsp;&nbsp;&nbsp;PidSelfProcess
<LI><a href="#[61]">&gt;&gt;</a>&nbsp;&nbsp;&nbsp;MainSappProc
<LI><a href="#[5d]">&gt;&gt;</a>&nbsp;&nbsp;&nbsp;PidTimerProcess
</UL>
<BR>[Called By]<UL><LI><a href="#[8d]">&gt;&gt;</a>&nbsp;&nbsp;&nbsp;Main_Entry
</UL>

<P><STRONG><a name="[8d]"></a>Main_Entry</STRONG> (Thumb, 2 bytes, Stack size 0 bytes, app.o(.text))
<BR><BR>[Stack]<UL><LI>Max Depth = 416 + Unknown Stack Size
<LI>Call Chain = Main_Entry &rArr; Msg_proc &rArr; PidCanProcess &rArr; RcvCanData &rArr; CanRcvFrame &rArr; CanCcbAfProc &rArr; CanCcbAfDataMsg &rArr; CanCcbAfDataHandleOpsMsg &rArr; Disp_DisplayHandleOpsEntry &rArr; Disp_DisplayStateNotify &rArr; Disp_DisplayStaNotify &rArr; Disp_Update4State &rArr; Disp_PeerStateQtw &rArr; Disp_Prepare4Ntw &rArr; Disp_Move2Ntw &rArr; Disp_SndTakingWaterMsg &rArr; CanCcbSndHandleOperationMsg &rArr; CanSndSappCmd &rArr; SHZNAPP_CanResp &rArr; CanSndBufPush &rArr; SndCanData &rArr; CanMsgSndCb &rArr; MainAlarmWithDuration &rArr; AddTimer &rArr; ModTimer
</UL>
<BR>[Calls]<UL><LI><a href="#[89]">&gt;&gt;</a>&nbsp;&nbsp;&nbsp;Msg_proc
</UL>
<BR>[Address Reference Count : 1]<UL><LI> app.o(.text)
</UL>
<P><STRONG><a name="[3a]"></a>main</STRONG> (Thumb, 82 bytes, Stack size 32 bytes, app.o(.text))
<BR><BR>[Stack]<UL><LI>Max Depth = 176 + Unknown Stack Size
<LI>Call Chain = main &rArr; OSInit &rArr; OSTaskCreateExt &rArr; OS_TCBInit
</UL>
<BR>[Calls]<UL><LI><a href="#[90]">&gt;&gt;</a>&nbsp;&nbsp;&nbsp;OSTaskNameSet
<LI><a href="#[96]">&gt;&gt;</a>&nbsp;&nbsp;&nbsp;OSTaskCreateExt
<LI><a href="#[97]">&gt;&gt;</a>&nbsp;&nbsp;&nbsp;OSStart
<LI><a href="#[95]">&gt;&gt;</a>&nbsp;&nbsp;&nbsp;OSInit
<LI><a href="#[93]">&gt;&gt;</a>&nbsp;&nbsp;&nbsp;NVIC_SetVectorTable
<LI><a href="#[94]">&gt;&gt;</a>&nbsp;&nbsp;&nbsp;NVIC_PriorityGroupConfig
<LI><a href="#[92]">&gt;&gt;</a>&nbsp;&nbsp;&nbsp;CPU_IntDis
</UL>
<BR>[Address Reference Count : 1]<UL><LI> entry9a.o(.ARM.Collect$$$$0000000B)
</UL>
<P><STRONG><a name="[6]"></a>NMI_Handler</STRONG> (Thumb, 2 bytes, Stack size 0 bytes, stm32f10x_it.o(.text))
<BR>[Address Reference Count : 1]<UL><LI> startup_stm32f10x_md.o(RESET)
</UL>
<P><STRONG><a name="[7]"></a>HardFault_Handler</STRONG> (Thumb, 2 bytes, Stack size 0 bytes, stm32f10x_it.o(.text))
<BR><BR>[Calls]<UL><LI><a href="#[7]">&gt;&gt;</a>&nbsp;&nbsp;&nbsp;HardFault_Handler
</UL>
<BR>[Called By]<UL><LI><a href="#[7]">&gt;&gt;</a>&nbsp;&nbsp;&nbsp;HardFault_Handler
</UL>
<BR>[Address Reference Count : 1]<UL><LI> startup_stm32f10x_md.o(RESET)
</UL>
<P><STRONG><a name="[8]"></a>MemManage_Handler</STRONG> (Thumb, 2 bytes, Stack size 0 bytes, stm32f10x_it.o(.text))
<BR><BR>[Calls]<UL><LI><a href="#[8]">&gt;&gt;</a>&nbsp;&nbsp;&nbsp;MemManage_Handler
</UL>
<BR>[Called By]<UL><LI><a href="#[8]">&gt;&gt;</a>&nbsp;&nbsp;&nbsp;MemManage_Handler
</UL>
<BR>[Address Reference Count : 1]<UL><LI> startup_stm32f10x_md.o(RESET)
</UL>
<P><STRONG><a name="[9]"></a>BusFault_Handler</STRONG> (Thumb, 2 bytes, Stack size 0 bytes, stm32f10x_it.o(.text))
<BR><BR>[Calls]<UL><LI><a href="#[9]">&gt;&gt;</a>&nbsp;&nbsp;&nbsp;BusFault_Handler
</UL>
<BR>[Called By]<UL><LI><a href="#[9]">&gt;&gt;</a>&nbsp;&nbsp;&nbsp;BusFault_Handler
</UL>
<BR>[Address Reference Count : 1]<UL><LI> startup_stm32f10x_md.o(RESET)
</UL>
<P><STRONG><a name="[a]"></a>UsageFault_Handler</STRONG> (Thumb, 2 bytes, Stack size 0 bytes, stm32f10x_it.o(.text))
<BR><BR>[Calls]<UL><LI><a href="#[a]">&gt;&gt;</a>&nbsp;&nbsp;&nbsp;UsageFault_Handler
</UL>
<BR>[Called By]<UL><LI><a href="#[a]">&gt;&gt;</a>&nbsp;&nbsp;&nbsp;UsageFault_Handler
</UL>
<BR>[Address Reference Count : 1]<UL><LI> startup_stm32f10x_md.o(RESET)
</UL>
<P><STRONG><a name="[b]"></a>SVC_Handler</STRONG> (Thumb, 2 bytes, Stack size 0 bytes, stm32f10x_it.o(.text))
<BR>[Address Reference Count : 1]<UL><LI> startup_stm32f10x_md.o(RESET)
</UL>
<P><STRONG><a name="[c]"></a>DebugMon_Handler</STRONG> (Thumb, 2 bytes, Stack size 0 bytes, stm32f10x_it.o(.text))
<BR>[Address Reference Count : 1]<UL><LI> startup_stm32f10x_md.o(RESET)
</UL>
<P><STRONG><a name="[e]"></a>SysTick_Handler</STRONG> (Thumb, 36 bytes, Stack size 8 bytes, stm32f10x_it.o(.text))
<BR><BR>[Stack]<UL><LI>Max Depth = 140 + Unknown Stack Size
<LI>Call Chain = SysTick_Handler &rArr; OSTimeTick &rArr; OSTimeTickHook &rArr; App_TimeTickHook &rArr; TimerProc &rArr; MessageSend &rArr; queueMessage &rArr; VOS_SemP &rArr; OSSemPost &rArr; OS_EventTaskRdy
</UL>
<BR>[Calls]<UL><LI><a href="#[98]">&gt;&gt;</a>&nbsp;&nbsp;&nbsp;OS_CPU_SR_Save
<LI><a href="#[99]">&gt;&gt;</a>&nbsp;&nbsp;&nbsp;OS_CPU_SR_Restore
<LI><a href="#[9a]">&gt;&gt;</a>&nbsp;&nbsp;&nbsp;OSTimeTick
<LI><a href="#[4b]">&gt;&gt;</a>&nbsp;&nbsp;&nbsp;OSIntExit
</UL>
<BR>[Address Reference Count : 1]<UL><LI> startup_stm32f10x_md.o(RESET)
</UL>
<P><STRONG><a name="[33]"></a>SPI2_IRQHandler</STRONG> (Thumb, 2 bytes, Stack size 0 bytes, stm32f10x_it.o(.text))
<BR>[Address Reference Count : 1]<UL><LI> startup_stm32f10x_md.o(RESET)
</UL>
<P><STRONG><a name="[32]"></a>SPI1_IRQHandler</STRONG> (Thumb, 2 bytes, Stack size 0 bytes, stm32f10x_it.o(.text))
<BR>[Address Reference Count : 1]<UL><LI> startup_stm32f10x_md.o(RESET)
</UL>
<P><STRONG><a name="[22]"></a>USB_HP_CAN1_TX_IRQHandler</STRONG> (Thumb, 82 bytes, Stack size 8 bytes, stm32f10x_it.o(.text))
<BR><BR>[Stack]<UL><LI>Max Depth = 112 + Unknown Stack Size
<LI>Call Chain = USB_HP_CAN1_TX_IRQHandler &rArr; SndCanData &rArr; CanMsgSndCb &rArr; MainAlarmWithDuration &rArr; AddTimer &rArr; ModTimer
</UL>
<BR>[Calls]<UL><LI><a href="#[9d]">&gt;&gt;</a>&nbsp;&nbsp;&nbsp;SndCanData
<LI><a href="#[9b]">&gt;&gt;</a>&nbsp;&nbsp;&nbsp;CAN_GetITStatus
<LI><a href="#[9c]">&gt;&gt;</a>&nbsp;&nbsp;&nbsp;CAN_ClearITPendingBit
</UL>
<BR>[Address Reference Count : 1]<UL><LI> startup_stm32f10x_md.o(RESET)
</UL>
<P><STRONG><a name="[23]"></a>USB_LP_CAN1_RX0_IRQHandler</STRONG> (Thumb, 42 bytes, Stack size 8 bytes, stm32f10x_it.o(.text))
<BR><BR>[Stack]<UL><LI>Max Depth = 84 + Unknown Stack Size
<LI>Call Chain = USB_LP_CAN1_RX0_IRQHandler &rArr; MessageSend &rArr; queueMessage &rArr; VOS_SemP &rArr; OSSemPost &rArr; OS_EventTaskRdy
</UL>
<BR>[Calls]<UL><LI><a href="#[9e]">&gt;&gt;</a>&nbsp;&nbsp;&nbsp;CAN_Receive
<LI><a href="#[88]">&gt;&gt;</a>&nbsp;&nbsp;&nbsp;MessageSend
<LI><a href="#[87]">&gt;&gt;</a>&nbsp;&nbsp;&nbsp;MessageAlloc
</UL>
<BR>[Address Reference Count : 1]<UL><LI> startup_stm32f10x_md.o(RESET)
</UL>
<P><STRONG><a name="[24]"></a>CAN1_RX1_IRQHandler</STRONG> (Thumb, 42 bytes, Stack size 8 bytes, stm32f10x_it.o(.text))
<BR><BR>[Stack]<UL><LI>Max Depth = 84 + Unknown Stack Size
<LI>Call Chain = CAN1_RX1_IRQHandler &rArr; MessageSend &rArr; queueMessage &rArr; VOS_SemP &rArr; OSSemPost &rArr; OS_EventTaskRdy
</UL>
<BR>[Calls]<UL><LI><a href="#[9e]">&gt;&gt;</a>&nbsp;&nbsp;&nbsp;CAN_Receive
<LI><a href="#[88]">&gt;&gt;</a>&nbsp;&nbsp;&nbsp;MessageSend
<LI><a href="#[87]">&gt;&gt;</a>&nbsp;&nbsp;&nbsp;MessageAlloc
</UL>
<BR>[Address Reference Count : 1]<UL><LI> startup_stm32f10x_md.o(RESET)
</UL>
<P><STRONG><a name="[25]"></a>CAN1_SCE_IRQHandler</STRONG> (Thumb, 2 bytes, Stack size 0 bytes, stm32f10x_it.o(.text))
<BR>[Address Reference Count : 1]<UL><LI> startup_stm32f10x_md.o(RESET)
</UL>
<P><STRONG><a name="[34]"></a>USART1_IRQHandler</STRONG> (Thumb, 36 bytes, Stack size 8 bytes, stm32f10x_it.o(.text))
<BR><BR>[Stack]<UL><LI>Max Depth = 24<LI>Call Chain = USART1_IRQHandler &rArr; USART_GetITStatus
</UL>
<BR>[Calls]<UL><LI><a href="#[a6]">&gt;&gt;</a>&nbsp;&nbsp;&nbsp;UartCmdPutData
<LI><a href="#[a1]">&gt;&gt;</a>&nbsp;&nbsp;&nbsp;USART_ReceiveData
<LI><a href="#[a0]">&gt;&gt;</a>&nbsp;&nbsp;&nbsp;USART_GetITStatus
</UL>
<BR>[Address Reference Count : 1]<UL><LI> startup_stm32f10x_md.o(RESET)
</UL>
<P><STRONG><a name="[35]"></a>USART2_IRQHandler</STRONG> (Thumb, 4 bytes, Stack size 0 bytes, stm32f10x_it.o(.text))
<BR><BR>[Stack]<UL><LI>Max Depth = 48<LI>Call Chain = USART2_IRQHandler &rArr; USART_IRQCommHandler &rArr; Serial_FillRcvBuf
</UL>
<BR>[Calls]<UL><LI><a href="#[9f]">&gt;&gt;</a>&nbsp;&nbsp;&nbsp;USART_IRQCommHandler
</UL>
<BR>[Address Reference Count : 1]<UL><LI> startup_stm32f10x_md.o(RESET)
</UL>
<P><STRONG><a name="[36]"></a>USART3_IRQHandler</STRONG> (Thumb, 4 bytes, Stack size 0 bytes, stm32f10x_it.o(.text))
<BR><BR>[Stack]<UL><LI>Max Depth = 48<LI>Call Chain = USART3_IRQHandler &rArr; USART_IRQCommHandler &rArr; Serial_FillRcvBuf
</UL>
<BR>[Calls]<UL><LI><a href="#[9f]">&gt;&gt;</a>&nbsp;&nbsp;&nbsp;USART_IRQCommHandler
</UL>
<BR>[Address Reference Count : 1]<UL><LI> startup_stm32f10x_md.o(RESET)
</UL>
<P><STRONG><a name="[28]"></a>TIM1_UP_IRQHandler</STRONG> (Thumb, 38 bytes, Stack size 8 bytes, stm32f10x_it.o(.text))
<BR><BR>[Stack]<UL><LI>Max Depth = 16<LI>Call Chain = TIM1_UP_IRQHandler &rArr; TIM_event_handler
</UL>
<BR>[Calls]<UL><LI><a href="#[a9]">&gt;&gt;</a>&nbsp;&nbsp;&nbsp;TIM_event_handler
<LI><a href="#[a7]">&gt;&gt;</a>&nbsp;&nbsp;&nbsp;TIM_GetITStatus
<LI><a href="#[a8]">&gt;&gt;</a>&nbsp;&nbsp;&nbsp;TIM_ClearITPendingBit
</UL>
<BR>[Address Reference Count : 1]<UL><LI> startup_stm32f10x_md.o(RESET)
</UL>
<P><STRONG><a name="[2a]"></a>TIM1_CC_IRQHandler</STRONG> (Thumb, 56 bytes, Stack size 8 bytes, stm32f10x_it.o(.text))
<BR><BR>[Stack]<UL><LI>Max Depth = 16<LI>Call Chain = TIM1_CC_IRQHandler &rArr; TIM_event_handler
</UL>
<BR>[Calls]<UL><LI><a href="#[a9]">&gt;&gt;</a>&nbsp;&nbsp;&nbsp;TIM_event_handler
<LI><a href="#[ab]">&gt;&gt;</a>&nbsp;&nbsp;&nbsp;TIM_SetCompare1
<LI><a href="#[a7]">&gt;&gt;</a>&nbsp;&nbsp;&nbsp;TIM_GetITStatus
<LI><a href="#[aa]">&gt;&gt;</a>&nbsp;&nbsp;&nbsp;TIM_GetCapture1
<LI><a href="#[a8]">&gt;&gt;</a>&nbsp;&nbsp;&nbsp;TIM_ClearITPendingBit
</UL>
<BR>[Address Reference Count : 1]<UL><LI> startup_stm32f10x_md.o(RESET)
</UL>
<P><STRONG><a name="[2b]"></a>TIM2_IRQHandler</STRONG> (Thumb, 116 bytes, Stack size 8 bytes, stm32f10x_it.o(.text))
<BR><BR>[Stack]<UL><LI>Max Depth = 16<LI>Call Chain = TIM2_IRQHandler &rArr; TIM_event_handler
</UL>
<BR>[Calls]<UL><LI><a href="#[a9]">&gt;&gt;</a>&nbsp;&nbsp;&nbsp;TIM_event_handler
<LI><a href="#[a7]">&gt;&gt;</a>&nbsp;&nbsp;&nbsp;TIM_GetITStatus
<LI><a href="#[a8]">&gt;&gt;</a>&nbsp;&nbsp;&nbsp;TIM_ClearITPendingBit
</UL>
<BR>[Address Reference Count : 1]<UL><LI> startup_stm32f10x_md.o(RESET)
</UL>
<P><STRONG><a name="[2c]"></a>TIM3_IRQHandler</STRONG> (Thumb, 116 bytes, Stack size 8 bytes, stm32f10x_it.o(.text))
<BR><BR>[Stack]<UL><LI>Max Depth = 16<LI>Call Chain = TIM3_IRQHandler &rArr; TIM_event_handler
</UL>
<BR>[Calls]<UL><LI><a href="#[a9]">&gt;&gt;</a>&nbsp;&nbsp;&nbsp;TIM_event_handler
<LI><a href="#[a7]">&gt;&gt;</a>&nbsp;&nbsp;&nbsp;TIM_GetITStatus
<LI><a href="#[a8]">&gt;&gt;</a>&nbsp;&nbsp;&nbsp;TIM_ClearITPendingBit
</UL>
<BR>[Address Reference Count : 1]<UL><LI> startup_stm32f10x_md.o(RESET)
</UL>
<P><STRONG><a name="[2d]"></a>TIM4_IRQHandler</STRONG> (Thumb, 116 bytes, Stack size 8 bytes, stm32f10x_it.o(.text))
<BR><BR>[Stack]<UL><LI>Max Depth = 16<LI>Call Chain = TIM4_IRQHandler &rArr; TIM_event_handler
</UL>
<BR>[Calls]<UL><LI><a href="#[a9]">&gt;&gt;</a>&nbsp;&nbsp;&nbsp;TIM_event_handler
<LI><a href="#[a7]">&gt;&gt;</a>&nbsp;&nbsp;&nbsp;TIM_GetITStatus
<LI><a href="#[a8]">&gt;&gt;</a>&nbsp;&nbsp;&nbsp;TIM_ClearITPendingBit
</UL>
<BR>[Address Reference Count : 1]<UL><LI> startup_stm32f10x_md.o(RESET)
</UL>
<P><STRONG><a name="[26]"></a>EXTI9_5_IRQHandler</STRONG> (Thumb, 152 bytes, Stack size 8 bytes, stm32f10x_it.o(.text))
<BR><BR>[Stack]<UL><LI>Max Depth = 32<LI>Call Chain = EXTI9_5_IRQHandler &rArr; sensor_event_handler
</UL>
<BR>[Calls]<UL><LI><a href="#[ae]">&gt;&gt;</a>&nbsp;&nbsp;&nbsp;sensor_event_handler
<LI><a href="#[ac]">&gt;&gt;</a>&nbsp;&nbsp;&nbsp;EXTI_GetITStatus
<LI><a href="#[ad]">&gt;&gt;</a>&nbsp;&nbsp;&nbsp;EXTI_ClearITPendingBit
</UL>
<BR>[Address Reference Count : 1]<UL><LI> startup_stm32f10x_md.o(RESET)
</UL>
<P><STRONG><a name="[37]"></a>EXTI15_10_IRQHandler</STRONG> (Thumb, 154 bytes, Stack size 8 bytes, stm32f10x_it.o(.text))
<BR><BR>[Stack]<UL><LI>Max Depth = 32<LI>Call Chain = EXTI15_10_IRQHandler &rArr; sensor_event_handler
</UL>
<BR>[Calls]<UL><LI><a href="#[ae]">&gt;&gt;</a>&nbsp;&nbsp;&nbsp;sensor_event_handler
<LI><a href="#[ac]">&gt;&gt;</a>&nbsp;&nbsp;&nbsp;EXTI_GetITStatus
<LI><a href="#[ad]">&gt;&gt;</a>&nbsp;&nbsp;&nbsp;EXTI_ClearITPendingBit
</UL>
<BR>[Address Reference Count : 1]<UL><LI> startup_stm32f10x_md.o(RESET)
</UL>
<P><STRONG><a name="[15]"></a>EXTI0_IRQHandler</STRONG> (Thumb, 18 bytes, Stack size 8 bytes, stm32f10x_it.o(.text))
<BR><BR>[Stack]<UL><LI>Max Depth = 32<LI>Call Chain = EXTI0_IRQHandler &rArr; sensor_event_handler
</UL>
<BR>[Calls]<UL><LI><a href="#[ae]">&gt;&gt;</a>&nbsp;&nbsp;&nbsp;sensor_event_handler
<LI><a href="#[ad]">&gt;&gt;</a>&nbsp;&nbsp;&nbsp;EXTI_ClearITPendingBit
</UL>
<BR>[Address Reference Count : 1]<UL><LI> startup_stm32f10x_md.o(RESET)
</UL>
<P><STRONG><a name="[16]"></a>EXTI1_IRQHandler</STRONG> (Thumb, 18 bytes, Stack size 8 bytes, stm32f10x_it.o(.text))
<BR><BR>[Stack]<UL><LI>Max Depth = 32<LI>Call Chain = EXTI1_IRQHandler &rArr; sensor_event_handler
</UL>
<BR>[Calls]<UL><LI><a href="#[ae]">&gt;&gt;</a>&nbsp;&nbsp;&nbsp;sensor_event_handler
<LI><a href="#[ad]">&gt;&gt;</a>&nbsp;&nbsp;&nbsp;EXTI_ClearITPendingBit
</UL>
<BR>[Address Reference Count : 1]<UL><LI> startup_stm32f10x_md.o(RESET)
</UL>
<P><STRONG><a name="[17]"></a>EXTI2_IRQHandler</STRONG> (Thumb, 18 bytes, Stack size 8 bytes, stm32f10x_it.o(.text))
<BR><BR>[Stack]<UL><LI>Max Depth = 32<LI>Call Chain = EXTI2_IRQHandler &rArr; sensor_event_handler
</UL>
<BR>[Calls]<UL><LI><a href="#[ae]">&gt;&gt;</a>&nbsp;&nbsp;&nbsp;sensor_event_handler
<LI><a href="#[ad]">&gt;&gt;</a>&nbsp;&nbsp;&nbsp;EXTI_ClearITPendingBit
</UL>
<BR>[Address Reference Count : 1]<UL><LI> startup_stm32f10x_md.o(RESET)
</UL>
<P><STRONG><a name="[18]"></a>EXTI3_IRQHandler</STRONG> (Thumb, 18 bytes, Stack size 8 bytes, stm32f10x_it.o(.text))
<BR><BR>[Stack]<UL><LI>Max Depth = 32<LI>Call Chain = EXTI3_IRQHandler &rArr; sensor_event_handler
</UL>
<BR>[Calls]<UL><LI><a href="#[ae]">&gt;&gt;</a>&nbsp;&nbsp;&nbsp;sensor_event_handler
<LI><a href="#[ad]">&gt;&gt;</a>&nbsp;&nbsp;&nbsp;EXTI_ClearITPendingBit
</UL>
<BR>[Address Reference Count : 1]<UL><LI> startup_stm32f10x_md.o(RESET)
</UL>
<P><STRONG><a name="[19]"></a>EXTI4_IRQHandler</STRONG> (Thumb, 18 bytes, Stack size 8 bytes, stm32f10x_it.o(.text))
<BR><BR>[Stack]<UL><LI>Max Depth = 32<LI>Call Chain = EXTI4_IRQHandler &rArr; sensor_event_handler
</UL>
<BR>[Calls]<UL><LI><a href="#[ae]">&gt;&gt;</a>&nbsp;&nbsp;&nbsp;sensor_event_handler
<LI><a href="#[ad]">&gt;&gt;</a>&nbsp;&nbsp;&nbsp;EXTI_ClearITPendingBit
</UL>
<BR>[Address Reference Count : 1]<UL><LI> startup_stm32f10x_md.o(RESET)
</UL>
<P><STRONG><a name="[2e]"></a>I2C1_EV_IRQHandler</STRONG> (Thumb, 2 bytes, Stack size 0 bytes, stm32f10x_it.o(.text))
<BR>[Address Reference Count : 1]<UL><LI> startup_stm32f10x_md.o(RESET)
</UL>
<P><STRONG><a name="[af]"></a>hard_fault_handler_c</STRONG> (Thumb, 150 bytes, Stack size 0 bytes, stm32f10x_it.o(.text))
<BR><BR>[Stack]<UL><LI>Max Depth = 24<LI>Call Chain = hard_fault_handler_c &rArr; __2printf
</UL>
<BR>[Calls]<UL><LI><a href="#[b0]">&gt;&gt;</a>&nbsp;&nbsp;&nbsp;__2printf
</UL>
<BR>[Called By]<UL><LI><a href="#[5]">&gt;&gt;</a>&nbsp;&nbsp;&nbsp;Reset_Handler
</UL>

<P><STRONG><a name="[2fd]"></a>Config_GetVersion</STRONG> (Thumb, 4 bytes, Stack size 0 bytes, config.o(.text))
<BR><BR>[Called By]<UL><LI><a href="#[65]">&gt;&gt;</a>&nbsp;&nbsp;&nbsp;SHZNAPP_SerialBootProc
</UL>

<P><STRONG><a name="[b1]"></a>Config_SetItem</STRONG> (Thumb, 4 bytes, Stack size 0 bytes, config.o(.text))
<BR><BR>[Stack]<UL><LI>Max Depth = 172<LI>Call Chain = Config_SetItem &rArr; osal_snv_write &rArr; compactPage &rArr; setActivePage &rArr; writeWord &rArr; HalFlashWrite &rArr; FLASH_ProgramWord &rArr; FLASH_WaitForLastOperation
</UL>
<BR>[Calls]<UL><LI><a href="#[b2]">&gt;&gt;</a>&nbsp;&nbsp;&nbsp;osal_snv_write
</UL>
<BR>[Called By]<UL><LI><a href="#[100]">&gt;&gt;</a>&nbsp;&nbsp;&nbsp;appAtCmd
<LI><a href="#[75]">&gt;&gt;</a>&nbsp;&nbsp;&nbsp;Config_Init
<LI><a href="#[192]">&gt;&gt;</a>&nbsp;&nbsp;&nbsp;CanCmdSetAdr
</UL>

<P><STRONG><a name="[34d]"></a>Config_Get_DevId</STRONG> (Thumb, 6 bytes, Stack size 0 bytes, config.o(.text), UNUSED)

<P><STRONG><a name="[34e]"></a>Config_Get_OpMode</STRONG> (Thumb, 6 bytes, Stack size 0 bytes, config.o(.text), UNUSED)

<P><STRONG><a name="[75]"></a>Config_Init</STRONG> (Thumb, 214 bytes, Stack size 16 bytes, config.o(.text))
<BR><BR>[Stack]<UL><LI>Max Depth = 188<LI>Call Chain = Config_Init &rArr; Config_SetItem &rArr; osal_snv_write &rArr; compactPage &rArr; setActivePage &rArr; writeWord &rArr; HalFlashWrite &rArr; FLASH_ProgramWord &rArr; FLASH_WaitForLastOperation
</UL>
<BR>[Calls]<UL><LI><a href="#[b4]">&gt;&gt;</a>&nbsp;&nbsp;&nbsp;osal_snv_read
<LI><a href="#[b1]">&gt;&gt;</a>&nbsp;&nbsp;&nbsp;Config_SetItem
<LI><a href="#[b6]">&gt;&gt;</a>&nbsp;&nbsp;&nbsp;strcpy
<LI><a href="#[b5]">&gt;&gt;</a>&nbsp;&nbsp;&nbsp;memcmp
<LI><a href="#[b3]">&gt;&gt;</a>&nbsp;&nbsp;&nbsp;__aeabi_memclr4
<LI><a href="#[b7]">&gt;&gt;</a>&nbsp;&nbsp;&nbsp;__aeabi_memcpy4
</UL>
<BR>[Called By]<UL><LI><a href="#[68]">&gt;&gt;</a>&nbsp;&nbsp;&nbsp;MainInit
</UL>

<P><STRONG><a name="[b8]"></a>Config_Sapp_Cmd</STRONG> (Thumb, 38 bytes, Stack size 16 bytes, config.o(.text), UNUSED)
<BR><BR>[Calls]<UL><LI><a href="#[63]">&gt;&gt;</a>&nbsp;&nbsp;&nbsp;SHZNAPP_SerialResp
<LI><a href="#[b9]">&gt;&gt;</a>&nbsp;&nbsp;&nbsp;__aeabi_memcpy
</UL>

<P><STRONG><a name="[ba]"></a>Config_SaveData</STRONG> (Thumb, 64 bytes, Stack size 24 bytes, config.o(.text))
<BR><BR>[Stack]<UL><LI>Max Depth = 52 + Unknown Stack Size
<LI>Call Chain = Config_SaveData &rArr; FLASH_ProgramWord &rArr; FLASH_WaitForLastOperation
</UL>
<BR>[Calls]<UL><LI><a href="#[bb]">&gt;&gt;</a>&nbsp;&nbsp;&nbsp;FLASH_Unlock
<LI><a href="#[bd]">&gt;&gt;</a>&nbsp;&nbsp;&nbsp;FLASH_ProgramWord
<LI><a href="#[be]">&gt;&gt;</a>&nbsp;&nbsp;&nbsp;FLASH_Lock
<LI><a href="#[bc]">&gt;&gt;</a>&nbsp;&nbsp;&nbsp;FLASH_ErasePage
<LI><a href="#[98]">&gt;&gt;</a>&nbsp;&nbsp;&nbsp;OS_CPU_SR_Save
<LI><a href="#[99]">&gt;&gt;</a>&nbsp;&nbsp;&nbsp;OS_CPU_SR_Restore
</UL>
<BR>[Called By]<UL><LI><a href="#[c2]">&gt;&gt;</a>&nbsp;&nbsp;&nbsp;ConfigSetParam
<LI><a href="#[bf]">&gt;&gt;</a>&nbsp;&nbsp;&nbsp;Config_SaveSerialNo
</UL>

<P><STRONG><a name="[bf]"></a>Config_SaveSerialNo</STRONG> (Thumb, 74 bytes, Stack size 16 bytes, config.o(.text))
<BR><BR>[Stack]<UL><LI>Max Depth = 68 + Unknown Stack Size
<LI>Call Chain = Config_SaveSerialNo &rArr; Config_SaveData &rArr; FLASH_ProgramWord &rArr; FLASH_WaitForLastOperation
</UL>
<BR>[Calls]<UL><LI><a href="#[ba]">&gt;&gt;</a>&nbsp;&nbsp;&nbsp;Config_SaveData
<LI><a href="#[53]">&gt;&gt;</a>&nbsp;&nbsp;&nbsp;IWDG_Feed
<LI><a href="#[b7]">&gt;&gt;</a>&nbsp;&nbsp;&nbsp;__aeabi_memcpy4
</UL>
<BR>[Called By]<UL><LI><a href="#[65]">&gt;&gt;</a>&nbsp;&nbsp;&nbsp;SHZNAPP_SerialBootProc
</UL>

<P><STRONG><a name="[2fe]"></a>Config_GetSerialNo</STRONG> (Thumb, 20 bytes, Stack size 0 bytes, config.o(.text))
<BR><BR>[Called By]<UL><LI><a href="#[65]">&gt;&gt;</a>&nbsp;&nbsp;&nbsp;SHZNAPP_SerialBootProc
</UL>

<P><STRONG><a name="[c0]"></a>ConfigSetParam4Serial</STRONG> (Thumb, 16 bytes, Stack size 8 bytes, config.o(.text))
<BR><BR>[Stack]<UL><LI>Max Depth = 8<LI>Call Chain = ConfigSetParam4Serial
</UL>
<BR>[Calls]<UL><LI><a href="#[b9]">&gt;&gt;</a>&nbsp;&nbsp;&nbsp;__aeabi_memcpy
</UL>
<BR>[Called By]<UL><LI><a href="#[c2]">&gt;&gt;</a>&nbsp;&nbsp;&nbsp;ConfigSetParam
</UL>

<P><STRONG><a name="[c1]"></a>ConfigSetParam4Local</STRONG> (Thumb, 36 bytes, Stack size 16 bytes, config.o(.text))
<BR><BR>[Stack]<UL><LI>Max Depth = 16<LI>Call Chain = ConfigSetParam4Local
</UL>
<BR>[Calls]<UL><LI><a href="#[b9]">&gt;&gt;</a>&nbsp;&nbsp;&nbsp;__aeabi_memcpy
</UL>
<BR>[Called By]<UL><LI><a href="#[c2]">&gt;&gt;</a>&nbsp;&nbsp;&nbsp;ConfigSetParam
</UL>

<P><STRONG><a name="[34f]"></a>ConfigGetParam4Serial</STRONG> (Thumb, 8 bytes, Stack size 0 bytes, config.o(.text), UNUSED)

<P><STRONG><a name="[c3]"></a>ConfigGetParam4Local</STRONG> (Thumb, 22 bytes, Stack size 0 bytes, config.o(.text))
<BR><BR>[Called By]<UL><LI><a href="#[c5]">&gt;&gt;</a>&nbsp;&nbsp;&nbsp;ConfigGetParam
<LI><a href="#[c2]">&gt;&gt;</a>&nbsp;&nbsp;&nbsp;ConfigSetParam
</UL>

<P><STRONG><a name="[c2]"></a>ConfigSetParam</STRONG> (Thumb, 154 bytes, Stack size 40 bytes, config.o(.text))
<BR><BR>[Stack]<UL><LI>Max Depth = 156 + Unknown Stack Size
<LI>Call Chain = ConfigSetParam &rArr; SerialInit &rArr; SerialInitPort &rArr; STM_EVAL_COMInit &rArr; USART_Init &rArr; RCC_GetClocksFreq
</UL>
<BR>[Calls]<UL><LI><a href="#[c4]">&gt;&gt;</a>&nbsp;&nbsp;&nbsp;SerialInit
<LI><a href="#[c3]">&gt;&gt;</a>&nbsp;&nbsp;&nbsp;ConfigGetParam4Local
<LI><a href="#[c1]">&gt;&gt;</a>&nbsp;&nbsp;&nbsp;ConfigSetParam4Local
<LI><a href="#[c0]">&gt;&gt;</a>&nbsp;&nbsp;&nbsp;ConfigSetParam4Serial
<LI><a href="#[ba]">&gt;&gt;</a>&nbsp;&nbsp;&nbsp;Config_SaveData
<LI><a href="#[53]">&gt;&gt;</a>&nbsp;&nbsp;&nbsp;IWDG_Feed
<LI><a href="#[b7]">&gt;&gt;</a>&nbsp;&nbsp;&nbsp;__aeabi_memcpy4
<LI><a href="#[b9]">&gt;&gt;</a>&nbsp;&nbsp;&nbsp;__aeabi_memcpy
</UL>
<BR>[Called By]<UL><LI><a href="#[cc]">&gt;&gt;</a>&nbsp;&nbsp;&nbsp;Config_Entry
</UL>

<P><STRONG><a name="[c5]"></a>ConfigGetParam</STRONG> (Thumb, 78 bytes, Stack size 16 bytes, config.o(.text))
<BR><BR>[Stack]<UL><LI>Max Depth = 16<LI>Call Chain = ConfigGetParam
</UL>
<BR>[Calls]<UL><LI><a href="#[c3]">&gt;&gt;</a>&nbsp;&nbsp;&nbsp;ConfigGetParam4Local
<LI><a href="#[b9]">&gt;&gt;</a>&nbsp;&nbsp;&nbsp;__aeabi_memcpy
</UL>
<BR>[Called By]<UL><LI><a href="#[cc]">&gt;&gt;</a>&nbsp;&nbsp;&nbsp;Config_Entry
</UL>

<P><STRONG><a name="[350]"></a>ConfigRs485Ctrl</STRONG> (Thumb, 4 bytes, Stack size 0 bytes, config.o(.text), UNUSED)

<P><STRONG><a name="[351]"></a>ConfigReset</STRONG> (Thumb, 8 bytes, Stack size 0 bytes, config.o(.text), UNUSED)

<P><STRONG><a name="[c6]"></a>ConfigSetTime</STRONG> (Thumb, 50 bytes, Stack size 32 bytes, config.o(.text))
<BR><BR>[Stack]<UL><LI>Max Depth = 76<LI>Call Chain = ConfigSetTime &rArr; RTC_Set &rArr; RTC_SetCounter
</UL>
<BR>[Calls]<UL><LI><a href="#[c7]">&gt;&gt;</a>&nbsp;&nbsp;&nbsp;RTC_Set
</UL>
<BR>[Called By]<UL><LI><a href="#[cc]">&gt;&gt;</a>&nbsp;&nbsp;&nbsp;Config_Entry
</UL>

<P><STRONG><a name="[c8]"></a>ConfigGetTime</STRONG> (Thumb, 56 bytes, Stack size 16 bytes, config.o(.text))
<BR><BR>[Stack]<UL><LI>Max Depth = 60<LI>Call Chain = ConfigGetTime &rArr; RTC_Get &rArr; RTC_Get_Helper &rArr; RTC_Get_Week
</UL>
<BR>[Calls]<UL><LI><a href="#[c9]">&gt;&gt;</a>&nbsp;&nbsp;&nbsp;RTC_Get
</UL>
<BR>[Called By]<UL><LI><a href="#[cc]">&gt;&gt;</a>&nbsp;&nbsp;&nbsp;Config_Entry
</UL>

<P><STRONG><a name="[ca]"></a>ConfigAdjTime</STRONG> (Thumb, 34 bytes, Stack size 16 bytes, config.o(.text))
<BR><BR>[Stack]<UL><LI>Max Depth = 16<LI>Call Chain = ConfigAdjTime
</UL>
<BR>[Calls]<UL><LI><a href="#[cb]">&gt;&gt;</a>&nbsp;&nbsp;&nbsp;RTC_Calibrate
</UL>
<BR>[Called By]<UL><LI><a href="#[cc]">&gt;&gt;</a>&nbsp;&nbsp;&nbsp;Config_Entry
</UL>

<P><STRONG><a name="[cc]"></a>Config_Entry</STRONG> (Thumb, 178 bytes, Stack size 16 bytes, config.o(.text))
<BR><BR>[Stack]<UL><LI>Max Depth = 172 + Unknown Stack Size
<LI>Call Chain = Config_Entry &rArr; ConfigSetParam &rArr; SerialInit &rArr; SerialInitPort &rArr; STM_EVAL_COMInit &rArr; USART_Init &rArr; RCC_GetClocksFreq
</UL>
<BR>[Calls]<UL><LI><a href="#[cd]">&gt;&gt;</a>&nbsp;&nbsp;&nbsp;MainAlarmWithDuration
<LI><a href="#[ca]">&gt;&gt;</a>&nbsp;&nbsp;&nbsp;ConfigAdjTime
<LI><a href="#[c8]">&gt;&gt;</a>&nbsp;&nbsp;&nbsp;ConfigGetTime
<LI><a href="#[c6]">&gt;&gt;</a>&nbsp;&nbsp;&nbsp;ConfigSetTime
<LI><a href="#[c5]">&gt;&gt;</a>&nbsp;&nbsp;&nbsp;ConfigGetParam
<LI><a href="#[c2]">&gt;&gt;</a>&nbsp;&nbsp;&nbsp;ConfigSetParam
<LI><a href="#[7e]">&gt;&gt;</a>&nbsp;&nbsp;&nbsp;MainBeepWithDuration
</UL>
<BR>[Called By]<UL><LI><a href="#[ce]">&gt;&gt;</a>&nbsp;&nbsp;&nbsp;Config_Sapp_Entry
</UL>

<P><STRONG><a name="[ce]"></a>Config_Sapp_Entry</STRONG> (Thumb, 2 bytes, Stack size 0 bytes, config.o(.text))
<BR><BR>[Stack]<UL><LI>Max Depth = 172 + Unknown Stack Size
<LI>Call Chain = Config_Sapp_Entry &rArr; Config_Entry &rArr; ConfigSetParam &rArr; SerialInit &rArr; SerialInitPort &rArr; STM_EVAL_COMInit &rArr; USART_Init &rArr; RCC_GetClocksFreq
</UL>
<BR>[Calls]<UL><LI><a href="#[cc]">&gt;&gt;</a>&nbsp;&nbsp;&nbsp;Config_Entry
</UL>
<BR>[Called By]<UL><LI><a href="#[64]">&gt;&gt;</a>&nbsp;&nbsp;&nbsp;SHZNAPP_SerialAppProc
</UL>

<P><STRONG><a name="[6d]"></a>InitRelays</STRONG> (Thumb, 60 bytes, Stack size 32 bytes, relay.o(.text))
<BR><BR>[Stack]<UL><LI>Max Depth = 48<LI>Call Chain = InitRelays &rArr; stm32_gpio_set_value
</UL>
<BR>[Calls]<UL><LI><a href="#[d0]">&gt;&gt;</a>&nbsp;&nbsp;&nbsp;stm32_gpio_set_value
<LI><a href="#[cf]">&gt;&gt;</a>&nbsp;&nbsp;&nbsp;stm32_gpio_cfgpin
<LI><a href="#[b3]">&gt;&gt;</a>&nbsp;&nbsp;&nbsp;__aeabi_memclr4
</UL>
<BR>[Called By]<UL><LI><a href="#[68]">&gt;&gt;</a>&nbsp;&nbsp;&nbsp;MainInit
</UL>

<P><STRONG><a name="[d1]"></a>RelayLogicCtrl</STRONG> (Thumb, 8 bytes, Stack size 0 bytes, relay.o(.text))
<BR><BR>[Stack]<UL><LI>Max Depth = 16<LI>Call Chain = RelayLogicCtrl &rArr; stm32_gpio_set_value
</UL>
<BR>[Calls]<UL><LI><a href="#[d0]">&gt;&gt;</a>&nbsp;&nbsp;&nbsp;stm32_gpio_set_value
</UL>
<BR>[Called By]<UL><LI><a href="#[10a]">&gt;&gt;</a>&nbsp;&nbsp;&nbsp;Disp_ValveCtrl
<LI><a href="#[d7]">&gt;&gt;</a>&nbsp;&nbsp;&nbsp;RelayPulse
<LI><a href="#[d6]">&gt;&gt;</a>&nbsp;&nbsp;&nbsp;RelayPulse_cb
<LI><a href="#[216]">&gt;&gt;</a>&nbsp;&nbsp;&nbsp;zbHwReset
<LI><a href="#[19a]">&gt;&gt;</a>&nbsp;&nbsp;&nbsp;Disp_DisplayHandleOpsEntry
<LI><a href="#[18b]">&gt;&gt;</a>&nbsp;&nbsp;&nbsp;Disp_DisplayTWNotify
</UL>

<P><STRONG><a name="[d2]"></a>GetRelayLogicStatus</STRONG> (Thumb, 18 bytes, Stack size 8 bytes, relay.o(.text))
<BR><BR>[Stack]<UL><LI>Max Depth = 16<LI>Call Chain = GetRelayLogicStatus &rArr; stm32_gpio_get_value
</UL>
<BR>[Calls]<UL><LI><a href="#[d3]">&gt;&gt;</a>&nbsp;&nbsp;&nbsp;stm32_gpio_get_value
</UL>
<BR>[Called By]<UL><LI><a href="#[18b]">&gt;&gt;</a>&nbsp;&nbsp;&nbsp;Disp_DisplayTWNotify
</UL>

<P><STRONG><a name="[d4]"></a>RelayToggle</STRONG> (Thumb, 8 bytes, Stack size 0 bytes, relay.o(.text), UNUSED)
<BR><BR>[Calls]<UL><LI><a href="#[d5]">&gt;&gt;</a>&nbsp;&nbsp;&nbsp;stm32_gpio_toggle_value
</UL>

<P><STRONG><a name="[d6]"></a>RelayPulse_cb</STRONG> (Thumb, 26 bytes, Stack size 8 bytes, relay.o(.text))
<BR><BR>[Stack]<UL><LI>Max Depth = 24<LI>Call Chain = RelayPulse_cb &rArr; RelayLogicCtrl &rArr; stm32_gpio_set_value
</UL>
<BR>[Calls]<UL><LI><a href="#[d1]">&gt;&gt;</a>&nbsp;&nbsp;&nbsp;RelayLogicCtrl
</UL>
<BR>[Address Reference Count : 1]<UL><LI> relay.o(.text)
</UL>
<P><STRONG><a name="[d7]"></a>RelayPulse</STRONG> (Thumb, 40 bytes, Stack size 24 bytes, relay.o(.text), UNUSED)
<BR><BR>[Calls]<UL><LI><a href="#[d8]">&gt;&gt;</a>&nbsp;&nbsp;&nbsp;sys_timeout
<LI><a href="#[d1]">&gt;&gt;</a>&nbsp;&nbsp;&nbsp;RelayLogicCtrl
</UL>

<P><STRONG><a name="[6c]"></a>Ioctrl_input_init</STRONG> (Thumb, 62 bytes, Stack size 16 bytes, dica.o(.text))
<BR><BR>[Stack]<UL><LI>Max Depth = 36<LI>Call Chain = Ioctrl_input_init &rArr; GPIO_PinRemapConfig
</UL>
<BR>[Calls]<UL><LI><a href="#[dc]">&gt;&gt;</a>&nbsp;&nbsp;&nbsp;RCC_LSEConfig
<LI><a href="#[da]">&gt;&gt;</a>&nbsp;&nbsp;&nbsp;RCC_APB1PeriphClockCmd
<LI><a href="#[db]">&gt;&gt;</a>&nbsp;&nbsp;&nbsp;PWR_BackupAccessCmd
<LI><a href="#[d9]">&gt;&gt;</a>&nbsp;&nbsp;&nbsp;GPIO_PinRemapConfig
<LI><a href="#[cf]">&gt;&gt;</a>&nbsp;&nbsp;&nbsp;stm32_gpio_cfgpin
</UL>
<BR>[Called By]<UL><LI><a href="#[68]">&gt;&gt;</a>&nbsp;&nbsp;&nbsp;MainInit
</UL>

<P><STRONG><a name="[dd]"></a>GetInputLogicStatus</STRONG> (Thumb, 14 bytes, Stack size 8 bytes, dica.o(.text), UNUSED)
<BR><BR>[Calls]<UL><LI><a href="#[d3]">&gt;&gt;</a>&nbsp;&nbsp;&nbsp;stm32_gpio_get_value
</UL>

<P><STRONG><a name="[70]"></a>AlarmInit</STRONG> (Thumb, 24 bytes, Stack size 8 bytes, beep.o(.text))
<BR><BR>[Stack]<UL><LI>Max Depth = 24<LI>Call Chain = AlarmInit &rArr; stm32_gpio_set_value
</UL>
<BR>[Calls]<UL><LI><a href="#[d0]">&gt;&gt;</a>&nbsp;&nbsp;&nbsp;stm32_gpio_set_value
<LI><a href="#[cf]">&gt;&gt;</a>&nbsp;&nbsp;&nbsp;stm32_gpio_cfgpin
</UL>
<BR>[Called By]<UL><LI><a href="#[68]">&gt;&gt;</a>&nbsp;&nbsp;&nbsp;MainInit
</UL>

<P><STRONG><a name="[5f]"></a>Alarm</STRONG> (Thumb, 14 bytes, Stack size 0 bytes, beep.o(.text))
<BR><BR>[Stack]<UL><LI>Max Depth = 16<LI>Call Chain = Alarm &rArr; stm32_gpio_set_value
</UL>
<BR>[Calls]<UL><LI><a href="#[d0]">&gt;&gt;</a>&nbsp;&nbsp;&nbsp;stm32_gpio_set_value
</UL>
<BR>[Called By]<UL><LI><a href="#[cd]">&gt;&gt;</a>&nbsp;&nbsp;&nbsp;MainAlarmWithDuration
<LI><a href="#[5d]">&gt;&gt;</a>&nbsp;&nbsp;&nbsp;PidTimerProcess
</UL>

<P><STRONG><a name="[de]"></a>AlarmToggle</STRONG> (Thumb, 6 bytes, Stack size 0 bytes, beep.o(.text), UNUSED)
<BR><BR>[Calls]<UL><LI><a href="#[d5]">&gt;&gt;</a>&nbsp;&nbsp;&nbsp;stm32_gpio_toggle_value
</UL>

<P><STRONG><a name="[cd]"></a>MainAlarmWithDuration</STRONG> (Thumb, 44 bytes, Stack size 8 bytes, beep.o(.text))
<BR><BR>[Stack]<UL><LI>Max Depth = 48 + Unknown Stack Size
<LI>Call Chain = MainAlarmWithDuration &rArr; AddTimer &rArr; ModTimer
</UL>
<BR>[Calls]<UL><LI><a href="#[5f]">&gt;&gt;</a>&nbsp;&nbsp;&nbsp;Alarm
<LI><a href="#[7d]">&gt;&gt;</a>&nbsp;&nbsp;&nbsp;AddTimer
</UL>
<BR>[Called By]<UL><LI><a href="#[cc]">&gt;&gt;</a>&nbsp;&nbsp;&nbsp;Config_Entry
<LI><a href="#[21c]">&gt;&gt;</a>&nbsp;&nbsp;&nbsp;zb_SappProc
<LI><a href="#[1c5]">&gt;&gt;</a>&nbsp;&nbsp;&nbsp;CanMsgSndCb
</UL>

<P><STRONG><a name="[71]"></a>BeepInit</STRONG> (Thumb, 2 bytes, Stack size 0 bytes, beep.o(.text))
<BR><BR>[Called By]<UL><LI><a href="#[68]">&gt;&gt;</a>&nbsp;&nbsp;&nbsp;MainInit
</UL>

<P><STRONG><a name="[60]"></a>Beep</STRONG> (Thumb, 2 bytes, Stack size 0 bytes, beep.o(.text))
<BR><BR>[Called By]<UL><LI><a href="#[5d]">&gt;&gt;</a>&nbsp;&nbsp;&nbsp;PidTimerProcess
</UL>

<P><STRONG><a name="[352]"></a>BeepToggle</STRONG> (Thumb, 2 bytes, Stack size 0 bytes, beep.o(.text), UNUSED)

<P><STRONG><a name="[7e]"></a>MainBeepWithDuration</STRONG> (Thumb, 26 bytes, Stack size 0 bytes, beep.o(.text))
<BR><BR>[Stack]<UL><LI>Max Depth = 40 + Unknown Stack Size
<LI>Call Chain = MainBeepWithDuration &rArr; AddTimer &rArr; ModTimer
</UL>
<BR>[Calls]<UL><LI><a href="#[7d]">&gt;&gt;</a>&nbsp;&nbsp;&nbsp;AddTimer
</UL>
<BR>[Called By]<UL><LI><a href="#[cc]">&gt;&gt;</a>&nbsp;&nbsp;&nbsp;Config_Entry
<LI><a href="#[68]">&gt;&gt;</a>&nbsp;&nbsp;&nbsp;MainInit
</UL>

<P><STRONG><a name="[6e]"></a>RunInit</STRONG> (Thumb, 24 bytes, Stack size 8 bytes, beep.o(.text))
<BR><BR>[Stack]<UL><LI>Max Depth = 24<LI>Call Chain = RunInit &rArr; stm32_gpio_set_value
</UL>
<BR>[Calls]<UL><LI><a href="#[d0]">&gt;&gt;</a>&nbsp;&nbsp;&nbsp;stm32_gpio_set_value
<LI><a href="#[cf]">&gt;&gt;</a>&nbsp;&nbsp;&nbsp;stm32_gpio_cfgpin
</UL>
<BR>[Called By]<UL><LI><a href="#[68]">&gt;&gt;</a>&nbsp;&nbsp;&nbsp;MainInit
</UL>

<P><STRONG><a name="[6f]"></a>Run</STRONG> (Thumb, 14 bytes, Stack size 0 bytes, beep.o(.text))
<BR><BR>[Stack]<UL><LI>Max Depth = 16<LI>Call Chain = Run &rArr; stm32_gpio_set_value
</UL>
<BR>[Calls]<UL><LI><a href="#[d0]">&gt;&gt;</a>&nbsp;&nbsp;&nbsp;stm32_gpio_set_value
</UL>
<BR>[Called By]<UL><LI><a href="#[68]">&gt;&gt;</a>&nbsp;&nbsp;&nbsp;MainInit
</UL>

<P><STRONG><a name="[59]"></a>RunToggle</STRONG> (Thumb, 6 bytes, Stack size 0 bytes, beep.o(.text))
<BR><BR>[Stack]<UL><LI>Max Depth = 8<LI>Call Chain = RunToggle &rArr; stm32_gpio_toggle_value
</UL>
<BR>[Calls]<UL><LI><a href="#[d5]">&gt;&gt;</a>&nbsp;&nbsp;&nbsp;stm32_gpio_toggle_value
</UL>
<BR>[Called By]<UL><LI><a href="#[58]">&gt;&gt;</a>&nbsp;&nbsp;&nbsp;SecondTimer
</UL>

<P><STRONG><a name="[df]"></a>Serial_SetDriverType</STRONG> (Thumb, 64 bytes, Stack size 16 bytes, serial.o(.text))
<BR><BR>[Stack]<UL><LI>Max Depth = 60 + Unknown Stack Size
<LI>Call Chain = Serial_SetDriverType &rArr; OSMboxPendAbort &rArr; OS_EventTaskRdy
</UL>
<BR>[Calls]<UL><LI><a href="#[e1]">&gt;&gt;</a>&nbsp;&nbsp;&nbsp;OSMboxPendAbort
<LI><a href="#[e0]">&gt;&gt;</a>&nbsp;&nbsp;&nbsp;OSMboxCreate
</UL>
<BR>[Called By]<UL><LI><a href="#[e2]">&gt;&gt;</a>&nbsp;&nbsp;&nbsp;SerialInitPort
</UL>

<P><STRONG><a name="[e2]"></a>SerialInitPort</STRONG> (Thumb, 224 bytes, Stack size 40 bytes, serial.o(.text))
<BR><BR>[Stack]<UL><LI>Max Depth = 108 + Unknown Stack Size
<LI>Call Chain = SerialInitPort &rArr; STM_EVAL_COMInit &rArr; USART_Init &rArr; RCC_GetClocksFreq
</UL>
<BR>[Calls]<UL><LI><a href="#[e4]">&gt;&gt;</a>&nbsp;&nbsp;&nbsp;STM_EVAL_COMInit
<LI><a href="#[e3]">&gt;&gt;</a>&nbsp;&nbsp;&nbsp;NVIC_Init
<LI><a href="#[df]">&gt;&gt;</a>&nbsp;&nbsp;&nbsp;Serial_SetDriverType
<LI><a href="#[d0]">&gt;&gt;</a>&nbsp;&nbsp;&nbsp;stm32_gpio_set_value
<LI><a href="#[cf]">&gt;&gt;</a>&nbsp;&nbsp;&nbsp;stm32_gpio_cfgpin
<LI><a href="#[a4]">&gt;&gt;</a>&nbsp;&nbsp;&nbsp;USART_ITConfig
</UL>
<BR>[Called By]<UL><LI><a href="#[eb]">&gt;&gt;</a>&nbsp;&nbsp;&nbsp;Serial_ReInit
<LI><a href="#[c4]">&gt;&gt;</a>&nbsp;&nbsp;&nbsp;SerialInit
<LI><a href="#[7c]">&gt;&gt;</a>&nbsp;&nbsp;&nbsp;zbInit
</UL>

<P><STRONG><a name="[a5]"></a>SerialEnableTx</STRONG> (Thumb, 40 bytes, Stack size 0 bytes, serial.o(.text))
<BR><BR>[Stack]<UL><LI>Max Depth = 16<LI>Call Chain = SerialEnableTx &rArr; stm32_gpio_set_value
</UL>
<BR>[Calls]<UL><LI><a href="#[d0]">&gt;&gt;</a>&nbsp;&nbsp;&nbsp;stm32_gpio_set_value
</UL>
<BR>[Called By]<UL><LI><a href="#[e5]">&gt;&gt;</a>&nbsp;&nbsp;&nbsp;Serial_FillSndBuf
<LI><a href="#[9f]">&gt;&gt;</a>&nbsp;&nbsp;&nbsp;USART_IRQCommHandler
</UL>

<P><STRONG><a name="[c4]"></a>SerialInit</STRONG> (Thumb, 18 bytes, Stack size 8 bytes, serial.o(.text))
<BR><BR>[Stack]<UL><LI>Max Depth = 116 + Unknown Stack Size
<LI>Call Chain = SerialInit &rArr; SerialInitPort &rArr; STM_EVAL_COMInit &rArr; USART_Init &rArr; RCC_GetClocksFreq
</UL>
<BR>[Calls]<UL><LI><a href="#[e2]">&gt;&gt;</a>&nbsp;&nbsp;&nbsp;SerialInitPort
</UL>
<BR>[Called By]<UL><LI><a href="#[c2]">&gt;&gt;</a>&nbsp;&nbsp;&nbsp;ConfigSetParam
</UL>

<P><STRONG><a name="[e5]"></a>Serial_FillSndBuf</STRONG> (Thumb, 170 bytes, Stack size 16 bytes, serial.o(.text), UNUSED)
<BR><BR>[Calls]<UL><LI><a href="#[a4]">&gt;&gt;</a>&nbsp;&nbsp;&nbsp;USART_ITConfig
<LI><a href="#[a5]">&gt;&gt;</a>&nbsp;&nbsp;&nbsp;SerialEnableTx
<LI><a href="#[b9]">&gt;&gt;</a>&nbsp;&nbsp;&nbsp;__aeabi_memcpy
</UL>

<P><STRONG><a name="[e6]"></a>Serial_ResetRcvIdleTime</STRONG> (Thumb, 22 bytes, Stack size 0 bytes, serial.o(.text))
<BR><BR>[Called By]<UL><LI><a href="#[a2]">&gt;&gt;</a>&nbsp;&nbsp;&nbsp;Serial_FillRcvBuf
</UL>

<P><STRONG><a name="[a2]"></a>Serial_FillRcvBuf</STRONG> (Thumb, 176 bytes, Stack size 24 bytes, serial.o(.text))
<BR><BR>[Stack]<UL><LI>Max Depth = 24<LI>Call Chain = Serial_FillRcvBuf
</UL>
<BR>[Calls]<UL><LI><a href="#[e6]">&gt;&gt;</a>&nbsp;&nbsp;&nbsp;Serial_ResetRcvIdleTime
<LI><a href="#[b9]">&gt;&gt;</a>&nbsp;&nbsp;&nbsp;__aeabi_memcpy
</UL>
<BR>[Called By]<UL><LI><a href="#[9f]">&gt;&gt;</a>&nbsp;&nbsp;&nbsp;USART_IRQCommHandler
</UL>

<P><STRONG><a name="[353]"></a>Serial_SetRcvIdleTime</STRONG> (Thumb, 24 bytes, Stack size 0 bytes, serial.o(.text), UNUSED)

<P><STRONG><a name="[e7]"></a>Serial_MoveData</STRONG> (Thumb, 188 bytes, Stack size 32 bytes, serial.o(.text))
<BR><BR>[Stack]<UL><LI>Max Depth = 32 + Unknown Stack Size
<LI>Call Chain = Serial_MoveData
</UL>
<BR>[Calls]<UL><LI><a href="#[98]">&gt;&gt;</a>&nbsp;&nbsp;&nbsp;OS_CPU_SR_Save
<LI><a href="#[99]">&gt;&gt;</a>&nbsp;&nbsp;&nbsp;OS_CPU_SR_Restore
<LI><a href="#[b9]">&gt;&gt;</a>&nbsp;&nbsp;&nbsp;__aeabi_memcpy
</UL>
<BR>[Called By]<UL><LI><a href="#[57]">&gt;&gt;</a>&nbsp;&nbsp;&nbsp;Serial_CheckRcvIdleTime
</UL>

<P><STRONG><a name="[57]"></a>Serial_CheckRcvIdleTime</STRONG> (Thumb, 138 bytes, Stack size 16 bytes, serial.o(.text))
<BR><BR>[Stack]<UL><LI>Max Depth = 92 + Unknown Stack Size
<LI>Call Chain = Serial_CheckRcvIdleTime &rArr; MessageSend &rArr; queueMessage &rArr; VOS_SemP &rArr; OSSemPost &rArr; OS_EventTaskRdy
</UL>
<BR>[Calls]<UL><LI><a href="#[e8]">&gt;&gt;</a>&nbsp;&nbsp;&nbsp;OSMboxPost
<LI><a href="#[e7]">&gt;&gt;</a>&nbsp;&nbsp;&nbsp;Serial_MoveData
<LI><a href="#[88]">&gt;&gt;</a>&nbsp;&nbsp;&nbsp;MessageSend
<LI><a href="#[87]">&gt;&gt;</a>&nbsp;&nbsp;&nbsp;MessageAlloc
</UL>
<BR>[Called By]<UL><LI><a href="#[54]">&gt;&gt;</a>&nbsp;&nbsp;&nbsp;App_TimeTickHook
</UL>

<P><STRONG><a name="[e9]"></a>Serial_RetriveConfig</STRONG> (Thumb, 122 bytes, Stack size 16 bytes, serial.o(.text))
<BR><BR>[Stack]<UL><LI>Max Depth = 64<LI>Call Chain = Serial_RetriveConfig &rArr; osal_snv_read &rArr; findItem &rArr; HalFlashRead
</UL>
<BR>[Calls]<UL><LI><a href="#[b4]">&gt;&gt;</a>&nbsp;&nbsp;&nbsp;osal_snv_read
<LI><a href="#[ea]">&gt;&gt;</a>&nbsp;&nbsp;&nbsp;__aeabi_memset
</UL>
<BR>[Called By]<UL><LI><a href="#[21a]">&gt;&gt;</a>&nbsp;&nbsp;&nbsp;zb_config_cb
</UL>

<P><STRONG><a name="[354]"></a>Serial_GetDrvMode</STRONG> (Thumb, 20 bytes, Stack size 0 bytes, serial.o(.text), UNUSED)

<P><STRONG><a name="[355]"></a>Serial_Rcv_Empty</STRONG> (Thumb, 34 bytes, Stack size 0 bytes, serial.o(.text), UNUSED)

<P><STRONG><a name="[eb]"></a>Serial_ReInit</STRONG> (Thumb, 34 bytes, Stack size 8 bytes, serial.o(.text), UNUSED)
<BR><BR>[Calls]<UL><LI><a href="#[ec]">&gt;&gt;</a>&nbsp;&nbsp;&nbsp;USART_DeInit
<LI><a href="#[e2]">&gt;&gt;</a>&nbsp;&nbsp;&nbsp;SerialInitPort
</UL>

<P><STRONG><a name="[356]"></a>Serial_GetSndBufferSpace</STRONG> (Thumb, 40 bytes, Stack size 0 bytes, serial.o(.text), UNUSED)

<P><STRONG><a name="[8a]"></a>PidSerialProcess</STRONG> (Thumb, 34 bytes, Stack size 8 bytes, serial.o(.text))
<BR><BR>[Stack]<UL><LI>Max Depth = 8<LI>Call Chain = PidSerialProcess
</UL>
<BR>[Called By]<UL><LI><a href="#[89]">&gt;&gt;</a>&nbsp;&nbsp;&nbsp;Msg_proc
</UL>

<P><STRONG><a name="[ed]"></a>UartCmdCallback</STRONG> (Thumb, 40 bytes, Stack size 8 bytes, uartcmd.o(.text))
<BR><BR>[Stack]<UL><LI>Max Depth = 108 + Unknown Stack Size
<LI>Call Chain = UartCmdCallback &rArr; SHZNAPP_SerialParse &rArr; MessageSend &rArr; queueMessage &rArr; VOS_SemP &rArr; OSSemPost &rArr; OS_EventTaskRdy
</UL>
<BR>[Calls]<UL><LI><a href="#[ee]">&gt;&gt;</a>&nbsp;&nbsp;&nbsp;SHZNAPP_SerialParse
<LI><a href="#[ef]">&gt;&gt;</a>&nbsp;&nbsp;&nbsp;HAL_SYSTEM_RESET
</UL>
<BR>[Address Reference Count : 1]<UL><LI> uartcmd.o(.text)
</UL>
<P><STRONG><a name="[72]"></a>UartCmdInit</STRONG> (Thumb, 110 bytes, Stack size 32 bytes, uartcmd.o(.text))
<BR><BR>[Stack]<UL><LI>Max Depth = 100<LI>Call Chain = UartCmdInit &rArr; STM_EVAL_COMInit &rArr; USART_Init &rArr; RCC_GetClocksFreq
</UL>
<BR>[Calls]<UL><LI><a href="#[f0]">&gt;&gt;</a>&nbsp;&nbsp;&nbsp;SHZNAPP_SerialInit
<LI><a href="#[e4]">&gt;&gt;</a>&nbsp;&nbsp;&nbsp;STM_EVAL_COMInit
<LI><a href="#[e3]">&gt;&gt;</a>&nbsp;&nbsp;&nbsp;NVIC_Init
<LI><a href="#[a4]">&gt;&gt;</a>&nbsp;&nbsp;&nbsp;USART_ITConfig
<LI><a href="#[b3]">&gt;&gt;</a>&nbsp;&nbsp;&nbsp;__aeabi_memclr4
</UL>
<BR>[Called By]<UL><LI><a href="#[68]">&gt;&gt;</a>&nbsp;&nbsp;&nbsp;MainInit
</UL>

<P><STRONG><a name="[a6]"></a>UartCmdPutData</STRONG> (Thumb, 28 bytes, Stack size 0 bytes, uartcmd.o(.text))
<BR><BR>[Called By]<UL><LI><a href="#[34]">&gt;&gt;</a>&nbsp;&nbsp;&nbsp;USART1_IRQHandler
</UL>

<P><STRONG><a name="[f1]"></a>UartCmdSendData</STRONG> (Thumb, 26 bytes, Stack size 8 bytes, uartcmd.o(.text))
<BR><BR>[Stack]<UL><LI>Max Depth = 8<LI>Call Chain = UartCmdSendData
</UL>
<BR>[Calls]<UL><LI><a href="#[f2]">&gt;&gt;</a>&nbsp;&nbsp;&nbsp;USART_GetFlagStatus
<LI><a href="#[a3]">&gt;&gt;</a>&nbsp;&nbsp;&nbsp;USART_SendData
</UL>
<BR>[Called By]<UL><LI><a href="#[f3]">&gt;&gt;</a>&nbsp;&nbsp;&nbsp;UartCmdSendMsg
</UL>

<P><STRONG><a name="[f3]"></a>UartCmdSendMsg</STRONG> (Thumb, 40 bytes, Stack size 16 bytes, uartcmd.o(.text))
<BR><BR>[Stack]<UL><LI>Max Depth = 24<LI>Call Chain = UartCmdSendMsg &rArr; UartCmdSendData
</UL>
<BR>[Calls]<UL><LI><a href="#[f1]">&gt;&gt;</a>&nbsp;&nbsp;&nbsp;UartCmdSendData
</UL>
<BR>[Called By]<UL><LI><a href="#[f6]">&gt;&gt;</a>&nbsp;&nbsp;&nbsp;HalUARTWrite
</UL>

<P><STRONG><a name="[f4]"></a>UartCmdSerialWrite</STRONG> (Thumb, 44 bytes, Stack size 16 bytes, uartcmd.o(.text), UNUSED)
<BR><BR>[Calls]<UL><LI><a href="#[63]">&gt;&gt;</a>&nbsp;&nbsp;&nbsp;SHZNAPP_SerialResp
<LI><a href="#[b9]">&gt;&gt;</a>&nbsp;&nbsp;&nbsp;__aeabi_memcpy
</UL>
<BR>[Called By]<UL><LI><a href="#[f7]">&gt;&gt;</a>&nbsp;&nbsp;&nbsp;UartCmdPrintString
<LI><a href="#[f5]">&gt;&gt;</a>&nbsp;&nbsp;&nbsp;UartCmdRs485Report
</UL>

<P><STRONG><a name="[f5]"></a>UartCmdRs485Report</STRONG> (Thumb, 6 bytes, Stack size 0 bytes, uartcmd.o(.text), UNUSED)
<BR><BR>[Calls]<UL><LI><a href="#[f4]">&gt;&gt;</a>&nbsp;&nbsp;&nbsp;UartCmdSerialWrite
</UL>

<P><STRONG><a name="[f6]"></a>HalUARTWrite</STRONG> (Thumb, 24 bytes, Stack size 8 bytes, uartcmd.o(.text))
<BR><BR>[Stack]<UL><LI>Max Depth = 32<LI>Call Chain = HalUARTWrite &rArr; UartCmdSendMsg &rArr; UartCmdSendData
</UL>
<BR>[Calls]<UL><LI><a href="#[f3]">&gt;&gt;</a>&nbsp;&nbsp;&nbsp;UartCmdSendMsg
</UL>
<BR>[Called By]<UL><LI><a href="#[63]">&gt;&gt;</a>&nbsp;&nbsp;&nbsp;SHZNAPP_SerialResp
</UL>

<P><STRONG><a name="[2ff]"></a>HalUARTRead</STRONG> (Thumb, 38 bytes, Stack size 0 bytes, uartcmd.o(.text))
<BR><BR>[Called By]<UL><LI><a href="#[ee]">&gt;&gt;</a>&nbsp;&nbsp;&nbsp;SHZNAPP_SerialParse
</UL>

<P><STRONG><a name="[f7]"></a>UartCmdPrintString</STRONG> (Thumb, 20 bytes, Stack size 8 bytes, uartcmd.o(.text), UNUSED)
<BR><BR>[Calls]<UL><LI><a href="#[f4]">&gt;&gt;</a>&nbsp;&nbsp;&nbsp;UartCmdSerialWrite
<LI><a href="#[f8]">&gt;&gt;</a>&nbsp;&nbsp;&nbsp;strlen
</UL>
<BR>[Called By]<UL><LI><a href="#[f9]">&gt;&gt;</a>&nbsp;&nbsp;&nbsp;UartCmdPrintf
</UL>

<P><STRONG><a name="[f9]"></a>UartCmdPrintf</STRONG> (Thumb, 36 bytes, Stack size 88 bytes, uartcmd.o(.text), UNUSED)
<BR><BR>[Calls]<UL><LI><a href="#[f7]">&gt;&gt;</a>&nbsp;&nbsp;&nbsp;UartCmdPrintString
<LI><a href="#[fa]">&gt;&gt;</a>&nbsp;&nbsp;&nbsp;__c89vsprintf
</UL>

<P><STRONG><a name="[6a]"></a>UartCmdSetLogLevel</STRONG> (Thumb, 10 bytes, Stack size 0 bytes, uartcmd.o(.text))
<BR><BR>[Called By]<UL><LI><a href="#[68]">&gt;&gt;</a>&nbsp;&nbsp;&nbsp;MainInit
</UL>

<P><STRONG><a name="[fb]"></a>Att_value_split</STRONG> (Thumb, 28 bytes, Stack size 16 bytes, at.o(.text))
<BR><BR>[Stack]<UL><LI>Max Depth = 16<LI>Call Chain = Att_value_split
</UL>
<BR>[Calls]<UL><LI><a href="#[fc]">&gt;&gt;</a>&nbsp;&nbsp;&nbsp;strchr
</UL>
<BR>[Called By]<UL><LI><a href="#[100]">&gt;&gt;</a>&nbsp;&nbsp;&nbsp;appAtCmd
</UL>

<P><STRONG><a name="[fd]"></a>att_helper_trim</STRONG> (Thumb, 76 bytes, Stack size 16 bytes, at.o(.text))
<BR><BR>[Stack]<UL><LI>Max Depth = 16<LI>Call Chain = att_helper_trim
</UL>
<BR>[Calls]<UL><LI><a href="#[f8]">&gt;&gt;</a>&nbsp;&nbsp;&nbsp;strlen
<LI><a href="#[fe]">&gt;&gt;</a>&nbsp;&nbsp;&nbsp;__rt_ctype_table
</UL>
<BR>[Called By]<UL><LI><a href="#[100]">&gt;&gt;</a>&nbsp;&nbsp;&nbsp;appAtCmd
<LI><a href="#[ff]">&gt;&gt;</a>&nbsp;&nbsp;&nbsp;Att_value_parse
</UL>

<P><STRONG><a name="[ff]"></a>Att_value_parse</STRONG> (Thumb, 44 bytes, Stack size 16 bytes, at.o(.text))
<BR><BR>[Stack]<UL><LI>Max Depth = 32<LI>Call Chain = Att_value_parse &rArr; att_helper_trim
</UL>
<BR>[Calls]<UL><LI><a href="#[fd]">&gt;&gt;</a>&nbsp;&nbsp;&nbsp;att_helper_trim
<LI><a href="#[fc]">&gt;&gt;</a>&nbsp;&nbsp;&nbsp;strchr
</UL>
<BR>[Called By]<UL><LI><a href="#[100]">&gt;&gt;</a>&nbsp;&nbsp;&nbsp;appAtCmd
</UL>

<P><STRONG><a name="[100]"></a>appAtCmd</STRONG> (Thumb, 540 bytes, Stack size 48 bytes, at.o(.text))
<BR><BR>[Stack]<UL><LI>Max Depth = 220<LI>Call Chain = appAtCmd &rArr; Config_SetItem &rArr; osal_snv_write &rArr; compactPage &rArr; setActivePage &rArr; writeWord &rArr; HalFlashWrite &rArr; FLASH_ProgramWord &rArr; FLASH_WaitForLastOperation
</UL>
<BR>[Calls]<UL><LI><a href="#[105]">&gt;&gt;</a>&nbsp;&nbsp;&nbsp;zb_PrepareReset
<LI><a href="#[ff]">&gt;&gt;</a>&nbsp;&nbsp;&nbsp;Att_value_parse
<LI><a href="#[fd]">&gt;&gt;</a>&nbsp;&nbsp;&nbsp;att_helper_trim
<LI><a href="#[fb]">&gt;&gt;</a>&nbsp;&nbsp;&nbsp;Att_value_split
<LI><a href="#[b1]">&gt;&gt;</a>&nbsp;&nbsp;&nbsp;Config_SetItem
<LI><a href="#[101]">&gt;&gt;</a>&nbsp;&nbsp;&nbsp;strncmp
<LI><a href="#[b6]">&gt;&gt;</a>&nbsp;&nbsp;&nbsp;strcpy
<LI><a href="#[102]">&gt;&gt;</a>&nbsp;&nbsp;&nbsp;strcmp
<LI><a href="#[f8]">&gt;&gt;</a>&nbsp;&nbsp;&nbsp;strlen
<LI><a href="#[b9]">&gt;&gt;</a>&nbsp;&nbsp;&nbsp;__aeabi_memcpy
<LI><a href="#[103]">&gt;&gt;</a>&nbsp;&nbsp;&nbsp;atoi
<LI><a href="#[104]">&gt;&gt;</a>&nbsp;&nbsp;&nbsp;__2sprintf
</UL>
<BR>[Called By]<UL><LI><a href="#[64]">&gt;&gt;</a>&nbsp;&nbsp;&nbsp;SHZNAPP_SerialAppProc
</UL>

<P><STRONG><a name="[106]"></a>Disp_PutCross</STRONG> (Thumb, 130 bytes, Stack size 32 bytes, display.o(.text), UNUSED)
<BR><BR>[Calls]<UL><LI><a href="#[107]">&gt;&gt;</a>&nbsp;&nbsp;&nbsp;LCD_DrawLine
</UL>

<P><STRONG><a name="[108]"></a>Disp_ClearCross</STRONG> (Thumb, 26 bytes, Stack size 8 bytes, display.o(.text), UNUSED)
<BR><BR>[Calls]<UL><LI><a href="#[109]">&gt;&gt;</a>&nbsp;&nbsp;&nbsp;LCD_ClearRect
</UL>

<P><STRONG><a name="[11a]"></a>Disp_SelectFont</STRONG> (Thumb, 14 bytes, Stack size 0 bytes, display.o(.text))
<BR><BR>[Called By]<UL><LI><a href="#[7a]">&gt;&gt;</a>&nbsp;&nbsp;&nbsp;Disp_Init
<LI><a href="#[173]">&gt;&gt;</a>&nbsp;&nbsp;&nbsp;DrawScreenSaverMsg
<LI><a href="#[150]">&gt;&gt;</a>&nbsp;&nbsp;&nbsp;Disp_QtwProductVolumn
<LI><a href="#[126]">&gt;&gt;</a>&nbsp;&nbsp;&nbsp;Disp_LiquidLevelUpdatePage
<LI><a href="#[124]">&gt;&gt;</a>&nbsp;&nbsp;&nbsp;Disp_UpdateRti4Temp
<LI><a href="#[123]">&gt;&gt;</a>&nbsp;&nbsp;&nbsp;Disp_UpdateRti4State
<LI><a href="#[119]">&gt;&gt;</a>&nbsp;&nbsp;&nbsp;Disp_UpdateWaterQuality
</UL>

<P><STRONG><a name="[357]"></a>Disp_atof</STRONG> (Thumb, 160 bytes, Stack size 20 bytes, display.o(.text), UNUSED)

<P><STRONG><a name="[10a]"></a>Disp_ValveCtrl</STRONG> (Thumb, 48 bytes, Stack size 8 bytes, display.o(.text))
<BR><BR>[Stack]<UL><LI>Max Depth = 24<LI>Call Chain = Disp_ValveCtrl &rArr; RelayLogicCtrl &rArr; stm32_gpio_set_value
</UL>
<BR>[Calls]<UL><LI><a href="#[d1]">&gt;&gt;</a>&nbsp;&nbsp;&nbsp;RelayLogicCtrl
</UL>
<BR>[Called By]<UL><LI><a href="#[7a]">&gt;&gt;</a>&nbsp;&nbsp;&nbsp;Disp_Init
<LI><a href="#[12b]">&gt;&gt;</a>&nbsp;&nbsp;&nbsp;Disp_Move2DstState
</UL>

<P><STRONG><a name="[10b]"></a>Disp_ClearScreen</STRONG> (Thumb, 20 bytes, Stack size 8 bytes, display.o(.text))
<BR><BR>[Stack]<UL><LI>Max Depth = 60<LI>Call Chain = Disp_ClearScreen &rArr; LCD_ClearRect &rArr; LCD_AddressSet &rArr; LCD_WR_CMD
</UL>
<BR>[Calls]<UL><LI><a href="#[109]">&gt;&gt;</a>&nbsp;&nbsp;&nbsp;LCD_ClearRect
</UL>
<BR>[Called By]<UL><LI><a href="#[183]">&gt;&gt;</a>&nbsp;&nbsp;&nbsp;Disp_DisplayWelcomePage
<LI><a href="#[175]">&gt;&gt;</a>&nbsp;&nbsp;&nbsp;Disp_EnableScreenSaver
</UL>

<P><STRONG><a name="[10c]"></a>Disp_ClearInfoScreen</STRONG> (Thumb, 18 bytes, Stack size 8 bytes, display.o(.text))
<BR><BR>[Stack]<UL><LI>Max Depth = 60<LI>Call Chain = Disp_ClearInfoScreen &rArr; LCD_ClearRect &rArr; LCD_AddressSet &rArr; LCD_WR_CMD
</UL>
<BR>[Calls]<UL><LI><a href="#[109]">&gt;&gt;</a>&nbsp;&nbsp;&nbsp;LCD_ClearRect
</UL>
<BR>[Called By]<UL><LI><a href="#[129]">&gt;&gt;</a>&nbsp;&nbsp;&nbsp;Disp_ShowInfo
</UL>

<P><STRONG><a name="[10d]"></a>Disp_ClearButtonScreen</STRONG> (Thumb, 20 bytes, Stack size 8 bytes, display.o(.text))
<BR><BR>[Stack]<UL><LI>Max Depth = 60<LI>Call Chain = Disp_ClearButtonScreen &rArr; LCD_ClearRect &rArr; LCD_AddressSet &rArr; LCD_WR_CMD
</UL>
<BR>[Calls]<UL><LI><a href="#[109]">&gt;&gt;</a>&nbsp;&nbsp;&nbsp;LCD_ClearRect
</UL>
<BR>[Called By]<UL><LI><a href="#[127]">&gt;&gt;</a>&nbsp;&nbsp;&nbsp;Disp_ShowButtons
</UL>

<P><STRONG><a name="[358]"></a>Disp_KeyRegion</STRONG> (Thumb, 2 bytes, Stack size 0 bytes, display.o(.text), UNUSED)

<P><STRONG><a name="[359]"></a>Disp_Select_Sensor</STRONG> (Thumb, 2 bytes, Stack size 0 bytes, display.o(.text), UNUSED)

<P><STRONG><a name="[10f]"></a>Disp_Int2floatFormat</STRONG> (Thumb, 150 bytes, Stack size 20 bytes, display.o(.text))
<BR><BR>[Stack]<UL><LI>Max Depth = 20<LI>Call Chain = Disp_Int2floatFormat
</UL>
<BR>[Called By]<UL><LI><a href="#[124]">&gt;&gt;</a>&nbsp;&nbsp;&nbsp;Disp_UpdateRti4Temp
<LI><a href="#[119]">&gt;&gt;</a>&nbsp;&nbsp;&nbsp;Disp_UpdateWaterQuality
<LI><a href="#[110]">&gt;&gt;</a>&nbsp;&nbsp;&nbsp;Disp_Int2float1
<LI><a href="#[10e]">&gt;&gt;</a>&nbsp;&nbsp;&nbsp;Disp_Int2float
</UL>

<P><STRONG><a name="[10e]"></a>Disp_Int2float</STRONG> (Thumb, 8 bytes, Stack size 0 bytes, display.o(.text))
<BR><BR>[Stack]<UL><LI>Max Depth = 20<LI>Call Chain = Disp_Int2float &rArr; Disp_Int2floatFormat
</UL>
<BR>[Calls]<UL><LI><a href="#[10f]">&gt;&gt;</a>&nbsp;&nbsp;&nbsp;Disp_Int2floatFormat
</UL>
<BR>[Called By]<UL><LI><a href="#[150]">&gt;&gt;</a>&nbsp;&nbsp;&nbsp;Disp_QtwProductVolumn
<LI><a href="#[119]">&gt;&gt;</a>&nbsp;&nbsp;&nbsp;Disp_UpdateWaterQuality
<LI><a href="#[118]">&gt;&gt;</a>&nbsp;&nbsp;&nbsp;Disp_UpdateTitle4Status
</UL>

<P><STRONG><a name="[110]"></a>Disp_Int2float1</STRONG> (Thumb, 8 bytes, Stack size 0 bytes, display.o(.text), UNUSED)
<BR><BR>[Calls]<UL><LI><a href="#[10f]">&gt;&gt;</a>&nbsp;&nbsp;&nbsp;Disp_Int2floatFormat
</UL>

<P><STRONG><a name="[111]"></a>Disp_report</STRONG> (Thumb, 32 bytes, Stack size 8 bytes, display.o(.text), UNUSED)
<BR><BR>[Calls]<UL><LI><a href="#[88]">&gt;&gt;</a>&nbsp;&nbsp;&nbsp;MessageSend
<LI><a href="#[87]">&gt;&gt;</a>&nbsp;&nbsp;&nbsp;MessageAlloc
</UL>
<BR>[Called By]<UL><LI><a href="#[15a]">&gt;&gt;</a>&nbsp;&nbsp;&nbsp;Disp_ntw_cb
</UL>

<P><STRONG><a name="[112]"></a>Disp_CleanTail</STRONG> (Thumb, 46 bytes, Stack size 24 bytes, display.o(.text), UNUSED)
<BR><BR>[Calls]<UL><LI><a href="#[113]">&gt;&gt;</a>&nbsp;&nbsp;&nbsp;LCD_Fill
<LI><a href="#[f8]">&gt;&gt;</a>&nbsp;&nbsp;&nbsp;strlen
</UL>
<BR>[Called By]<UL><LI><a href="#[160]">&gt;&gt;</a>&nbsp;&nbsp;&nbsp;Disp_DrawSelChar
</UL>

<P><STRONG><a name="[114]"></a>Draw_Speed_Progress_Bar</STRONG> (Thumb, 90 bytes, Stack size 16 bytes, display.o(.text))
<BR><BR>[Stack]<UL><LI>Max Depth = 56<LI>Call Chain = Draw_Speed_Progress_Bar &rArr; DrawBitmap
</UL>
<BR>[Calls]<UL><LI><a href="#[115]">&gt;&gt;</a>&nbsp;&nbsp;&nbsp;DrawBitmap
</UL>
<BR>[Called By]<UL><LI><a href="#[19a]">&gt;&gt;</a>&nbsp;&nbsp;&nbsp;Disp_DisplayHandleOpsEntry
<LI><a href="#[154]">&gt;&gt;</a>&nbsp;&nbsp;&nbsp;Disp_SpeedSettingUpdatePage
<LI><a href="#[151]">&gt;&gt;</a>&nbsp;&nbsp;&nbsp;Disp_SpeedUpdatePage
<LI><a href="#[129]">&gt;&gt;</a>&nbsp;&nbsp;&nbsp;Disp_ShowInfo
</UL>

<P><STRONG><a name="[116]"></a>Disp_ShowTitle</STRONG> (Thumb, 58 bytes, Stack size 24 bytes, display.o(.text))
<BR><BR>[Stack]<UL><LI>Max Depth = 132<LI>Call Chain = Disp_ShowTitle &rArr; LCD_DrawRectangle &rArr; LCD_DrawLine &rArr; LCD_DrawPoint &rArr; LCD_AddressSet &rArr; LCD_WR_CMD
</UL>
<BR>[Calls]<UL><LI><a href="#[117]">&gt;&gt;</a>&nbsp;&nbsp;&nbsp;LCD_DrawRectangle
</UL>
<BR>[Called By]<UL><LI><a href="#[129]">&gt;&gt;</a>&nbsp;&nbsp;&nbsp;Disp_ShowInfo
</UL>

<P><STRONG><a name="[118]"></a>Disp_UpdateTitle4Status</STRONG> (Thumb, 82 bytes, Stack size 32 bytes, display.o(.text), UNUSED)
<BR><BR>[Calls]<UL><LI><a href="#[109]">&gt;&gt;</a>&nbsp;&nbsp;&nbsp;LCD_ClearRect
<LI><a href="#[10e]">&gt;&gt;</a>&nbsp;&nbsp;&nbsp;Disp_Int2float
<LI><a href="#[f8]">&gt;&gt;</a>&nbsp;&nbsp;&nbsp;strlen
</UL>
<BR>[Called By]<UL><LI><a href="#[188]">&gt;&gt;</a>&nbsp;&nbsp;&nbsp;Disp_ClientRptFmUpdate
</UL>

<P><STRONG><a name="[119]"></a>Disp_UpdateWaterQuality</STRONG> (Thumb, 342 bytes, Stack size 64 bytes, display.o(.text))
<BR><BR>[Stack]<UL><LI>Max Depth = 152<LI>Call Chain = Disp_UpdateWaterQuality &rArr; __aeabi_dmul &rArr; _double_epilogue &rArr; _double_round
</UL>
<BR>[Calls]<UL><LI><a href="#[11a]">&gt;&gt;</a>&nbsp;&nbsp;&nbsp;Disp_SelectFont
<LI><a href="#[11c]">&gt;&gt;</a>&nbsp;&nbsp;&nbsp;__aeabi_fmul
<LI><a href="#[11b]">&gt;&gt;</a>&nbsp;&nbsp;&nbsp;__aeabi_fdiv
<LI><a href="#[11d]">&gt;&gt;</a>&nbsp;&nbsp;&nbsp;__aeabi_f2iz
<LI><a href="#[11e]">&gt;&gt;</a>&nbsp;&nbsp;&nbsp;__aeabi_f2d
<LI><a href="#[120]">&gt;&gt;</a>&nbsp;&nbsp;&nbsp;__aeabi_dmul
<LI><a href="#[11f]">&gt;&gt;</a>&nbsp;&nbsp;&nbsp;__aeabi_dadd
<LI><a href="#[121]">&gt;&gt;</a>&nbsp;&nbsp;&nbsp;__aeabi_d2iz
<LI><a href="#[109]">&gt;&gt;</a>&nbsp;&nbsp;&nbsp;LCD_ClearRect
<LI><a href="#[10e]">&gt;&gt;</a>&nbsp;&nbsp;&nbsp;Disp_Int2float
<LI><a href="#[10f]">&gt;&gt;</a>&nbsp;&nbsp;&nbsp;Disp_Int2floatFormat
<LI><a href="#[f8]">&gt;&gt;</a>&nbsp;&nbsp;&nbsp;strlen
</UL>
<BR>[Called By]<UL><LI><a href="#[185]">&gt;&gt;</a>&nbsp;&nbsp;&nbsp;Disp_ClientRptWQUpdate
<LI><a href="#[122]">&gt;&gt;</a>&nbsp;&nbsp;&nbsp;Disp_ShowWaterQuality
</UL>

<P><STRONG><a name="[122]"></a>Disp_ShowWaterQuality</STRONG> (Thumb, 64 bytes, Stack size 16 bytes, display.o(.text))
<BR><BR>[Stack]<UL><LI>Max Depth = 168<LI>Call Chain = Disp_ShowWaterQuality &rArr; Disp_UpdateWaterQuality &rArr; __aeabi_dmul &rArr; _double_epilogue &rArr; _double_round
</UL>
<BR>[Calls]<UL><LI><a href="#[117]">&gt;&gt;</a>&nbsp;&nbsp;&nbsp;LCD_DrawRectangle
<LI><a href="#[119]">&gt;&gt;</a>&nbsp;&nbsp;&nbsp;Disp_UpdateWaterQuality
</UL>
<BR>[Called By]<UL><LI><a href="#[129]">&gt;&gt;</a>&nbsp;&nbsp;&nbsp;Disp_ShowInfo
</UL>

<P><STRONG><a name="[123]"></a>Disp_UpdateRti4State</STRONG> (Thumb, 132 bytes, Stack size 56 bytes, display.o(.text))
<BR><BR>[Stack]<UL><LI>Max Depth = 144<LI>Call Chain = Disp_UpdateRti4State &rArr; __aeabi_dadd &rArr; _double_epilogue &rArr; _double_round
</UL>
<BR>[Calls]<UL><LI><a href="#[11a]">&gt;&gt;</a>&nbsp;&nbsp;&nbsp;Disp_SelectFont
<LI><a href="#[11e]">&gt;&gt;</a>&nbsp;&nbsp;&nbsp;__aeabi_f2d
<LI><a href="#[11f]">&gt;&gt;</a>&nbsp;&nbsp;&nbsp;__aeabi_dadd
<LI><a href="#[121]">&gt;&gt;</a>&nbsp;&nbsp;&nbsp;__aeabi_d2iz
<LI><a href="#[f8]">&gt;&gt;</a>&nbsp;&nbsp;&nbsp;strlen
<LI><a href="#[104]">&gt;&gt;</a>&nbsp;&nbsp;&nbsp;__2sprintf
</UL>
<BR>[Called By]<UL><LI><a href="#[19a]">&gt;&gt;</a>&nbsp;&nbsp;&nbsp;Disp_DisplayHandleOpsEntry
<LI><a href="#[125]">&gt;&gt;</a>&nbsp;&nbsp;&nbsp;Disp_ShowRti
</UL>

[...]
</UL>

<P><STRONG><a name="[1b6]"></a>sin</STRONG> (Thumb, 150 bytes, Stack size 32 bytes, sin.o(i.sin), UNUSED)
<BR><BR>[Calls]<UL><LI><a href="#[345]">&gt;&gt;</a>&nbsp;&nbsp;&nbsp;__set_errno
<LI><a href="#[33a]">&gt;&gt;</a>&nbsp;&nbsp;&nbsp;__kernel_sin
<LI><a href="#[336]">&gt;&gt;</a>&nbsp;&nbsp;&nbsp;__ieee754_rem_pio2
<LI><a href="#[33e]">&gt;&gt;</a>&nbsp;&nbsp;&nbsp;__mathlib_dbl_invalid
<LI><a href="#[33d]">&gt;&gt;</a>&nbsp;&nbsp;&nbsp;__mathlib_dbl_infnan
<LI><a href="#[338]">&gt;&gt;</a>&nbsp;&nbsp;&nbsp;__kernel_cos
</UL>
<BR>[Called By]<UL><LI><a href="#[1af]">&gt;&gt;</a>&nbsp;&nbsp;&nbsp;Calculation_SpeedArc_Point
</UL>
<P>
<H3>
Local Symbols
</H3>
<P><STRONG><a name="[3b]"></a>AppTaskRoot</STRONG> (Thumb, 50 bytes, Stack size 8 bytes, app.o(.text))
<BR><BR>[Stack]<UL><LI>Max Depth = 168 + Unknown Stack Size
<LI>Call Chain = AppTaskRoot &rArr; VOS_CreateTask &rArr; OSTaskCreateExt &rArr; OS_TCBInit
</UL>
<BR>[Calls]<UL><LI><a href="#[8f]">&gt;&gt;</a>&nbsp;&nbsp;&nbsp;VOS_CreateTask
<LI><a href="#[91]">&gt;&gt;</a>&nbsp;&nbsp;&nbsp;OSTimeDlyHMSM
<LI><a href="#[90]">&gt;&gt;</a>&nbsp;&nbsp;&nbsp;OSTaskNameSet
<LI><a href="#[8e]">&gt;&gt;</a>&nbsp;&nbsp;&nbsp;BSP_Init
<LI><a href="#[86]">&gt;&gt;</a>&nbsp;&nbsp;&nbsp;MainKickoff
</UL>
<BR>[Address Reference Count : 1]<UL><LI> app.o(.text)
</UL>
<P><STRONG><a name="[9f]"></a>USART_IRQCommHandler</STRONG> (Thumb, 208 bytes, Stack size 24 bytes, stm32f10x_it.o(.text))
<BR><BR>[Stack]<UL><LI>Max Depth = 48<LI>Call Chain = USART_IRQCommHandler &rArr; Serial_FillRcvBuf
</UL>
<BR>[Calls]<UL><LI><a href="#[a3]">&gt;&gt;</a>&nbsp;&nbsp;&nbsp;USART_SendData
<LI><a href="#[a1]">&gt;&gt;</a>&nbsp;&nbsp;&nbsp;USART_ReceiveData
<LI><a href="#[a4]">&gt;&gt;</a>&nbsp;&nbsp;&nbsp;USART_ITConfig
<LI><a href="#[a0]">&gt;&gt;</a>&nbsp;&nbsp;&nbsp;USART_GetITStatus
<LI><a href="#[a2]">&gt;&gt;</a>&nbsp;&nbsp;&nbsp;Serial_FillRcvBuf
<LI><a href="#[a5]">&gt;&gt;</a>&nbsp;&nbsp;&nbsp;SerialEnableTx
</UL>
<BR>[Called By]<UL><LI><a href="#[36]">&gt;&gt;</a>&nbsp;&nbsp;&nbsp;USART3_IRQHandler
<LI><a href="#[35]">&gt;&gt;</a>&nbsp;&nbsp;&nbsp;USART2_IRQHandler
</UL>

<P><STRONG><a name="[20f]"></a>cytma_data_proc</STRONG> (Thumb, 184 bytes, Stack size 32 bytes, cytma.o(.text))
<BR><BR>[Stack]<UL><LI>Max Depth = 200 + Unknown Stack Size
<LI>Call Chain = cytma_data_proc &rArr; CYTMA568_Scan &rArr; CYTMA568_RD_Reg &rArr; I2C_ReceiveByte &rArr; SysTick_DelayUs &rArr; OSSchedUnlock &rArr; OS_Sched
</UL>
<BR>[Calls]<UL><LI><a href="#[d8]">&gt;&gt;</a>&nbsp;&nbsp;&nbsp;sys_timeout
<LI><a href="#[20c]">&gt;&gt;</a>&nbsp;&nbsp;&nbsp;CYTMA568_Scan
<LI><a href="#[1fe]">&gt;&gt;</a>&nbsp;&nbsp;&nbsp;touch_report
</UL>
<BR>[Called By]<UL><LI><a href="#[8c]">&gt;&gt;</a>&nbsp;&nbsp;&nbsp;CYTMA_ItfProcess
<LI><a href="#[46]">&gt;&gt;</a>&nbsp;&nbsp;&nbsp;cytma_delay_check_proc
</UL>

<P><STRONG><a name="[46]"></a>cytma_delay_check_proc</STRONG> (Thumb, 2 bytes, Stack size 0 bytes, cytma.o(.text))
<BR><BR>[Stack]<UL><LI>Max Depth = 200 + Unknown Stack Size
<LI>Call Chain = cytma_delay_check_proc &rArr; cytma_data_proc &rArr; CYTMA568_Scan &rArr; CYTMA568_RD_Reg &rArr; I2C_ReceiveByte &rArr; SysTick_DelayUs &rArr; OSSchedUnlock &rArr; OS_Sched
</UL>
<BR>[Calls]<UL><LI><a href="#[20f]">&gt;&gt;</a>&nbsp;&nbsp;&nbsp;cytma_data_proc
</UL>
<BR>[Address Reference Count : 1]<UL><LI> cytma.o(.text)
</UL>
<P><STRONG><a name="[47]"></a>cytma_get_pendown_state</STRONG> (Thumb, 18 bytes, Stack size 8 bytes, cytma.o(.text))
<BR><BR>[Stack]<UL><LI>Max Depth = 16<LI>Call Chain = cytma_get_pendown_state &rArr; stm32_gpio_get_value
</UL>
<BR>[Calls]<UL><LI><a href="#[d3]">&gt;&gt;</a>&nbsp;&nbsp;&nbsp;stm32_gpio_get_value
</UL>
<BR>[Address Reference Count : 1]<UL><LI> cytma.o(.text)
</UL>
<P><STRONG><a name="[22f]"></a>TI2_Config</STRONG> (Thumb, 54 bytes, Stack size 20 bytes, stm32f10x_tim.o(.text), UNUSED)
<BR><BR>[Called By]<UL><LI><a href="#[235]">&gt;&gt;</a>&nbsp;&nbsp;&nbsp;TIM_TIxExternalClockConfig
<LI><a href="#[232]">&gt;&gt;</a>&nbsp;&nbsp;&nbsp;TIM_PWMIConfig
<LI><a href="#[22b]">&gt;&gt;</a>&nbsp;&nbsp;&nbsp;TIM_ICInit
</UL>

<P><STRONG><a name="[22d]"></a>TI1_Config</STRONG> (Thumb, 46 bytes, Stack size 16 bytes, stm32f10x_tim.o(.text), UNUSED)
<BR><BR>[Called By]<UL><LI><a href="#[235]">&gt;&gt;</a>&nbsp;&nbsp;&nbsp;TIM_TIxExternalClockConfig
<LI><a href="#[232]">&gt;&gt;</a>&nbsp;&nbsp;&nbsp;TIM_PWMIConfig
<LI><a href="#[22b]">&gt;&gt;</a>&nbsp;&nbsp;&nbsp;TIM_ICInit
</UL>

<P><STRONG><a name="[24b]"></a>CheckITStatus</STRONG> (Thumb, 12 bytes, Stack size 0 bytes, stm32f10x_can.o(.text))
<BR><BR>[Called By]<UL><LI><a href="#[9b]">&gt;&gt;</a>&nbsp;&nbsp;&nbsp;CAN_GetITStatus
</UL>

<P><STRONG><a name="[24e]"></a>SetSysClockTo72</STRONG> (Thumb, 168 bytes, Stack size 12 bytes, system_stm32f10x.o(.text))
<BR><BR>[Stack]<UL><LI>Max Depth = 12<LI>Call Chain = SetSysClockTo72
</UL>
<BR>[Called By]<UL><LI><a href="#[48]">&gt;&gt;</a>&nbsp;&nbsp;&nbsp;SystemInit
</UL>

<P><STRONG><a name="[3]"></a>stm32_gpiolib_set</STRONG> (Thumb, 16 bytes, Stack size 0 bytes, gpio.o(.text))
<BR>[Address Reference Count : 1]<UL><LI> gpio.o(.data)
</UL>
<P><STRONG><a name="[2]"></a>stm32_gpiolib_get</STRONG> (Thumb, 12 bytes, Stack size 0 bytes, gpio.o(.text))
<BR>[Address Reference Count : 1]<UL><LI> gpio.o(.data)
</UL>
<P><STRONG><a name="[4]"></a>stm32_gpiolib_toggle</STRONG> (Thumb, 14 bytes, Stack size 0 bytes, gpio.o(.text))
<BR>[Address Reference Count : 1]<UL><LI> gpio.o(.data)
</UL>
<P><STRONG><a name="[1]"></a>stm32_gpiolib_setcfg</STRONG> (Thumb, 56 bytes, Stack size 24 bytes, gpio.o(.text))
<BR><BR>[Stack]<UL><LI>Max Depth = 44<LI>Call Chain = stm32_gpiolib_setcfg &rArr; GPIO_Init
</UL>
<BR>[Calls]<UL><LI><a href="#[26b]">&gt;&gt;</a>&nbsp;&nbsp;&nbsp;GPIO_StructInit
<LI><a href="#[1aa]">&gt;&gt;</a>&nbsp;&nbsp;&nbsp;RCC_APB2PeriphClockCmd
<LI><a href="#[1ab]">&gt;&gt;</a>&nbsp;&nbsp;&nbsp;GPIO_Init
</UL>
<BR>[Address Reference Count : 1]<UL><LI> gpio.o(.data)
</UL>
<P><STRONG><a name="[0]"></a>stm32_gpiolib_getcfg</STRONG> (Thumb, 126 bytes, Stack size 16 bytes, gpio.o(.text))
<BR><BR>[Stack]<UL><LI>Max Depth = 16<LI>Call Chain = stm32_gpiolib_getcfg
</UL>
<BR>[Address Reference Count : 1]<UL><LI> gpio.o(.data)
</UL>
<P><STRONG><a name="[26c]"></a>stm32_gpiolib_getchip</STRONG> (Thumb, 22 bytes, Stack size 0 bytes, gpio.o(.text))
<BR><BR>[Called By]<UL><LI><a href="#[d5]">&gt;&gt;</a>&nbsp;&nbsp;&nbsp;stm32_gpio_toggle_value
<LI><a href="#[d0]">&gt;&gt;</a>&nbsp;&nbsp;&nbsp;stm32_gpio_set_value
<LI><a href="#[d3]">&gt;&gt;</a>&nbsp;&nbsp;&nbsp;stm32_gpio_get_value
<LI><a href="#[cf]">&gt;&gt;</a>&nbsp;&nbsp;&nbsp;stm32_gpio_cfgpin
<LI><a href="#[212]">&gt;&gt;</a>&nbsp;&nbsp;&nbsp;stm32_gpio_get_ext_line
<LI><a href="#[211]">&gt;&gt;</a>&nbsp;&nbsp;&nbsp;stm32_gpio_cfg_irq
<LI><a href="#[271]">&gt;&gt;</a>&nbsp;&nbsp;&nbsp;stm32_gpio_enable_irq
<LI><a href="#[26d]">&gt;&gt;</a>&nbsp;&nbsp;&nbsp;stm32_gpio_getcfg
<LI><a href="#[269]">&gt;&gt;</a>&nbsp;&nbsp;&nbsp;stm32_gpio_disable_irq
</UL>

<P><STRONG><a name="[275]"></a>NVIC_SetPriority</STRONG> (Thumb, 32 bytes, Stack size 0 bytes, bsp.o(.text))
<BR><BR>[Called By]<UL><LI><a href="#[274]">&gt;&gt;</a>&nbsp;&nbsp;&nbsp;SysTick_Configuration
</UL>

<P><STRONG><a name="[2ba]"></a>findOffset</STRONG> (Thumb, 40 bytes, Stack size 16 bytes, osal_snv.o(.text))
<BR><BR>[Stack]<UL><LI>Max Depth = 24<LI>Call Chain = findOffset &rArr; HalFlashRead
</UL>
<BR>[Calls]<UL><LI><a href="#[2bb]">&gt;&gt;</a>&nbsp;&nbsp;&nbsp;HalFlashRead
</UL>
<BR>[Called By]<UL><LI><a href="#[2c4]">&gt;&gt;</a>&nbsp;&nbsp;&nbsp;initNV
</UL>

<P><STRONG><a name="[2bc]"></a>erasePage</STRONG> (Thumb, 60 bytes, Stack size 32 bytes, osal_snv.o(.text))
<BR><BR>[Stack]<UL><LI>Max Depth = 60<LI>Call Chain = erasePage &rArr; HalFlashErase &rArr; FLASH_ErasePage &rArr; FLASH_WaitForLastOperation
</UL>
<BR>[Calls]<UL><LI><a href="#[2bb]">&gt;&gt;</a>&nbsp;&nbsp;&nbsp;HalFlashRead
<LI><a href="#[2bd]">&gt;&gt;</a>&nbsp;&nbsp;&nbsp;HalFlashErase
</UL>
<BR>[Called By]<UL><LI><a href="#[2c5]">&gt;&gt;</a>&nbsp;&nbsp;&nbsp;cleanErasedPage
<LI><a href="#[2c4]">&gt;&gt;</a>&nbsp;&nbsp;&nbsp;initNV
<LI><a href="#[2c1]">&gt;&gt;</a>&nbsp;&nbsp;&nbsp;compactPage
</UL>

<P><STRONG><a name="[2be]"></a>verifyWordM</STRONG> (Thumb, 58 bytes, Stack size 24 bytes, osal_snv.o(.text))
<BR><BR>[Stack]<UL><LI>Max Depth = 36<LI>Call Chain = verifyWordM &rArr; memcmp
</UL>
<BR>[Calls]<UL><LI><a href="#[b5]">&gt;&gt;</a>&nbsp;&nbsp;&nbsp;memcmp
<LI><a href="#[2bb]">&gt;&gt;</a>&nbsp;&nbsp;&nbsp;HalFlashRead
</UL>
<BR>[Called By]<UL><LI><a href="#[b2]">&gt;&gt;</a>&nbsp;&nbsp;&nbsp;osal_snv_write
<LI><a href="#[2c3]">&gt;&gt;</a>&nbsp;&nbsp;&nbsp;writeWord
</UL>

<P><STRONG><a name="[2bf]"></a>findItem</STRONG> (Thumb, 84 bytes, Stack size 24 bytes, osal_snv.o(.text))
<BR><BR>[Stack]<UL><LI>Max Depth = 32<LI>Call Chain = findItem &rArr; HalFlashRead
</UL>
<BR>[Calls]<UL><LI><a href="#[2c0]">&gt;&gt;</a>&nbsp;&nbsp;&nbsp;halAssertHandler
<LI><a href="#[2bb]">&gt;&gt;</a>&nbsp;&nbsp;&nbsp;HalFlashRead
</UL>
<BR>[Called By]<UL><LI><a href="#[b2]">&gt;&gt;</a>&nbsp;&nbsp;&nbsp;osal_snv_write
<LI><a href="#[b4]">&gt;&gt;</a>&nbsp;&nbsp;&nbsp;osal_snv_read
<LI><a href="#[2c1]">&gt;&gt;</a>&nbsp;&nbsp;&nbsp;compactPage
</UL>

<P><STRONG><a name="[2c1]"></a>compactPage</STRONG> (Thumb, 228 bytes, Stack size 48 bytes, osal_snv.o(.text))
<BR><BR>[Stack]<UL><LI>Max Depth = 132<LI>Call Chain = compactPage &rArr; setActivePage &rArr; writeWord &rArr; HalFlashWrite &rArr; FLASH_ProgramWord &rArr; FLASH_WaitForLastOperation
</UL>
<BR>[Calls]<UL><LI><a href="#[2c0]">&gt;&gt;</a>&nbsp;&nbsp;&nbsp;halAssertHandler
<LI><a href="#[2bb]">&gt;&gt;</a>&nbsp;&nbsp;&nbsp;HalFlashRead
<LI><a href="#[2c2]">&gt;&gt;</a>&nbsp;&nbsp;&nbsp;setActivePage
<LI><a href="#[2c3]">&gt;&gt;</a>&nbsp;&nbsp;&nbsp;writeWord
<LI><a href="#[2bf]">&gt;&gt;</a>&nbsp;&nbsp;&nbsp;findItem
<LI><a href="#[2bc]">&gt;&gt;</a>&nbsp;&nbsp;&nbsp;erasePage
</UL>
<BR>[Called By]<UL><LI><a href="#[b2]">&gt;&gt;</a>&nbsp;&nbsp;&nbsp;osal_snv_write
<LI><a href="#[2c9]">&gt;&gt;</a>&nbsp;&nbsp;&nbsp;osal_snv_compact
<LI><a href="#[2c4]">&gt;&gt;</a>&nbsp;&nbsp;&nbsp;initNV
</UL>

<P><STRONG><a name="[2c4]"></a>initNV</STRONG> (Thumb, 136 bytes, Stack size 32 bytes, osal_snv.o(.text))
<BR><BR>[Stack]<UL><LI>Max Depth = 164<LI>Call Chain = initNV &rArr; compactPage &rArr; setActivePage &rArr; writeWord &rArr; HalFlashWrite &rArr; FLASH_ProgramWord &rArr; FLASH_WaitForLastOperation
</UL>
<BR>[Calls]<UL><LI><a href="#[2bb]">&gt;&gt;</a>&nbsp;&nbsp;&nbsp;HalFlashRead
<LI><a href="#[2c5]">&gt;&gt;</a>&nbsp;&nbsp;&nbsp;cleanErasedPage
<LI><a href="#[2c2]">&gt;&gt;</a>&nbsp;&nbsp;&nbsp;setActivePage
<LI><a href="#[2c1]">&gt;&gt;</a>&nbsp;&nbsp;&nbsp;compactPage
<LI><a href="#[2bc]">&gt;&gt;</a>&nbsp;&nbsp;&nbsp;erasePage
<LI><a href="#[2ba]">&gt;&gt;</a>&nbsp;&nbsp;&nbsp;findOffset
</UL>
<BR>[Called By]<UL><LI><a href="#[73]">&gt;&gt;</a>&nbsp;&nbsp;&nbsp;osal_snv_init
<LI><a href="#[2c6]">&gt;&gt;</a>&nbsp;&nbsp;&nbsp;osal_snv_reset
</UL>

<P><STRONG><a name="[2c3]"></a>writeWord</STRONG> (Thumb, 50 bytes, Stack size 16 bytes, osal_snv.o(.text))
<BR><BR>[Stack]<UL><LI>Max Depth = 68<LI>Call Chain = writeWord &rArr; HalFlashWrite &rArr; FLASH_ProgramWord &rArr; FLASH_WaitForLastOperation
</UL>
<BR>[Calls]<UL><LI><a href="#[2c8]">&gt;&gt;</a>&nbsp;&nbsp;&nbsp;HalFlashWrite
<LI><a href="#[2be]">&gt;&gt;</a>&nbsp;&nbsp;&nbsp;verifyWordM
</UL>
<BR>[Called By]<UL><LI><a href="#[b2]">&gt;&gt;</a>&nbsp;&nbsp;&nbsp;osal_snv_write
<LI><a href="#[2c7]">&gt;&gt;</a>&nbsp;&nbsp;&nbsp;setXferPage
<LI><a href="#[2c2]">&gt;&gt;</a>&nbsp;&nbsp;&nbsp;setActivePage
<LI><a href="#[2c1]">&gt;&gt;</a>&nbsp;&nbsp;&nbsp;compactPage
</UL>

<P><STRONG><a name="[2c2]"></a>setActivePage</STRONG> (Thumb, 32 bytes, Stack size 16 bytes, osal_snv.o(.text))
<BR><BR>[Stack]<UL><LI>Max Depth = 84<LI>Call Chain = setActivePage &rArr; writeWord &rArr; HalFlashWrite &rArr; FLASH_ProgramWord &rArr; FLASH_WaitForLastOperation
</UL>
<BR>[Calls]<UL><LI><a href="#[2c3]">&gt;&gt;</a>&nbsp;&nbsp;&nbsp;writeWord
</UL>
<BR>[Called By]<UL><LI><a href="#[2c4]">&gt;&gt;</a>&nbsp;&nbsp;&nbsp;initNV
<LI><a href="#[2c1]">&gt;&gt;</a>&nbsp;&nbsp;&nbsp;compactPage
</UL>

<P><STRONG><a name="[2c5]"></a>cleanErasedPage</STRONG> (Thumb, 48 bytes, Stack size 24 bytes, osal_snv.o(.text))
<BR><BR>[Stack]<UL><LI>Max Depth = 84<LI>Call Chain = cleanErasedPage &rArr; erasePage &rArr; HalFlashErase &rArr; FLASH_ErasePage &rArr; FLASH_WaitForLastOperation
</UL>
<BR>[Calls]<UL><LI><a href="#[2bb]">&gt;&gt;</a>&nbsp;&nbsp;&nbsp;HalFlashRead
<LI><a href="#[2bc]">&gt;&gt;</a>&nbsp;&nbsp;&nbsp;erasePage
</UL>
<BR>[Called By]<UL><LI><a href="#[2c4]">&gt;&gt;</a>&nbsp;&nbsp;&nbsp;initNV
</UL>

<P><STRONG><a name="[2c7]"></a>setXferPage</STRONG> (Thumb, 20 bytes, Stack size 8 bytes, osal_snv.o(.text))
<BR><BR>[Stack]<UL><LI>Max Depth = 76<LI>Call Chain = setXferPage &rArr; writeWord &rArr; HalFlashWrite &rArr; FLASH_ProgramWord &rArr; FLASH_WaitForLastOperation
</UL>
<BR>[Calls]<UL><LI><a href="#[2c3]">&gt;&gt;</a>&nbsp;&nbsp;&nbsp;writeWord
</UL>
<BR>[Called By]<UL><LI><a href="#[b2]">&gt;&gt;</a>&nbsp;&nbsp;&nbsp;osal_snv_write
<LI><a href="#[2c9]">&gt;&gt;</a>&nbsp;&nbsp;&nbsp;osal_snv_compact
</UL>

<P><STRONG><a name="[2d4]"></a>OS_SchedNew</STRONG> (Thumb, 34 bytes, Stack size 0 bytes, os_core.o(.text))
<BR><BR>[Called By]<UL><LI><a href="#[4b]">&gt;&gt;</a>&nbsp;&nbsp;&nbsp;OSIntExit
<LI><a href="#[97]">&gt;&gt;</a>&nbsp;&nbsp;&nbsp;OSStart
<LI><a href="#[2d6]">&gt;&gt;</a>&nbsp;&nbsp;&nbsp;OS_Sched
</UL>

<P><STRONG><a name="[2fb]"></a>fillDType</STRONG> (Thumb, 16 bytes, Stack size 8 bytes, sapp.o(.text))
<BR><BR>[Stack]<UL><LI>Max Depth = 8<LI>Call Chain = fillDType
</UL>
<BR>[Calls]<UL><LI><a href="#[b9]">&gt;&gt;</a>&nbsp;&nbsp;&nbsp;__aeabi_memcpy
</UL>
<BR>[Called By]<UL><LI><a href="#[65]">&gt;&gt;</a>&nbsp;&nbsp;&nbsp;SHZNAPP_SerialBootProc
<LI><a href="#[2f8]">&gt;&gt;</a>&nbsp;&nbsp;&nbsp;Config_GetAddress
</UL>

<P><STRONG><a name="[2fa]"></a>fillCanID</STRONG> (Thumb, 18 bytes, Stack size 0 bytes, sapp.o(.text))
<BR><BR>[Called By]<UL><LI><a href="#[65]">&gt;&gt;</a>&nbsp;&nbsp;&nbsp;SHZNAPP_SerialBootProc
<LI><a href="#[2f8]">&gt;&gt;</a>&nbsp;&nbsp;&nbsp;Config_GetAddress
</UL>

<P><STRONG><a name="[2f9]"></a>fillElecID</STRONG> (Thumb, 16 bytes, Stack size 8 bytes, sapp.o(.text))
<BR><BR>[Stack]<UL><LI>Max Depth = 8<LI>Call Chain = fillElecID
</UL>
<BR>[Calls]<UL><LI><a href="#[300]">&gt;&gt;</a>&nbsp;&nbsp;&nbsp;GetDeviceElecId
</UL>
<BR>[Called By]<UL><LI><a href="#[65]">&gt;&gt;</a>&nbsp;&nbsp;&nbsp;SHZNAPP_SerialBootProc
<LI><a href="#[2f8]">&gt;&gt;</a>&nbsp;&nbsp;&nbsp;Config_GetAddress
</UL>

<P><STRONG><a name="[4c]"></a>BtnCheckTimer</STRONG> (Thumb, 12 bytes, Stack size 0 bytes, button.o(.text))
<BR>[Address Reference Count : 1]<UL><LI> button.o(.text)
</UL>
<P><STRONG><a name="[302]"></a>BtnTouchEvent</STRONG> (Thumb, 216 bytes, Stack size 24 bytes, button.o(.text))
<BR><BR>[Stack]<UL><LI>Max Depth = 64 + Unknown Stack Size
<LI>Call Chain = BtnTouchEvent &rArr; sys_timeout &rArr; __sys_timeout
</UL>
<BR>[Calls]<UL><LI><a href="#[d8]">&gt;&gt;</a>&nbsp;&nbsp;&nbsp;sys_timeout
<LI><a href="#[1eb]">&gt;&gt;</a>&nbsp;&nbsp;&nbsp;sys_untimeout
<LI><a href="#[115]">&gt;&gt;</a>&nbsp;&nbsp;&nbsp;DrawBitmap
<LI><a href="#[303]">&gt;&gt;</a>&nbsp;&nbsp;&nbsp;BtnHitTest
<LI><a href="#[304]">&gt;&gt;</a>&nbsp;&nbsp;&nbsp;BtnRestoreNormalState
</UL>
<BR>[Called By]<UL><LI><a href="#[178]">&gt;&gt;</a>&nbsp;&nbsp;&nbsp;BtnTouchEventEntry
</UL>

<P><STRONG><a name="[304]"></a>BtnRestoreNormalState</STRONG> (Thumb, 34 bytes, Stack size 0 bytes, button.o(.text))
<BR><BR>[Stack]<UL><LI>Max Depth = 40<LI>Call Chain = BtnRestoreNormalState &rArr; DrawBitmap
</UL>
<BR>[Calls]<UL><LI><a href="#[115]">&gt;&gt;</a>&nbsp;&nbsp;&nbsp;DrawBitmap
</UL>
<BR>[Called By]<UL><LI><a href="#[302]">&gt;&gt;</a>&nbsp;&nbsp;&nbsp;BtnTouchEvent
</UL>

<P><STRONG><a name="[313]"></a>OS_FlagTaskRdy</STRONG> (Thumb, 72 bytes, Stack size 8 bytes, os_flag.o(.text), UNUSED)
<BR><BR>[Calls]<UL><LI><a href="#[2ec]">&gt;&gt;</a>&nbsp;&nbsp;&nbsp;OS_FlagUnlink
</UL>
<BR>[Called By]<UL><LI><a href="#[31a]">&gt;&gt;</a>&nbsp;&nbsp;&nbsp;OSFlagPost
<LI><a href="#[314]">&gt;&gt;</a>&nbsp;&nbsp;&nbsp;OSFlagDel
</UL>

<P><STRONG><a name="[318]"></a>OS_FlagBlock</STRONG> (Thumb, 86 bytes, Stack size 20 bytes, os_flag.o(.text), UNUSED)
<BR><BR>[Called By]<UL><LI><a href="#[317]">&gt;&gt;</a>&nbsp;&nbsp;&nbsp;OSFlagPend
</UL>

<P><STRONG><a name="[331]"></a>_printf_core</STRONG> (Thumb, 996 bytes, Stack size 104 bytes, printf8.o(i._printf_core), UNUSED)
<BR><BR>[Calls]<UL><LI><a href="#[32a]">&gt;&gt;</a>&nbsp;&nbsp;&nbsp;__aeabi_uldivmod
<LI><a href="#[340]">&gt;&gt;</a>&nbsp;&nbsp;&nbsp;_printf_pre_padding
<LI><a href="#[341]">&gt;&gt;</a>&nbsp;&nbsp;&nbsp;_printf_post_padding
</UL>
<BR>[Called By]<UL><LI><a href="#[332]">&gt;&gt;</a>&nbsp;&nbsp;&nbsp;__0sprintf$8
<LI><a href="#[330]">&gt;&gt;</a>&nbsp;&nbsp;&nbsp;__0printf$8
</UL>

<P><STRONG><a name="[341]"></a>_printf_post_padding</STRONG> (Thumb, 36 bytes, Stack size 24 bytes, printf8.o(i._printf_post_padding), UNUSED)
<BR><BR>[Called By]<UL><LI><a href="#[331]">&gt;&gt;</a>&nbsp;&nbsp;&nbsp;_printf_core
</UL>

<P><STRONG><a name="[340]"></a>_printf_pre_padding</STRONG> (Thumb, 46 bytes, Stack size 24 bytes, printf8.o(i._printf_pre_padding), UNUSED)
<BR><BR>[Called By]<UL><LI><a href="#[331]">&gt;&gt;</a>&nbsp;&nbsp;&nbsp;_printf_core
</UL>

<P><STRONG><a name="[4e]"></a>_sputc</STRONG> (Thumb, 10 bytes, Stack size 0 bytes, printf8.o(i._sputc))
<BR><BR>[Called By]<UL><LI><a href="#[332]">&gt;&gt;</a>&nbsp;&nbsp;&nbsp;__0sprintf$8
</UL>
<BR>[Address Reference Count : 1]<UL><LI> printf8.o(i.__0sprintf$8)
</UL>
<P><STRONG><a name="[33f]"></a>_fp_digits</STRONG> (Thumb, 366 bytes, Stack size 64 bytes, printfa.o(i._fp_digits), UNUSED)
<BR><BR>[Calls]<UL><LI><a href="#[1b3]">&gt;&gt;</a>&nbsp;&nbsp;&nbsp;__aeabi_cdrcmple
<LI><a href="#[120]">&gt;&gt;</a>&nbsp;&nbsp;&nbsp;__aeabi_dmul
<LI><a href="#[11f]">&gt;&gt;</a>&nbsp;&nbsp;&nbsp;__aeabi_dadd
<LI><a href="#[32a]">&gt;&gt;</a>&nbsp;&nbsp;&nbsp;__aeabi_uldivmod
<LI><a href="#[32c]">&gt;&gt;</a>&nbsp;&nbsp;&nbsp;__aeabi_ddiv
<LI><a href="#[32d]">&gt;&gt;</a>&nbsp;&nbsp;&nbsp;__aeabi_d2ulz
</UL>
<BR>[Called By]<UL><LI><a href="#[334]">&gt;&gt;</a>&nbsp;&nbsp;&nbsp;_printf_core
</UL>

<P><STRONG><a name="[334]"></a>_printf_core</STRONG> (Thumb, 1744 bytes, Stack size 136 bytes, printfa.o(i._printf_core), UNUSED)
<BR><BR>[Calls]<UL><LI><a href="#[32a]">&gt;&gt;</a>&nbsp;&nbsp;&nbsp;__aeabi_uldivmod
<LI><a href="#[344]">&gt;&gt;</a>&nbsp;&nbsp;&nbsp;__aeabi_uidivmod
<LI><a href="#[342]">&gt;&gt;</a>&nbsp;&nbsp;&nbsp;_printf_pre_padding
<LI><a href="#[343]">&gt;&gt;</a>&nbsp;&nbsp;&nbsp;_printf_post_padding
<LI><a href="#[33f]">&gt;&gt;</a>&nbsp;&nbsp;&nbsp;_fp_digits
</UL>
<BR>[Called By]<UL><LI><a href="#[335]">&gt;&gt;</a>&nbsp;&nbsp;&nbsp;__0vsprintf
<LI><a href="#[333]">&gt;&gt;</a>&nbsp;&nbsp;&nbsp;__0vprintf
</UL>

<P><STRONG><a name="[343]"></a>_printf_post_padding</STRONG> (Thumb, 36 bytes, Stack size 24 bytes, printfa.o(i._printf_post_padding), UNUSED)
<BR><BR>[Called By]<UL><LI><a href="#[334]">&gt;&gt;</a>&nbsp;&nbsp;&nbsp;_printf_core
</UL>

<P><STRONG><a name="[342]"></a>_printf_pre_padding</STRONG> (Thumb, 46 bytes, Stack size 24 bytes, printfa.o(i._printf_pre_padding), UNUSED)
<BR><BR>[Called By]<UL><LI><a href="#[334]">&gt;&gt;</a>&nbsp;&nbsp;&nbsp;_printf_core
</UL>

<P><STRONG><a name="[4f]"></a>_sputc</STRONG> (Thumb, 10 bytes, Stack size 0 bytes, printfa.o(i._sputc))
<BR><BR>[Called By]<UL><LI><a href="#[335]">&gt;&gt;</a>&nbsp;&nbsp;&nbsp;__0vsprintf
</UL>
<BR>[Address Reference Count : 1]<UL><LI> printfa.o(i.__0vsprintf)
</UL><P>
<H3>
Undefined Global Symbols
</H3><HR></body></html>
